Archive member included because of file (symbol)

/home/z80/programs/code-sourcery/2011.03-42/bin/../lib/gcc/arm-none-eabi/4.5.2/../../../../arm-none-eabi/lib/thumb2/libc.a(lib_a-memset.o)
                              build/obj/syscalls.o (memset)
/home/z80/programs/code-sourcery/2011.03-42/bin/../lib/gcc/arm-none-eabi/4.5.2/../../../../arm-none-eabi/lib/thumb2/libc.a(lib_a-strcasecmp.o)
                              build/obj/shell.o (strcasecmp)
/home/z80/programs/code-sourcery/2011.03-42/bin/../lib/gcc/arm-none-eabi/4.5.2/../../../../arm-none-eabi/lib/thumb2/libc.a(lib_a-strchr.o)
                              build/obj/shell.o (strchr)
/home/z80/programs/code-sourcery/2011.03-42/bin/../lib/gcc/arm-none-eabi/4.5.2/../../../../arm-none-eabi/lib/thumb2/libc.a(lib_a-strspn.o)
                              build/obj/shell.o (strspn)
/home/z80/programs/code-sourcery/2011.03-42/bin/../lib/gcc/arm-none-eabi/4.5.2/../../../../arm-none-eabi/lib/thumb2/libc.a(lib_a-ctype_.o)
                              /home/z80/programs/code-sourcery/2011.03-42/bin/../lib/gcc/arm-none-eabi/4.5.2/../../../../arm-none-eabi/lib/thumb2/libc.a(lib_a-strcasecmp.o) (__ctype_ptr__)

Discarded input sections

 .text          0x00000000        0x0 build/obj/crt0.o
 .data          0x00000000        0x0 build/obj/crt0.o
 .bss           0x00000000        0x0 build/obj/crt0.o
 .text.__early_init
                0x00000000       0x10 build/obj/crt0.o
 .text          0x00000000        0x0 build/obj/vectors.o
 .data          0x00000000        0x0 build/obj/vectors.o
 .bss           0x00000000        0x0 build/obj/vectors.o
 .text          0x00000000        0x0 build/obj/chcore.o
 .data          0x00000000        0x0 build/obj/chcore.o
 .bss           0x00000000        0x0 build/obj/chcore.o
 .text          0x00000000        0x0 build/obj/chcore_v7m.o
 .data          0x00000000        0x0 build/obj/chcore_v7m.o
 .bss           0x00000000        0x0 build/obj/chcore_v7m.o
 .text          0x00000000        0x0 build/obj/nvic.o
 .data          0x00000000        0x0 build/obj/nvic.o
 .bss           0x00000000        0x0 build/obj/nvic.o
 .text.nvicEnableVector
                0x00000000       0x50 build/obj/nvic.o
 .text.nvicDisableVector
                0x00000000       0x40 build/obj/nvic.o
 .text          0x00000000        0x0 build/obj/chsys.o
 .data          0x00000000        0x0 build/obj/chsys.o
 .bss           0x00000000        0x0 build/obj/chsys.o
 .text          0x00000000        0x0 build/obj/chdebug.o
 .data          0x00000000        0x0 build/obj/chdebug.o
 .bss           0x00000000        0x0 build/obj/chdebug.o
 .text.dbg_check_disable
                0x00000000       0x30 build/obj/chdebug.o
 .text.dbg_check_suspend
                0x00000000       0x30 build/obj/chdebug.o
 .text          0x00000000        0x0 build/obj/chlists.o
 .data          0x00000000        0x0 build/obj/chlists.o
 .bss           0x00000000        0x0 build/obj/chlists.o
 .text          0x00000000        0x0 build/obj/chvt.o
 .data          0x00000000        0x0 build/obj/chvt.o
 .bss           0x00000000        0x0 build/obj/chvt.o
 .text.chTimeIsWithin
                0x00000000       0x30 build/obj/chvt.o
 .text          0x00000000        0x0 build/obj/chschd.o
 .data          0x00000000        0x0 build/obj/chschd.o
 .bss           0x00000000        0x0 build/obj/chschd.o
 .text.chSchRescheduleS
                0x00000000       0x30 build/obj/chschd.o
 .text          0x00000000        0x0 build/obj/chthreads.o
 .data          0x00000000        0x0 build/obj/chthreads.o
 .bss           0x00000000        0x0 build/obj/chthreads.o
 .text._thread_memfill
                0x00000000       0x40 build/obj/chthreads.o
 .text.chThdSetPriority
                0x00000000       0x50 build/obj/chthreads.o
 .text.chThdResume
                0x00000000       0x40 build/obj/chthreads.o
 .text.chThdTerminate
                0x00000000       0x30 build/obj/chthreads.o
 .text.chThdSleepUntil
                0x00000000       0x30 build/obj/chthreads.o
 .text.chThdYield
                0x00000000       0x30 build/obj/chthreads.o
 .text.chThdWait
                0x00000000       0x60 build/obj/chthreads.o
 .text          0x00000000        0x0 build/obj/chdynamic.o
 .data          0x00000000        0x0 build/obj/chdynamic.o
 .bss           0x00000000        0x0 build/obj/chdynamic.o
 .text          0x00000000        0x0 build/obj/chregistry.o
 .data          0x00000000        0x0 build/obj/chregistry.o
 .bss           0x00000000        0x0 build/obj/chregistry.o
 .text.chRegFirstThread
                0x00000000       0x30 build/obj/chregistry.o
 .text.chRegNextThread
                0x00000000       0x30 build/obj/chregistry.o
 .text          0x00000000        0x0 build/obj/chsem.o
 .data          0x00000000        0x0 build/obj/chsem.o
 .bss           0x00000000        0x0 build/obj/chsem.o
 .text.chSemInit
                0x00000000       0x30 build/obj/chsem.o
[...]
Memory Configuration

Name             Origin             Length             Attributes
flash            0x08000000         0x00020000
ram              0x20000000         0x00002000
*default*        0x00000000         0xffffffff

Linker script and memory map

LOAD build/obj/crt0.o
LOAD build/obj/vectors.o
LOAD build/obj/chcore.o
LOAD build/obj/chcore_v7m.o
LOAD build/obj/nvic.o
LOAD build/obj/chsys.o
LOAD build/obj/chdebug.o
LOAD build/obj/chlists.o
LOAD build/obj/chvt.o
LOAD build/obj/chschd.o
LOAD build/obj/chthreads.o
LOAD build/obj/chdynamic.o
LOAD build/obj/chregistry.o
LOAD build/obj/chsem.o
LOAD build/obj/chmtx.o
LOAD build/obj/chcond.o
LOAD build/obj/chevents.o
LOAD build/obj/chmsg.o
LOAD build/obj/chmboxes.o
LOAD build/obj/chqueues.o
LOAD build/obj/chmemcore.o
LOAD build/obj/chheap.o
LOAD build/obj/chmempools.o
LOAD build/obj/test.o
LOAD build/obj/testthd.o
LOAD build/obj/testsem.o
LOAD build/obj/testmtx.o
LOAD build/obj/testmsg.o
LOAD build/obj/testmbox.o
LOAD build/obj/testevt.o
LOAD build/obj/testheap.o
LOAD build/obj/testpools.o
LOAD build/obj/testdyn.o
LOAD build/obj/testqueues.o
LOAD build/obj/testbmk.o
LOAD build/obj/hal.o
LOAD build/obj/adc.o
LOAD build/obj/can.o
LOAD build/obj/ext.o
LOAD build/obj/gpt.o
LOAD build/obj/i2c.o
LOAD build/obj/icu.o
LOAD build/obj/mac.o
LOAD build/obj/pal.o
LOAD build/obj/pwm.o
LOAD build/obj/sdc.o
LOAD build/obj/serial.o
LOAD build/obj/spi.o
LOAD build/obj/uart.o
LOAD build/obj/usb.o
LOAD build/obj/tm.o
LOAD build/obj/mmc_spi.o
LOAD build/obj/serial_usb.o
LOAD build/obj/rtc.o
LOAD build/obj/stm32_dma.o
LOAD build/obj/hal_lld.o
LOAD build/obj/adc_lld.o
LOAD build/obj/can_lld.o
LOAD build/obj/ext_lld.o
LOAD build/obj/gpt_lld.o
LOAD build/obj/i2c_lld.o
LOAD build/obj/icu_lld.o
LOAD build/obj/mac_lld.o
LOAD build/obj/pwm_lld.o
LOAD build/obj/serial_lld.o
LOAD build/obj/sdc_lld.o
LOAD build/obj/spi_lld.o
LOAD build/obj/uart_lld.o
LOAD build/obj/pal_lld.o
LOAD build/obj/usb_lld.o
LOAD build/obj/rtc_lld.o
LOAD build/obj/board.o
LOAD build/obj/evtimer.o
LOAD build/obj/syscalls.o
LOAD build/obj/shell.o
LOAD build/obj/chprintf.o
LOAD build/obj/main.o
LOAD build/obj/serial_pipe.o
LOAD build/obj/dac.o
LOAD build/obj/iwdg.o
LOAD build/obj/iwdg_lld.o
START GROUP
LOAD /home/z80/programs/code-sourcery/2011.03-42/bin/../lib/gcc/arm-none-eabi/4.5.2/thumb2/libgcc.a
LOAD /home/z80/programs/code-sourcery/2011.03-42/bin/../lib/gcc/arm-none-eabi/4.5.2/../../../../arm-none-eabi/lib/thumb2/libc.a
END GROUP
                0x00000400                __main_stack_size__ = 0x400
                0x00000400                __process_stack_size__ = 0x400
                0x20000000                __ram_start__ = 0x20000000
                0x00002000                __ram_size__ = 0x2000
                0x20002000                __ram_end__ = (__ram_start__ + __ram_size__)
                0x00000000                . = 0x0
                0x00000000                _text = .

startup         0x08000000       0xec
 *(vectors)
 vectors        0x08000000       0xec build/obj/vectors.o
                0x08000000                _vectors

constructors    0x080000ec        0x0
                0x080000ec                PROVIDE (__init_array_start, .)
 *(SORT(.init_array.*))
 *(.init_array)
                0x080000ec                PROVIDE (__init_array_end, .)

destructors     0x080000ec        0x0
                0x080000ec                PROVIDE (__fini_array_start, .)
 *(.fini_array)
 *(SORT(.fini_array.*))
                0x080000ec                PROVIDE (__fini_array_end, .)

.text           0x080000f0     0x179c
 *(.text.startup.*)
 *(.text)
 *(.text.*)
 .text.__late_init
                0x080000f0       0x10 build/obj/crt0.o
                0x080000f0                __late_init
 .text._default_exit
                0x08000100       0x10 build/obj/crt0.o
                0x08000100                _default_exit
 .text.ResetHandler
                0x08000110      0x1d0 build/obj/crt0.o
                0x08000110                ResetHandler
 .text._unhandled_exception
                0x080002e0       0x10 build/obj/vectors.o
                0x080002e0                Vector58
                0x080002e0                VectorE8
                0x080002e0                Vector9C
                0x080002e0                VectorAC
                0x080002e0                Vector5C
                0x080002e0                NMIVector
                0x080002e0                Vector8C
                0x080002e0                VectorDC
                0x080002e0                VectorC8
                0x080002e0                Vector94
                0x080002e0                VectorA8
                0x080002e0                VectorB4
                0x080002e0                UsageFaultVector
                0x080002e0                DebugMonitorVector
                0x080002e0                Vector40
                0x080002e0                PendSVVector
                0x080002e0                Vector64
                0x080002e0                VectorCC
                0x080002e0                Vector54
                0x080002e0                Vector98
                0x080002e0                VectorD8
                0x080002e0                Vector24
                0x080002e0                BusFaultVector
                0x080002e0                VectorD0
                0x080002e0                VectorE4
                0x080002e0                HardFaultVector
                0x080002e0                VectorE0
                0x080002e0                MemManageVector
                0x080002e0                VectorA0
                0x080002e0                VectorC4
                0x080002e0                VectorB0
                0x080002e0                Vector90
                0x080002e0                Vector60
                0x080002e0                Vector1C
                0x080002e0                Vector48
                0x080002e0                VectorD4
                0x080002e0                Vector4C
                0x080002e0                Vector68
                0x080002e0                _unhandled_exception
                0x080002e0                Vector88
                0x080002e0                Vector50
                0x080002e0                Vector44
                0x080002e0                Vector28
                0x080002e0                VectorB8
                0x080002e0                Vector34
                0x080002e0                VectorA4
                0x080002e0                Vector20
 .text.port_halt
                0x080002f0       0x10 build/obj/chcore.o
                0x080002f0                port_halt
 .text._port_switch_from_isr
                0x08000300       0x10 build/obj/chcore_v7m.o
                0x08000300                _port_switch_from_isr
 .text.SVCallVector
                0x08000310       0x20 build/obj/chcore_v7m.o
                0x08000310                SVCallVector
 .text._port_init
                0x08000330       0x40 build/obj/chcore_v7m.o
                0x08000330                _port_init
 .text._port_irq_epilogue
                0x08000370       0x70 build/obj/chcore_v7m.o
                0x08000370                _port_irq_epilogue
 .text.SysTickVector
                0x080003e0       0x30 build/obj/chcore_v7m.o
                0x080003e0                SysTickVector
 .text._port_switch
                0x08000410       0x10 build/obj/chcore_v7m.o
                0x08000410                _port_switch
 .text._port_thread_start
                0x08000420       0x20 build/obj/chcore_v7m.o
                0x08000420                _port_thread_start
 .text.nvicSetSystemHandlerPriority
                0x08000440       0x30 build/obj/nvic.o
                0x08000440                nvicSetSystemHandlerPriority
 .text._idle_thread
                0x08000470       0x20 build/obj/chsys.o
                0x08000470                _idle_thread
 .text.chSysInit
                0x08000490       0x70 build/obj/chsys.o
                0x08000490                chSysInit
 .text.chSysTimerHandlerI
                0x08000500       0x60 build/obj/chsys.o
                0x08000500                chSysTimerHandlerI
 .text.dbg_check_enable
                0x08000560       0x30 build/obj/chdebug.o
                0x08000560                dbg_check_enable
 .text.dbg_check_lock
                0x08000590       0x40 build/obj/chdebug.o
                0x08000590                dbg_check_lock
 .text.dbg_check_unlock
                0x080005d0       0x40 build/obj/chdebug.o
                0x080005d0                dbg_check_unlock
 .text.dbg_check_lock_from_isr
                0x08000610       0x40 build/obj/chdebug.o
                0x08000610                dbg_check_lock_from_isr
 .text.dbg_check_unlock_from_isr
                0x08000650       0x40 build/obj/chdebug.o
                0x08000650                dbg_check_unlock_from_isr
 .text.dbg_check_enter_isr
                0x08000690       0x40 build/obj/chdebug.o
                0x08000690                dbg_check_enter_isr
 .text.dbg_check_leave_isr
                0x080006d0       0x40 build/obj/chdebug.o
                0x080006d0                dbg_check_leave_isr
 .text.chDbgCheckClassI
                0x08000710       0x30 build/obj/chdebug.o
                0x08000710                chDbgCheckClassI
 .text.chDbgCheckClassS
                0x08000740       0x30 build/obj/chdebug.o
                0x08000740                chDbgCheckClassS
 .text._trace_init
                0x08000770       0x20 build/obj/chdebug.o
                0x08000770                _trace_init
 .text.dbg_trace
                0x08000790       0x50 build/obj/chdebug.o
                0x08000790                dbg_trace
 .text.chDbgPanic
                0x080007e0       0x10 build/obj/chdebug.o
                0x080007e0                chDbgPanic
 .text._vt_init
                0x080007f0       0x20 build/obj/chvt.o
                0x080007f0                _vt_init
 .text.chVTSetI
                0x08000810       0x60 build/obj/chvt.o
                0x08000810                chVTSetI
 .text.chVTResetI
                0x08000870       0x50 build/obj/chvt.o
                0x08000870                chVTResetI
 .text._scheduler_init
                0x080008c0       0x20 build/obj/chschd.o
                0x080008c0                _scheduler_init
 .text.chSchReadyI
                0x080008e0       0x40 build/obj/chschd.o
                0x080008e0                chSchReadyI
 .text.wakeup   0x08000920       0x40 build/obj/chschd.o
 .text.chSchGoSleepS
                0x08000960       0x50 build/obj/chschd.o
                0x08000960                chSchGoSleepS
 .text.chSchGoSleepTimeoutS
                0x080009b0       0x50 build/obj/chschd.o
                0x080009b0                chSchGoSleepTimeoutS
 .text.chSchWakeupS
                0x08000a00       0x60 build/obj/chschd.o
                0x08000a00                chSchWakeupS
 .text.chSchDoReschedule
                0x08000a60       0x50 build/obj/chschd.o
                0x08000a60                chSchDoReschedule
 .text._thread_init
                0x08000ab0       0x50 build/obj/chthreads.o
                0x08000ab0                _thread_init
 .text.chThdCreateI
                0x08000b00       0x80 build/obj/chthreads.o
                0x08000b00                chThdCreateI
 .text.chThdCreateStatic
                0x08000b80       0x90 build/obj/chthreads.o
                0x08000b80                chThdCreateStatic
 .text.chThdSleep
                0x08000c10       0x30 build/obj/chthreads.o
                0x08000c10                chThdSleep
 .text.chThdExitS
                0x08000c40       0x50 build/obj/chthreads.o
                0x08000c40                chThdExitS
 .text.chThdExit
                0x08000c90       0x20 build/obj/chthreads.o
                0x08000c90                chThdExit
 .text.chMtxInit
                0x08000cb0       0x30 build/obj/chmtx.o
                0x08000cb0                chMtxInit
 .text._core_init
                0x08000ce0       0x30 build/obj/chmemcore.o
                0x08000ce0                _core_init
 .text.halInit  0x08000d10       0x30 build/obj/hal.o
                0x08000d10                halInit
 .text.adcInit  0x08000d40       0x10 build/obj/adc.o
                0x08000d40                adcInit
 .text.adcObjectInit
                0x08000d50       0x20 build/obj/adc.o
                0x08000d50                adcObjectInit
 .text.i2cInit  0x08000d70       0x10 build/obj/i2c.o
                0x08000d70                i2cInit
 .text.i2cObjectInit
                0x08000d80       0x10 build/obj/i2c.o
                0x08000d80                i2cObjectInit
 .text.tm_start
                0x08000d90       0x10 build/obj/tm.o
 .text.tm_stop  0x08000da0       0x30 build/obj/tm.o
 .text.tmInit   0x08000dd0       0x40 build/obj/tm.o
                0x08000dd0                tmInit
 .text.Vector6C
                0x08000e10       0x30 build/obj/stm32_dma.o
                0x08000e10                Vector6C
 .text.Vector70
                0x08000e40       0x30 build/obj/stm32_dma.o
                0x08000e40                Vector70
 .text.Vector74
                0x08000e70       0x40 build/obj/stm32_dma.o
                0x08000e70                Vector74
 .text.Vector78
                0x08000eb0       0x40 build/obj/stm32_dma.o
                0x08000eb0                Vector78
 .text.Vector7C
                0x08000ef0       0x40 build/obj/stm32_dma.o
                0x08000ef0                Vector7C
 .text.Vector80
                0x08000f30       0x40 build/obj/stm32_dma.o
                0x08000f30                Vector80
 .text.Vector84
                0x08000f70       0x40 build/obj/stm32_dma.o
                0x08000f70                Vector84
 .text.dmaInit  0x08000fb0       0x60 build/obj/stm32_dma.o
                0x08000fb0                dmaInit
 .text.hal_lld_init
                0x08001010       0xa0 build/obj/hal_lld.o
                0x08001010                hal_lld_init
 .text.stm32_clock_init
                0x080010b0       0x90 build/obj/hal_lld.o
                0x080010b0                stm32_clock_init
 .text.adc_lld_init
                0x08001140       0x70 build/obj/adc_lld.o
                0x08001140                adc_lld_init
 .text.VectorBC
                0x080011b0      0x1c0 build/obj/i2c_lld.o
                0x080011b0                VectorBC
 .text.VectorC0
                0x08001370      0x180 build/obj/i2c_lld.o
                0x08001370                VectorC0
 .text.i2c_lld_init
                0x080014f0       0x30 build/obj/i2c_lld.o
                0x080014f0                i2c_lld_init
 .text._pal_lld_init
                0x08001520       0x70 build/obj/pal_lld.o
                0x08001520                _pal_lld_init
 .text.__early_init
                0x08001590       0x10 build/obj/board.o
                0x08001590                __early_init
 .text.boardInit
                0x080015a0       0x10 build/obj/board.o
                0x080015a0                boardInit
 .text.main     0x080015b0       0x20 build/obj/main.o
                0x080015b0                main
 *(.rodata)
 *(.rodata.*)
 .rodata.str1.4
                0x080015d0        0xd build/obj/chsys.o
                                 0x10 (size before relaxing)
 *fill*         0x080015dd        0x3 00
 .rodata.str1.4
                0x080015e0       0x56 build/obj/chdebug.o
                                 0x58 (size before relaxing)
 *fill*         0x08001636        0xa 00
 .rodata.str1.4
                0x08001640       0x31 build/obj/chvt.o
                                 0x34 (size before relaxing)
 *fill*         0x08001671        0xf 00
 .rodata.str1.4
                0x08001680       0x23 build/obj/chschd.o
                                 0x24 (size before relaxing)
 *fill*         0x080016a3        0xd 00
 .rodata.str1.4
                0x080016b0       0x84 build/obj/chthreads.o
 *fill*         0x08001734        0xc 00
 .rodata.str1.4
                0x08001740       0xac build/obj/chmtx.o
 *fill*         0x080017ec        0x4 00
 .rodata._stm32_dma_streams
                0x080017f0       0x54 build/obj/stm32_dma.o
                0x080017f0                _stm32_dma_streams
 *fill*         0x08001844        0xc 00
 .rodata.pal_default_config
                0x08001850       0x3c build/obj/board.o
                0x08001850                pal_default_config
 *(.glue_7t)
 .glue_7t       0x00000000        0x0 linker stubs
 *(.glue_7)
 .glue_7        0x00000000        0x0 linker stubs
 *(.gcc*)

.vfp11_veneer   0x0800188c        0x0
 .vfp11_veneer  0x00000000        0x0 linker stubs

.v4_bx          0x0800188c        0x0
 .v4_bx         0x00000000        0x0 linker stubs

.ARM.extab
 *(.ARM.extab* .gnu.linkonce.armextab.*)

.ARM.exidx      0x0800188c        0x0
                0x0800188c                PROVIDE (__exidx_start, .)
 *(.ARM.exidx* .gnu.linkonce.armexidx.*)
                0x0800188c                PROVIDE (__exidx_end, .)

.eh_frame_hdr
 *(.eh_frame_hdr)

.eh_frame
 *(.eh_frame)

.textalign      0x0800188c        0x4
                0x08001890                . = ALIGN (0x8)
 *fill*         0x0800188c        0x4 00
                0x08001890                . = ALIGN (0x4)
                0x08001890                _etext = .
                0x08001890                _textdata = _etext

.stacks         0x20000000      0x800
                0x20000000                . = ALIGN (0x8)
                0x20000000                __main_stack_base__ = .
                0x20000400                . = (. + __main_stack_size__)
 *fill*         0x20000000      0x400 00
                0x20000400                . = ALIGN (0x8)
                0x20000400                __main_stack_end__ = .
                0x20000400                __process_stack_base__ = .
                0x20000400                __main_thread_stack_base__ = .
                0x20000800                . = (. + __process_stack_size__)
 *fill*         0x20000400      0x400 00
                0x20000800                . = ALIGN (0x8)
                0x20000800                __process_stack_end__ = .
                0x20000800                __main_thread_stack_end__ = .

.data           0x20000800        0x0 load address 0x08001890
                0x20000800                . = ALIGN (0x4)
                0x20000800                PROVIDE (_data, .)
 *(.data)
                0x20000800                . = ALIGN (0x4)
 *(.data.*)
                0x20000800                . = ALIGN (0x4)
 *(.ramtext)
                0x20000800                . = ALIGN (0x4)
                0x20000800                PROVIDE (_edata, .)

.bss            0x20000800      0x620 load address 0x08001890
                0x20000800                . = ALIGN (0x4)
                0x20000800                PROVIDE (_bss_start, .)
 *(.bss)
                0x20000800                . = ALIGN (0x4)
 *(.bss.*)
 .bss.mainthread.4646
                0x20000800       0x48 build/obj/chsys.o
 .bss._idle_thread_wa
                0x20000848       0xc0 build/obj/chsys.o
                0x20000848                _idle_thread_wa
 .bss.dbg_isr_cnt
                0x20000908        0x4 build/obj/chdebug.o
                0x20000908                dbg_isr_cnt
 .bss.dbg_trace_buffer
                0x2000090c      0x408 build/obj/chdebug.o
                0x2000090c                dbg_trace_buffer
 .bss.dbg_lock_cnt
                0x20000d14        0x4 build/obj/chdebug.o
                0x20000d14                dbg_lock_cnt
 .bss.dbg_panic_msg
                0x20000d18        0x4 build/obj/chdebug.o
                0x20000d18                dbg_panic_msg
 .bss.vtlist    0x20000d1c       0x10 build/obj/chvt.o
                0x20000d1c                vtlist
 .bss.rlist     0x20000d2c       0x20 build/obj/chschd.o
                0x20000d2c                rlist
 .bss.endmem    0x20000d4c        0x4 build/obj/chmemcore.o
 .bss.nextmem   0x20000d50        0x4 build/obj/chmemcore.o
 .bss.measurement_offset
                0x20000d54        0x4 build/obj/tm.o
 .bss.dma_isr_redir
                0x20000d58       0x38 build/obj/stm32_dma.o
 .bss.dma_streams_mask
                0x20000d90        0x4 build/obj/stm32_dma.o
 .bss.ADCD1     0x20000d94       0x34 build/obj/adc_lld.o
                0x20000d94                ADCD1
 .bss.I2CD1     0x20000dc8       0x58 build/obj/i2c_lld.o
                0x20000dc8                I2CD1
                0x20000e20                . = ALIGN (0x4)
 *(COMMON)
                0x20000e20                . = ALIGN (0x4)
                0x20000e20                PROVIDE (_bss_end, .)
                0x20000e20                PROVIDE (end, .)
                0x20000e20                _end = .
                0x20000e20                __heap_base__ = _end
                0x20002000                __heap_end__ = __ram_end__
OUTPUT(build/ch.elf elf32-littlearm)

.debug_abbrev   0x00000000     0x5b12
 .debug_abbrev  0x00000000       0xd9 build/obj/crt0.o
 .debug_abbrev  0x000000d9       0x74 build/obj/vectors.o
 .debug_abbrev  0x0000014d       0x41 build/obj/chcore.o
 .debug_abbrev  0x0000018e      0x1b4 build/obj/chcore_v7m.o
 .debug_abbrev  0x00000342       0xec build/obj/nvic.o
 .debug_abbrev  0x0000042e      0x17c build/obj/chsys.o
 .debug_abbrev  0x000005aa      0x210 build/obj/chdebug.o
 .debug_abbrev  0x000007ba       0x2a build/obj/chlists.o
 .debug_abbrev  0x000007e4      0x13d build/obj/chvt.o
 .debug_abbrev  0x00000921      0x264 build/obj/chschd.o
 .debug_abbrev  0x00000b85      0x2d8 build/obj/chthreads.o
 .debug_abbrev  0x00000e5d       0x2a build/obj/chdynamic.o
 .debug_abbrev  0x00000e87      0x12e build/obj/chregistry.o
 .debug_abbrev  0x00000fb5      0x265 build/obj/chsem.o
 .debug_abbrev  0x0000121a      0x226 build/obj/chmtx.o
 .debug_abbrev  0x00001440      0x22f build/obj/chcond.o
 .debug_abbrev  0x0000166f      0x1c8 build/obj/chevents.o
 .debug_abbrev  0x00001837      0x1ab build/obj/chmsg.o
 .debug_abbrev  0x000019e2      0x1be build/obj/chmboxes.o
 .debug_abbrev  0x00001ba0      0x291 build/obj/chqueues.o
 .debug_abbrev  0x00001e31       0xee build/obj/chmemcore.o
 .debug_abbrev  0x00001f1f       0x2a build/obj/chheap.o
 .debug_abbrev  0x00001f49       0x2a build/obj/chmempools.o
 .debug_abbrev  0x00001f73      0x3c8 build/obj/test.o
 .debug_abbrev  0x0000233b      0x1b3 build/obj/testthd.o
 .debug_abbrev  0x000024ee      0x248 build/obj/testsem.o
 .debug_abbrev  0x00002736      0x294 build/obj/testmtx.o
 .debug_abbrev  0x000029ca      0x164 build/obj/testmsg.o
 .debug_abbrev  0x00002b2e      0x1ac build/obj/testmbox.o
 .debug_abbrev  0x00002cda      0x222 build/obj/testevt.o
 .debug_abbrev  0x00002efc       0x82 build/obj/testheap.o
 .debug_abbrev  0x00002f7e       0x82 build/obj/testpools.o
 .debug_abbrev  0x00003000       0x82 build/obj/testdyn.o
 .debug_abbrev  0x00003082      0x210 build/obj/testqueues.o
 .debug_abbrev  0x00003292      0x2c2 build/obj/testbmk.o
 .debug_abbrev  0x00003554      0x174 build/obj/hal.o
 .debug_abbrev  0x000036c8      0x204 build/obj/adc.o
 .debug_abbrev  0x000038cc       0x4f build/obj/can.o
 .debug_abbrev  0x0000391b       0x4f build/obj/ext.o
 .debug_abbrev  0x0000396a       0x4f build/obj/gpt.o
 .debug_abbrev  0x000039b9      0x24e build/obj/i2c.o
 .debug_abbrev  0x00003c07       0x4f build/obj/icu.o
 .debug_abbrev  0x00003c56       0x4f build/obj/mac.o
 .debug_abbrev  0x00003ca5       0xfc build/obj/pal.o
 .debug_abbrev  0x00003da1       0x4f build/obj/pwm.o
 .debug_abbrev  0x00003df0       0x4f build/obj/sdc.o
 .debug_abbrev  0x00003e3f       0x4f build/obj/serial.o
 .debug_abbrev  0x00003e8e       0x4f build/obj/spi.o
 .debug_abbrev  0x00003edd       0x4f build/obj/uart.o
 .debug_abbrev  0x00003f2c       0x4f build/obj/usb.o
 .debug_abbrev  0x00003f7b      0x169 build/obj/tm.o
 .debug_abbrev  0x000040e4       0x4f build/obj/mmc_spi.o
 .debug_abbrev  0x00004133       0x4f build/obj/serial_usb.o
 .debug_abbrev  0x00004182       0x4f build/obj/rtc.o
 .debug_abbrev  0x000041d1      0x18a build/obj/stm32_dma.o
 .debug_abbrev  0x0000435b       0xf6 build/obj/hal_lld.o
 .debug_abbrev  0x00004451      0x224 build/obj/adc_lld.o
 .debug_abbrev  0x00004675       0x4f build/obj/can_lld.o
 .debug_abbrev  0x000046c4       0x4f build/obj/ext_lld.o
 .debug_abbrev  0x00004713       0x4f build/obj/gpt_lld.o
 .debug_abbrev  0x00004762      0x33b build/obj/i2c_lld.o
 .debug_abbrev  0x00004a9d       0x4f build/obj/icu_lld.o
 .debug_abbrev  0x00004aec       0x4f build/obj/mac_lld.o
 .debug_abbrev  0x00004b3b       0x4f build/obj/pwm_lld.o
 .debug_abbrev  0x00004b8a       0x4f build/obj/serial_lld.o
 .debug_abbrev  0x00004bd9       0x4f build/obj/sdc_lld.o
 .debug_abbrev  0x00004c28       0x4f build/obj/spi_lld.o
 .debug_abbrev  0x00004c77       0x4f build/obj/uart_lld.o
 .debug_abbrev  0x00004cc6      0x129 build/obj/pal_lld.o
 .debug_abbrev  0x00004def       0x4f build/obj/usb_lld.o
 .debug_abbrev  0x00004e3e       0x4f build/obj/rtc_lld.o
 .debug_abbrev  0x00004e8d       0xa9 build/obj/board.o
 .debug_abbrev  0x00004f36      0x151 build/obj/evtimer.o
 .debug_abbrev  0x00005087      0x1b5 build/obj/syscalls.o
 .debug_abbrev  0x0000523c      0x2f5 build/obj/shell.o
 .debug_abbrev  0x00005531      0x153 build/obj/chprintf.o
 .debug_abbrev  0x00005684       0x68 build/obj/main.o
 .debug_abbrev  0x000056ec       0xa1 build/obj/serial_pipe.o
 .debug_abbrev  0x0000578d       0xe9 build/obj/dac.o
 .debug_abbrev  0x00005876      0x138 build/obj/iwdg.o
 .debug_abbrev  0x000059ae      0x164 build/obj/iwdg_lld.o

.debug_info     0x00000000    0x1759c
 .debug_info    0x00000000      0x345 build/obj/crt0.o
 .debug_info    0x00000345       0xb5 build/obj/vectors.o
 .debug_info    0x000003fa       0x8b build/obj/chcore.o
 .debug_info    0x00000485      0x7ee build/obj/chcore_v7m.o
 .debug_info    0x00000c73      0x439 build/obj/nvic.o
 .debug_info    0x000010ac      0x653 build/obj/chsys.o
 .debug_info    0x000016ff      0x97b build/obj/chdebug.o
 .debug_info    0x0000207a       0x73 build/obj/chlists.o
 .debug_info    0x000020ed      0x280 build/obj/chvt.o
 .debug_info    0x0000236d      0x79b build/obj/chschd.o
 .debug_info    0x00002b08      0xb7a build/obj/chthreads.o
 .debug_info    0x00003682       0x73 build/obj/chdynamic.o
 .debug_info    0x000036f5      0x51c build/obj/chregistry.o
 .debug_info    0x00003c11      0x9dc build/obj/chsem.o
 .debug_info    0x000045ed      0x943 build/obj/chmtx.o
 .debug_info    0x00004f30      0x88c build/obj/chcond.o
 .debug_info    0x000057bc      0xc44 build/obj/chevents.o
 .debug_info    0x00006400      0x636 build/obj/chmsg.o
 .debug_info    0x00006a36      0x87d build/obj/chmboxes.o
 .debug_info    0x000072b3      0xb32 build/obj/chqueues.o
 .debug_info    0x00007de5      0x1d8 build/obj/chmemcore.o
 .debug_info    0x00007fbd       0x73 build/obj/chheap.o
 .debug_info    0x00008030       0x73 build/obj/chmempools.o
 .debug_info    0x000080a3      0xfc6 build/obj/test.o
 .debug_info    0x00009069      0x7dd build/obj/testthd.o
 .debug_info    0x00009846      0x97a build/obj/testsem.o
 .debug_info    0x0000a1c0      0xc84 build/obj/testmtx.o
 .debug_info    0x0000ae44      0x5a2 build/obj/testmsg.o
 .debug_info    0x0000b3e6      0xc45 build/obj/testmbox.o
 .debug_info    0x0000c02b      0x8f3 build/obj/testevt.o
 .debug_info    0x0000c91e       0xfd build/obj/testheap.o
 .debug_info    0x0000ca1b       0xfd build/obj/testpools.o
 .debug_info    0x0000cb18       0xfe build/obj/testdyn.o
 .debug_info    0x0000cc16      0xec4 build/obj/testqueues.o
 .debug_info    0x0000dada      0xdc8 build/obj/testbmk.o
 .debug_info    0x0000e8a2      0x2f6 build/obj/hal.o
 .debug_info    0x0000eb98      0xc93 build/obj/adc.o
 .debug_info    0x0000f82b       0x9f build/obj/can.o
 .debug_info    0x0000f8ca       0x9f build/obj/ext.o
 .debug_info    0x0000f969       0x9f build/obj/gpt.o
 .debug_info    0x0000fa08      0xc2e build/obj/i2c.o
 .debug_info    0x00010636       0x9f build/obj/icu.o
 .debug_info    0x000106d5       0x9f build/obj/mac.o
 .debug_info    0x00010774      0x245 build/obj/pal.o
 .debug_info    0x000109b9       0x9f build/obj/pwm.o
 .debug_info    0x00010a58       0x9f build/obj/sdc.o
 .debug_info    0x00010af7       0x9f build/obj/serial.o
 .debug_info    0x00010b96       0x9f build/obj/spi.o
 .debug_info    0x00010c35       0x9f build/obj/uart.o
 .debug_info    0x00010cd4       0x9f build/obj/usb.o
 .debug_info    0x00010d73      0x2a2 build/obj/tm.o
 .debug_info    0x00011015       0x9f build/obj/mmc_spi.o
 .debug_info    0x000110b4       0x9f build/obj/serial_usb.o
 .debug_info    0x00011153       0x9f build/obj/rtc.o
 .debug_info    0x000111f2      0x647 build/obj/stm32_dma.o
 .debug_info    0x00011839      0x3b2 build/obj/hal_lld.o
 .debug_info    0x00011beb      0xbee build/obj/adc_lld.o
 .debug_info    0x000127d9       0x9f build/obj/can_lld.o
 .debug_info    0x00012878       0x9f build/obj/ext_lld.o
 .debug_info    0x00012917       0x9f build/obj/gpt_lld.o
 .debug_info    0x000129b6     0x1489 build/obj/i2c_lld.o
 .debug_info    0x00013e3f       0x9f build/obj/icu_lld.o
 .debug_info    0x00013ede       0x9f build/obj/mac_lld.o
 .debug_info    0x00013f7d       0x9f build/obj/pwm_lld.o
 .debug_info    0x0001401c       0x9f build/obj/serial_lld.o
 .debug_info    0x000140bb       0x9f build/obj/sdc_lld.o
 .debug_info    0x0001415a       0x9f build/obj/spi_lld.o
 .debug_info    0x000141f9       0x9f build/obj/uart_lld.o
 .debug_info    0x00014298      0x39a build/obj/pal_lld.o
 .debug_info    0x00014632       0x9f build/obj/usb_lld.o
 .debug_info    0x000146d1       0x9f build/obj/rtc_lld.o
 .debug_info    0x00014770      0x185 build/obj/board.o
 .debug_info    0x000148f5      0x5c8 build/obj/evtimer.o
 .debug_info    0x00014ebd      0xc31 build/obj/syscalls.o
 .debug_info    0x00015aee      0xc6d build/obj/shell.o
 .debug_info    0x0001675b      0x3fc build/obj/chprintf.o
 .debug_info    0x00016b57       0xd2 build/obj/main.o
 .debug_info    0x00016c29      0x147 build/obj/serial_pipe.o
 .debug_info    0x00016d70      0x33c build/obj/dac.o
 .debug_info    0x000170ac      0x29a build/obj/iwdg.o
 .debug_info    0x00017346      0x256 build/obj/iwdg_lld.o

.debug_line     0x00000000     0x985c
 .debug_line    0x00000000      0x173 build/obj/crt0.o
 .debug_line    0x00000173       0x69 build/obj/vectors.o
 .debug_line    0x000001dc       0x5e build/obj/chcore.o
 .debug_line    0x0000023a      0x229 build/obj/chcore_v7m.o
 .debug_line    0x00000463      0x122 build/obj/nvic.o
 .debug_line    0x00000585      0x1c9 build/obj/chsys.o
 .debug_line    0x0000074e      0x34a build/obj/chdebug.o
 .debug_line    0x00000a98       0x1d build/obj/chlists.o
 .debug_line    0x00000ab5      0x1ba build/obj/chvt.o
 .debug_line    0x00000c6f      0x30e build/obj/chschd.o
 .debug_line    0x00000f7d      0x3eb build/obj/chthreads.o
 .debug_line    0x00001368       0x1d build/obj/chdynamic.o
 .debug_line    0x00001385      0x18d build/obj/chregistry.o
 .debug_line    0x00001512      0x4ba build/obj/chsem.o
 .debug_line    0x000019cc      0x3cf build/obj/chmtx.o
 .debug_line    0x00001d9b      0x2f4 build/obj/chcond.o
 .debug_line    0x0000208f      0x36d build/obj/chevents.o
 .debug_line    0x000023fc      0x1f6 build/obj/chmsg.o
 .debug_line    0x000025f2      0x2fc build/obj/chmboxes.o
 .debug_line    0x000028ee      0x3e8 build/obj/chqueues.o
 .debug_line    0x00002cd6      0x183 build/obj/chmemcore.o
 .debug_line    0x00002e59       0x1d build/obj/chheap.o
 .debug_line    0x00002e76       0x1d build/obj/chmempools.o
 .debug_line    0x00002e93      0x4f7 build/obj/test.o
 .debug_line    0x0000338a      0x211 build/obj/testthd.o
 .debug_line    0x0000359b      0x308 build/obj/testsem.o
 .debug_line    0x000038a3      0x4b0 build/obj/testmtx.o
 .debug_line    0x00003d53      0x19d build/obj/testmsg.o
 .debug_line    0x00003ef0      0x2cc build/obj/testmbox.o
 .debug_line    0x000041bc      0x2ab build/obj/testevt.o
 .debug_line    0x00004467       0x4b build/obj/testheap.o
 .debug_line    0x000044b2       0x4c build/obj/testpools.o
 .debug_line    0x000044fe       0x4a build/obj/testdyn.o
 .debug_line    0x00004548      0x484 build/obj/testqueues.o
 .debug_line    0x000049cc      0x5fa build/obj/testbmk.o
 .debug_line    0x00004fc6      0x243 build/obj/hal.o
 .debug_line    0x00005209      0x418 build/obj/adc.o
 .debug_line    0x00005621       0xde build/obj/can.o
 .debug_line    0x000056ff       0xde build/obj/ext.o
 .debug_line    0x000057dd       0xde build/obj/gpt.o
 .debug_line    0x000058bb      0x42f build/obj/i2c.o
 .debug_line    0x00005cea       0xde build/obj/icu.o
 .debug_line    0x00005dc8       0xde build/obj/mac.o
 .debug_line    0x00005ea6      0x205 build/obj/pal.o
 .debug_line    0x000060ab       0xde build/obj/pwm.o
 .debug_line    0x00006189       0xde build/obj/sdc.o
 .debug_line    0x00006267       0xde build/obj/serial.o
 .debug_line    0x00006345       0xde build/obj/spi.o
 .debug_line    0x00006423       0xde build/obj/uart.o
 .debug_line    0x00006501       0xde build/obj/usb.o
 .debug_line    0x000065df      0x20d build/obj/tm.o
 .debug_line    0x000067ec       0xde build/obj/mmc_spi.o
 .debug_line    0x000068ca       0xde build/obj/serial_usb.o
 .debug_line    0x000069a8       0xde build/obj/rtc.o
 .debug_line    0x00006a86      0x2a8 build/obj/stm32_dma.o
 .debug_line    0x00006d2e      0x1dd build/obj/hal_lld.o
 .debug_line    0x00006f0b      0x3d5 build/obj/adc_lld.o
 .debug_line    0x000072e0       0xde build/obj/can_lld.o
 .debug_line    0x000073be       0xde build/obj/ext_lld.o
 .debug_line    0x0000749c       0xde build/obj/gpt_lld.o
 .debug_line    0x0000757a      0x694 build/obj/i2c_lld.o
 .debug_line    0x00007c0e       0xde build/obj/icu_lld.o
 .debug_line    0x00007cec       0xde build/obj/mac_lld.o
 .debug_line    0x00007dca       0xde build/obj/pwm_lld.o
 .debug_line    0x00007ea8       0xde build/obj/serial_lld.o
 .debug_line    0x00007f86       0xde build/obj/sdc_lld.o
 .debug_line    0x00008064       0xde build/obj/spi_lld.o
 .debug_line    0x00008142       0xde build/obj/uart_lld.o
 .debug_line    0x00008220      0x227 build/obj/pal_lld.o
 .debug_line    0x00008447       0xde build/obj/usb_lld.o
 .debug_line    0x00008525       0xde build/obj/rtc_lld.o
 .debug_line    0x00008603      0x14e build/obj/board.o
 .debug_line    0x00008751      0x1b8 build/obj/evtimer.o
 .debug_line    0x00008909      0x1f0 build/obj/syscalls.o
 .debug_line    0x00008af9      0x3a3 build/obj/shell.o
 .debug_line    0x00008e9c      0x33d build/obj/chprintf.o
 .debug_line    0x000091d9      0x134 build/obj/main.o
 .debug_line    0x0000930d       0x93 build/obj/serial_pipe.o
 .debug_line    0x000093a0      0x197 build/obj/dac.o
 .debug_line    0x00009537      0x198 build/obj/iwdg.o
 .debug_line    0x000096cf      0x18d build/obj/iwdg_lld.o

.debug_loc      0x00000000     0x9c20
 .debug_loc     0x00000000       0x72 build/obj/crt0.o
 .debug_loc     0x00000072      0x11b build/obj/chcore_v7m.o
 .debug_loc     0x0000018d      0x10a build/obj/nvic.o
 .debug_loc     0x00000297       0xbc build/obj/chsys.o
 .debug_loc     0x00000353      0x1fa build/obj/chdebug.o
 .debug_loc     0x0000054d      0x14e build/obj/chvt.o
 .debug_loc     0x0000069b      0x298 build/obj/chschd.o
 .debug_loc     0x00000933      0x6a3 build/obj/chthreads.o
 .debug_loc     0x00000fd6       0xdc build/obj/chregistry.o
 .debug_loc     0x000010b2      0x6a0 build/obj/chsem.o
 .debug_loc     0x00001752      0x5d0 build/obj/chmtx.o
 .debug_loc     0x00001d22      0x576 build/obj/chcond.o
 .debug_loc     0x00002298      0x9aa build/obj/chevents.o
 .debug_loc     0x00002c42      0x1d1 build/obj/chmsg.o
 .debug_loc     0x00002e13      0x615 build/obj/chmboxes.o
 .debug_loc     0x00003428      0x6f6 build/obj/chqueues.o
 .debug_loc     0x00003b1e       0xed build/obj/chmemcore.o
 .debug_loc     0x00003c0b      0x607 build/obj/test.o
 .debug_loc     0x00004212      0x1e8 build/obj/testthd.o
 .debug_loc     0x000043fa      0x359 build/obj/testsem.o
 .debug_loc     0x00004753      0x677 build/obj/testmtx.o
 .debug_loc     0x00004dca       0xe0 build/obj/testmsg.o
 .debug_loc     0x00004eaa      0x767 build/obj/testmbox.o
 .debug_loc     0x00005611      0x249 build/obj/testevt.o
 .debug_loc     0x0000585a      0x89c build/obj/testqueues.o
 .debug_loc     0x000060f6      0x652 build/obj/testbmk.o
 .debug_loc     0x00006748       0x5c build/obj/hal.o
 .debug_loc     0x000067a4      0x482 build/obj/adc.o
 .debug_loc     0x00006c26      0x4a4 build/obj/i2c.o
 .debug_loc     0x000070ca       0xf6 build/obj/pal.o
 .debug_loc     0x000071c0       0x77 build/obj/tm.o
 .debug_loc     0x00007237      0x2ae build/obj/stm32_dma.o
 .debug_loc     0x000074e5       0x20 build/obj/hal_lld.o
 .debug_loc     0x00007505      0x321 build/obj/adc_lld.o
 .debug_loc     0x00007826      0xb3d build/obj/i2c_lld.o
 .debug_loc     0x00008363      0x511 build/obj/pal_lld.o
 .debug_loc     0x00008874      0x12f build/obj/evtimer.o
 .debug_loc     0x000089a3      0x15b build/obj/syscalls.o
 .debug_loc     0x00008afe      0x674 build/obj/shell.o
 .debug_loc     0x00009172      0x779 build/obj/chprintf.o
 .debug_loc     0x000098eb       0x20 build/obj/main.o
 .debug_loc     0x0000990b      0x1ca build/obj/serial_pipe.o
 .debug_loc     0x00009ad5       0x20 build/obj/dac.o
 .debug_loc     0x00009af5       0xe6 build/obj/iwdg.o
 .debug_loc     0x00009bdb       0x45 build/obj/iwdg_lld.o

.debug_pubnames
                0x00000000     0x171d
 .debug_pubnames
                0x00000000       0x56 build/obj/crt0.o
 .debug_pubnames
                0x00000056       0x38 build/obj/vectors.o
 .debug_pubnames
                0x0000008e       0x20 build/obj/chcore.o
 .debug_pubnames
                0x000000ae       0x9d build/obj/chcore_v7m.o
 .debug_pubnames
                0x0000014b       0x5e build/obj/nvic.o
 .debug_pubnames
                0x000001a9       0x5c build/obj/chsys.o
 .debug_pubnames
                0x00000205      0x184 build/obj/chdebug.o
 .debug_pubnames
                0x00000389       0x59 build/obj/chvt.o
 .debug_pubnames
                0x000003e2       0xa7 build/obj/chschd.o
 .debug_pubnames
                0x00000489       0xf3 build/obj/chthreads.o
 .debug_pubnames
                0x0000057c       0x3b build/obj/chregistry.o
 .debug_pubnames
                0x000005b7       0xd1 build/obj/chsem.o
 .debug_pubnames
                0x00000688       0x94 build/obj/chmtx.o
 .debug_pubnames
                0x0000071c       0xb9 build/obj/chcond.o
 .debug_pubnames
                0x000007d5      0x14b build/obj/chevents.o
 .debug_pubnames
                0x00000920       0x3f build/obj/chmsg.o
 .debug_pubnames
                0x0000095f       0xba build/obj/chmboxes.o
 .debug_pubnames
                0x00000a19       0xb3 build/obj/chqueues.o
 .debug_pubnames
                0x00000acc       0x53 build/obj/chmemcore.o
 .debug_pubnames
                0x00000b1f      0x158 build/obj/test.o
 .debug_pubnames
                0x00000c77       0x55 build/obj/testthd.o
 .debug_pubnames
                0x00000ccc       0x55 build/obj/testsem.o
 .debug_pubnames
                0x00000d21       0x89 build/obj/testmtx.o
 .debug_pubnames
                0x00000daa       0x2e build/obj/testmsg.o
 .debug_pubnames
                0x00000dd8       0x30 build/obj/testmbox.o
 .debug_pubnames
                0x00000e08       0x48 build/obj/testevt.o
 .debug_pubnames
                0x00000e50       0x22 build/obj/testheap.o
 .debug_pubnames
                0x00000e72       0x23 build/obj/testpools.o
 .debug_pubnames
                0x00000e95       0x21 build/obj/testdyn.o
 .debug_pubnames
                0x00000eb6       0x44 build/obj/testqueues.o
 .debug_pubnames
                0x00000efa       0xda build/obj/testbmk.o
 .debug_pubnames
                0x00000fd4       0x48 build/obj/hal.o
 .debug_pubnames
                0x0000101c       0xd8 build/obj/adc.o
 .debug_pubnames
                0x000010f4       0xcd build/obj/i2c.o
 .debug_pubnames
                0x000011c1       0x43 build/obj/pal.o
 .debug_pubnames
                0x00001204       0x2e build/obj/tm.o
 .debug_pubnames
                0x00001232       0xbb build/obj/stm32_dma.o
 .debug_pubnames
                0x000012ed       0x38 build/obj/hal_lld.o
 .debug_pubnames
                0x00001325       0x89 build/obj/adc_lld.o
 .debug_pubnames
                0x000013ae       0xce build/obj/i2c_lld.o
 .debug_pubnames
                0x0000147c       0x3e build/obj/pal_lld.o
 .debug_pubnames
                0x000014ba       0x48 build/obj/board.o
 .debug_pubnames
                0x00001502       0x2b build/obj/evtimer.o
 .debug_pubnames
                0x0000152d       0x6c build/obj/syscalls.o
 .debug_pubnames
                0x00001599       0x5c build/obj/shell.o
 .debug_pubnames
                0x000015f5       0x1f build/obj/chprintf.o
 .debug_pubnames
                0x00001614       0x1b build/obj/main.o
 .debug_pubnames
                0x0000162f       0x36 build/obj/serial_pipe.o
 .debug_pubnames
                0x00001665       0x29 build/obj/dac.o
 .debug_pubnames
                0x0000168e       0x3b build/obj/iwdg.o
 .debug_pubnames
                0x000016c9       0x54 build/obj/iwdg_lld.o

.debug_pubtypes
                0x00000000     0x391a
 .debug_pubtypes
                0x00000000       0x44 build/obj/crt0.o
 .debug_pubtypes
                0x00000044       0x12 build/obj/vectors.o
 .debug_pubtypes
                0x00000056       0x12 build/obj/chcore.o
 .debug_pubtypes
                0x00000068      0x13e build/obj/chcore_v7m.o
 .debug_pubtypes
                0x000001a6       0x38 build/obj/nvic.o
 .debug_pubtypes
                0x000001de      0x16d build/obj/chsys.o
 .debug_pubtypes
                0x0000034b      0x18a build/obj/chdebug.o
 .debug_pubtypes
                0x000004d5       0x12 build/obj/chlists.o
 .debug_pubtypes
                0x000004e7       0x7e build/obj/chvt.o
 .debug_pubtypes
                0x00000565      0x172 build/obj/chschd.o
 .debug_pubtypes
                0x000006d7      0x178 build/obj/chthreads.o
 .debug_pubtypes
                0x0000084f       0x12 build/obj/chdynamic.o
 .debug_pubtypes
                0x00000861      0x127 build/obj/chregistry.o
 .debug_pubtypes
                0x00000988      0x143 build/obj/chsem.o
 .debug_pubtypes
                0x00000acb      0x132 build/obj/chmtx.o
 .debug_pubtypes
                0x00000bfd      0x13f build/obj/chcond.o
 .debug_pubtypes
                0x00000d3c      0x189 build/obj/chevents.o
 .debug_pubtypes
                0x00000ec5      0x127 build/obj/chmsg.o
 .debug_pubtypes
                0x00000fec      0x141 build/obj/chmboxes.o
 .debug_pubtypes
                0x0000112d      0x18c build/obj/chqueues.o
 .debug_pubtypes
                0x000012b9       0x36 build/obj/chmemcore.o
 .debug_pubtypes
                0x000012ef       0x12 build/obj/chheap.o
 .debug_pubtypes
                0x00001301       0x12 build/obj/chmempools.o
 .debug_pubtypes
                0x00001313      0x1b8 build/obj/test.o
 .debug_pubtypes
                0x000014cb      0x16e build/obj/testthd.o
 .debug_pubtypes
                0x00001639      0x19e build/obj/testsem.o
 .debug_pubtypes
                0x000017d7      0x191 build/obj/testmtx.o
 .debug_pubtypes
                0x00001968      0x134 build/obj/testmsg.o
 .debug_pubtypes
                0x00001a9c      0x15f build/obj/testmbox.o
 .debug_pubtypes
                0x00001bfb      0x1d0 build/obj/testevt.o
 .debug_pubtypes
                0x00001dcb       0x1f build/obj/testheap.o
 .debug_pubtypes
                0x00001dea       0x1f build/obj/testpools.o
 .debug_pubtypes
                0x00001e09       0x1f build/obj/testdyn.o
 .debug_pubtypes
                0x00001e28      0x1aa build/obj/testqueues.o
 .debug_pubtypes
                0x00001fd2      0x1d4 build/obj/testbmk.o
 .debug_pubtypes
                0x000021a6       0x76 build/obj/hal.o
 .debug_pubtypes
                0x0000221c      0x238 build/obj/adc.o
 .debug_pubtypes
                0x00002454       0x1e build/obj/can.o
 .debug_pubtypes
                0x00002472       0x1e build/obj/ext.o
 .debug_pubtypes
                0x00002490       0x1e build/obj/gpt.o
 .debug_pubtypes
                0x000024ae      0x1ef build/obj/i2c.o
 .debug_pubtypes
                0x0000269d       0x1e build/obj/icu.o
 .debug_pubtypes
                0x000026bb       0x1e build/obj/mac.o
 .debug_pubtypes
                0x000026d9       0x84 build/obj/pal.o
 .debug_pubtypes
                0x0000275d       0x1e build/obj/pwm.o
 .debug_pubtypes
                0x0000277b       0x1e build/obj/sdc.o
 .debug_pubtypes
                0x00002799       0x1e build/obj/serial.o
 .debug_pubtypes
                0x000027b7       0x1e build/obj/spi.o
 .debug_pubtypes
                0x000027d5       0x1e build/obj/uart.o
 .debug_pubtypes
                0x000027f3       0x1e build/obj/usb.o
 .debug_pubtypes
                0x00002811       0x6e build/obj/tm.o
 .debug_pubtypes
                0x0000287f       0x1e build/obj/mmc_spi.o
 .debug_pubtypes
                0x0000289d       0x1e build/obj/serial_usb.o
 .debug_pubtypes
                0x000028bb       0x1e build/obj/rtc.o
 .debug_pubtypes
                0x000028d9       0xce build/obj/stm32_dma.o
 .debug_pubtypes
                0x000029a7       0x93 build/obj/hal_lld.o
 .debug_pubtypes
                0x00002a3a      0x243 build/obj/adc_lld.o
 .debug_pubtypes
                0x00002c7d       0x1e build/obj/can_lld.o
 .debug_pubtypes
                0x00002c9b       0x1e build/obj/ext_lld.o
 .debug_pubtypes
                0x00002cb9       0x1e build/obj/gpt_lld.o
 .debug_pubtypes
                0x00002cd7      0x26d build/obj/i2c_lld.o
 .debug_pubtypes
                0x00002f44       0x1e build/obj/icu_lld.o
 .debug_pubtypes
                0x00002f62       0x1e build/obj/mac_lld.o
 .debug_pubtypes
                0x00002f80       0x1e build/obj/pwm_lld.o
 .debug_pubtypes
                0x00002f9e       0x1e build/obj/serial_lld.o
 .debug_pubtypes
                0x00002fbc       0x1e build/obj/sdc_lld.o
 .debug_pubtypes
                0x00002fda       0x1e build/obj/spi_lld.o
 .debug_pubtypes
                0x00002ff8       0x1e build/obj/uart_lld.o
 .debug_pubtypes
                0x00003016       0xaa build/obj/pal_lld.o
 .debug_pubtypes
                0x000030c0       0x1e build/obj/usb_lld.o
 .debug_pubtypes
                0x000030de       0x1e build/obj/rtc_lld.o
 .debug_pubtypes
                0x000030fc       0x50 build/obj/board.o
 .debug_pubtypes
                0x0000314c      0x18e build/obj/evtimer.o
 .debug_pubtypes
                0x000032da      0x19b build/obj/syscalls.o
 .debug_pubtypes
                0x00003475      0x20e build/obj/shell.o
 .debug_pubtypes
                0x00003683       0xb5 build/obj/chprintf.o
 .debug_pubtypes
                0x00003738       0x39 build/obj/main.o
 .debug_pubtypes
                0x00003771       0x85 build/obj/dac.o
 .debug_pubtypes
                0x000037f6       0x92 build/obj/iwdg.o
 .debug_pubtypes
                0x00003888       0x92 build/obj/iwdg_lld.o

.debug_aranges  0x00000000      0xf00
 .debug_aranges
                0x00000000       0x38 build/obj/crt0.o
 .debug_aranges
                0x00000038       0x20 build/obj/vectors.o
 .debug_aranges
                0x00000058       0x20 build/obj/chcore.o
 .debug_aranges
                0x00000078       0x50 build/obj/chcore_v7m.o
 .debug_aranges
                0x000000c8       0x30 build/obj/nvic.o
 .debug_aranges
                0x000000f8       0x30 build/obj/chsys.o
 .debug_aranges
                0x00000128       0x88 build/obj/chdebug.o
 .debug_aranges
                0x000001b0       0x38 build/obj/chvt.o
 .debug_aranges
                0x000001e8       0x58 build/obj/chschd.o
 .debug_aranges
                0x00000240       0x80 build/obj/chthreads.o
 .debug_aranges
                0x000002c0       0x28 build/obj/chregistry.o
 .debug_aranges
                0x000002e8       0x70 build/obj/chsem.o
 .debug_aranges
                0x00000358       0x58 build/obj/chmtx.o
 .debug_aranges
                0x000003b0       0x60 build/obj/chcond.o
 .debug_aranges
                0x00000410       0x90 build/obj/chevents.o
 .debug_aranges
                0x000004a0       0x30 build/obj/chmsg.o
 .debug_aranges
                0x000004d0       0x70 build/obj/chmboxes.o
 .debug_aranges
                0x00000540       0x70 build/obj/chqueues.o
 .debug_aranges
                0x000005b0       0x38 build/obj/chmemcore.o
 .debug_aranges
                0x000005e8       0x98 build/obj/test.o
 .debug_aranges
                0x00000680       0x40 build/obj/testthd.o
 .debug_aranges
                0x000006c0       0x70 build/obj/testsem.o
 .debug_aranges
                0x00000730      0x108 build/obj/testmtx.o
 .debug_aranges
                0x00000838       0x28 build/obj/testmsg.o
 .debug_aranges
                0x00000860       0x28 build/obj/testmbox.o
 .debug_aranges
                0x00000888       0x70 build/obj/testevt.o
 .debug_aranges
                0x000008f8       0x50 build/obj/testqueues.o
 .debug_aranges
                0x00000948       0xd0 build/obj/testbmk.o
 .debug_aranges
                0x00000a18       0x30 build/obj/hal.o
 .debug_aranges
                0x00000a48       0x70 build/obj/adc.o
 .debug_aranges
                0x00000ab8       0x68 build/obj/i2c.o
 .debug_aranges
                0x00000b20       0x30 build/obj/pal.o
 .debug_aranges
                0x00000b50       0x38 build/obj/tm.o
 .debug_aranges
                0x00000b88       0x68 build/obj/stm32_dma.o
 .debug_aranges
                0x00000bf0       0x28 build/obj/hal_lld.o
 .debug_aranges
                0x00000c18       0x48 build/obj/adc_lld.o
 .debug_aranges
                0x00000c60       0x78 build/obj/i2c_lld.o
 .debug_aranges
                0x00000cd8       0x28 build/obj/pal_lld.o
 .debug_aranges
                0x00000d00       0x28 build/obj/board.o
 .debug_aranges
                0x00000d28       0x30 build/obj/evtimer.o
 .debug_aranges
                0x00000d58       0x50 build/obj/syscalls.o
 .debug_aranges
                0x00000da8       0x60 build/obj/shell.o
 .debug_aranges
                0x00000e08       0x28 build/obj/chprintf.o
 .debug_aranges
                0x00000e30       0x20 build/obj/main.o
 .debug_aranges
                0x00000e50       0x28 build/obj/serial_pipe.o
 .debug_aranges
                0x00000e78       0x28 build/obj/dac.o
 .debug_aranges
                0x00000ea0       0x30 build/obj/iwdg.o
 .debug_aranges
                0x00000ed0       0x30 build/obj/iwdg_lld.o

.debug_ranges   0x00000000     0x1a98
 .debug_ranges  0x00000000       0x58 build/obj/crt0.o
 .debug_ranges  0x00000058       0x10 build/obj/vectors.o
 .debug_ranges  0x00000068       0x10 build/obj/chcore.o
 .debug_ranges  0x00000078       0x58 build/obj/chcore_v7m.o
 .debug_ranges  0x000000d0       0x20 build/obj/nvic.o
 .debug_ranges  0x000000f0       0x20 build/obj/chsys.o
 .debug_ranges  0x00000110       0xf0 build/obj/chdebug.o
 .debug_ranges  0x00000200       0x28 build/obj/chvt.o
 .debug_ranges  0x00000228      0x158 build/obj/chschd.o
 .debug_ranges  0x00000380      0x130 build/obj/chthreads.o
 .debug_ranges  0x000004b0       0x30 build/obj/chregistry.o
 .debug_ranges  0x000004e0      0x268 build/obj/chsem.o
 .debug_ranges  0x00000748      0x2c0 build/obj/chmtx.o
 .debug_ranges  0x00000a08      0x120 build/obj/chcond.o
 .debug_ranges  0x00000b28       0xb0 build/obj/chevents.o
 .debug_ranges  0x00000bd8       0x70 build/obj/chmsg.o
 .debug_ranges  0x00000c48       0xa8 build/obj/chmboxes.o
 .debug_ranges  0x00000cf0       0xa8 build/obj/chqueues.o
 .debug_ranges  0x00000d98       0x40 build/obj/chmemcore.o
 .debug_ranges  0x00000dd8      0x110 build/obj/test.o
 .debug_ranges  0x00000ee8       0x48 build/obj/testthd.o
 .debug_ranges  0x00000f30       0xa8 build/obj/testsem.o
 .debug_ranges  0x00000fd8      0x110 build/obj/testmtx.o
 .debug_ranges  0x000010e8       0x18 build/obj/testmsg.o
 .debug_ranges  0x00001100       0x18 build/obj/testmbox.o
 .debug_ranges  0x00001118       0x60 build/obj/testevt.o
 .debug_ranges  0x00001178       0xf0 build/obj/testqueues.o
 .debug_ranges  0x00001268       0xd8 build/obj/testbmk.o
 .debug_ranges  0x00001340       0x20 build/obj/hal.o
 .debug_ranges  0x00001360       0x78 build/obj/adc.o
 .debug_ranges  0x000013d8       0x58 build/obj/i2c.o
 .debug_ranges  0x00001430       0x20 build/obj/pal.o
 .debug_ranges  0x00001450       0x50 build/obj/tm.o
 .debug_ranges  0x000014a0       0x58 build/obj/stm32_dma.o
 .debug_ranges  0x000014f8       0x30 build/obj/hal_lld.o
 .debug_ranges  0x00001528       0x70 build/obj/adc_lld.o
 .debug_ranges  0x00001598      0x2f0 build/obj/i2c_lld.o
 .debug_ranges  0x00001888       0x18 build/obj/pal_lld.o
 .debug_ranges  0x000018a0       0x18 build/obj/board.o
 .debug_ranges  0x000018b8       0x68 build/obj/evtimer.o
 .debug_ranges  0x00001920       0x40 build/obj/syscalls.o
 .debug_ranges  0x00001960       0xa0 build/obj/shell.o
 .debug_ranges  0x00001a00       0x18 build/obj/chprintf.o
 .debug_ranges  0x00001a18       0x10 build/obj/main.o
 .debug_ranges  0x00001a28       0x18 build/obj/serial_pipe.o
 .debug_ranges  0x00001a40       0x18 build/obj/dac.o
 .debug_ranges  0x00001a58       0x20 build/obj/iwdg.o
 .debug_ranges  0x00001a78       0x20 build/obj/iwdg_lld.o

.debug_str      0x00000000     0x3731
 .debug_str     0x00000000      0x1d7 build/obj/crt0.o
                                0x210 (size before relaxing)
 .debug_str     0x000001d7       0x57 build/obj/vectors.o
                                0x11e (size before relaxing)
 .debug_str     0x0000022e       0x38 build/obj/chcore.o
                                 0xff (size before relaxing)
 .debug_str     0x00000266      0x29a build/obj/chcore_v7m.o
                                0x38e (size before relaxing)
 .debug_str     0x00000500       0xc6 build/obj/nvic.o
                                0x1f6 (size before relaxing)
 .debug_str     0x000005c6       0xdd build/obj/chsys.o
                                0x35f (size before relaxing)
 .debug_str     0x000006a3      0x1ae build/obj/chdebug.o
                                0x47e (size before relaxing)
 .debug_str     0x00000851       0x29 build/obj/chlists.o
                                 0xf0 (size before relaxing)
 .debug_str     0x0000087a       0x60 build/obj/chvt.o
                                0x1a3 (size before relaxing)
 .debug_str     0x000008da       0xc9 build/obj/chschd.o
                                0x38f (size before relaxing)
 .debug_str     0x000009a3      0x113 build/obj/chthreads.o
                                0x3fa (size before relaxing)
 .debug_str     0x00000ab6       0x2b build/obj/chdynamic.o
                                 0xf2 (size before relaxing)
 .debug_str     0x00000ae1       0x4d build/obj/chregistry.o
                                0x2c7 (size before relaxing)
 .debug_str     0x00000b2e       0xd3 build/obj/chsem.o
                                0x376 (size before relaxing)
 .debug_str     0x00000c01       0x95 build/obj/chmtx.o
                                0x332 (size before relaxing)
 .debug_str     0x00000c96       0xbb build/obj/chcond.o
                                0x352 (size before relaxing)
 .debug_str     0x00000d51      0x184 build/obj/chevents.o
                                0x408 (size before relaxing)
 .debug_str     0x00000ed5       0x48 build/obj/chmsg.o
                                0x2db (size before relaxing)
 .debug_str     0x00000f1d       0xed build/obj/chmboxes.o
                                0x33b (size before relaxing)
 .debug_str     0x0000100a      0x11d build/obj/chqueues.o
                                0x3c8 (size before relaxing)
 .debug_str     0x00001127       0x86 build/obj/chmemcore.o
                                0x16a (size before relaxing)
 .debug_str     0x000011ad       0x28 build/obj/chheap.o
                                 0xef (size before relaxing)
 .debug_str     0x000011d5       0x2c build/obj/chmempools.o
                                 0xf3 (size before relaxing)
 .debug_str     0x00001201      0x286 build/obj/test.o
                                0x5ad (size before relaxing)
 .debug_str     0x00001487       0x78 build/obj/testthd.o
                                0x391 (size before relaxing)
 .debug_str     0x000014ff       0xe1 build/obj/testsem.o
                                0x406 (size before relaxing)
 .debug_str     0x000015e0      0x19f build/obj/testmtx.o
                                0x4d0 (size before relaxing)
 .debug_str     0x0000177f       0x36 build/obj/testmsg.o
                                0x2ef (size before relaxing)
 .debug_str     0x000017b5       0x4a build/obj/testmbox.o
                                0x324 (size before relaxing)
 .debug_str     0x000017ff       0x8a build/obj/testevt.o
                                0x402 (size before relaxing)
 .debug_str     0x00001889       0x21 build/obj/testheap.o
                                0x119 (size before relaxing)
 .debug_str     0x000018aa       0x22 build/obj/testpools.o
                                0x11b (size before relaxing)
 .debug_str     0x000018cc       0x20 build/obj/testdyn.o
                                0x117 (size before relaxing)
 .debug_str     0x000018ec       0x77 build/obj/testqueues.o
                                0x3d4 (size before relaxing)
 .debug_str     0x00001963      0x184 build/obj/testbmk.o
                                0x53c (size before relaxing)
 .debug_str     0x00001ae7       0xef build/obj/hal.o
                                0x1e9 (size before relaxing)
 .debug_str     0x00001bd6      0x2b5 build/obj/adc.o
                                0x566 (size before relaxing)
 .debug_str     0x00001e8b       0x22 build/obj/can.o
                                 0xfe (size before relaxing)
 .debug_str     0x00001ead       0x22 build/obj/ext.o
                                 0xfe (size before relaxing)
 .debug_str     0x00001ecf       0x22 build/obj/gpt.o
                                 0xfe (size before relaxing)
 .debug_str     0x00001ef1      0x2ab build/obj/i2c.o
                                0x579 (size before relaxing)
 .debug_str     0x0000219c       0x22 build/obj/icu.o
                                 0xfe (size before relaxing)
 .debug_str     0x000021be       0x22 build/obj/mac.o
                                 0xfe (size before relaxing)
 .debug_str     0x000021e0       0x9e build/obj/pal.o
                                0x194 (size before relaxing)
 .debug_str     0x0000227e       0x22 build/obj/pwm.o
                                 0xfe (size before relaxing)
 .debug_str     0x000022a0       0x22 build/obj/sdc.o
                                 0xfe (size before relaxing)
 .debug_str     0x000022c2       0x25 build/obj/serial.o
                                0x101 (size before relaxing)
 .debug_str     0x000022e7       0x22 build/obj/spi.o
                                 0xfe (size before relaxing)
 .debug_str     0x00002309       0x23 build/obj/uart.o
                                 0xff (size before relaxing)
 .debug_str     0x0000232c       0x22 build/obj/usb.o
                                 0xfe (size before relaxing)
 .debug_str     0x0000234e       0x74 build/obj/tm.o
                                0x1b3 (size before relaxing)
 .debug_str     0x000023c2       0x26 build/obj/mmc_spi.o
                                0x102 (size before relaxing)
 .debug_str     0x000023e8       0x29 build/obj/serial_usb.o
                                0x105 (size before relaxing)
 .debug_str     0x00002411       0x22 build/obj/rtc.o
                                 0xfe (size before relaxing)
 .debug_str     0x00002433      0x427 build/obj/stm32_dma.o
                                0x59d (size before relaxing)
 .debug_str     0x0000285a       0xd7 build/obj/hal_lld.o
                                0x248 (size before relaxing)
 .debug_str     0x00002931       0xc0 build/obj/adc_lld.o
                                0x587 (size before relaxing)
 .debug_str     0x000029f1       0x32 build/obj/can_lld.o
                                0x10e (size before relaxing)
 .debug_str     0x00002a23       0x32 build/obj/ext_lld.o
                                0x10e (size before relaxing)
 .debug_str     0x00002a55       0x32 build/obj/gpt_lld.o
                                0x10e (size before relaxing)
 .debug_str     0x00002a87      0x1d1 build/obj/i2c_lld.o
                                0xa63 (size before relaxing)
 .debug_str     0x00002c58       0x32 build/obj/icu_lld.o
                                0x10e (size before relaxing)
 .debug_str     0x00002c8a       0x32 build/obj/mac_lld.o
                                0x10e (size before relaxing)
 .debug_str     0x00002cbc       0x32 build/obj/pwm_lld.o
                                0x10e (size before relaxing)
 .debug_str     0x00002cee       0x35 build/obj/serial_lld.o
                                0x111 (size before relaxing)
 .debug_str     0x00002d23       0x32 build/obj/sdc_lld.o
                                0x10e (size before relaxing)
 .debug_str     0x00002d55       0x32 build/obj/spi_lld.o
                                0x10e (size before relaxing)
 .debug_str     0x00002d87       0x33 build/obj/uart_lld.o
                                0x10f (size before relaxing)
 .debug_str     0x00002dba       0x69 build/obj/pal_lld.o
                                0x21e (size before relaxing)
 .debug_str     0x00002e23       0x38 build/obj/usb_lld.o
                                0x114 (size before relaxing)
 .debug_str     0x00002e5b       0x38 build/obj/rtc_lld.o
                                0x114 (size before relaxing)
 .debug_str     0x00002e93       0x1a build/obj/board.o
                                0x15f (size before relaxing)
 .debug_str     0x00002ead       0x5d build/obj/evtimer.o
                                0x303 (size before relaxing)
 .debug_str     0x00002f0a      0x4a1 build/obj/syscalls.o
                                0x5d9 (size before relaxing)
 .debug_str     0x000033ab      0x11a build/obj/shell.o
                                0x4b6 (size before relaxing)
 .debug_str     0x000034c5       0x9a build/obj/chprintf.o
                                0x1ef (size before relaxing)
 .debug_str     0x0000355f       0x12 build/obj/main.o
                                0x101 (size before relaxing)
 .debug_str     0x00003571       0x5f build/obj/serial_pipe.o
                                 0xa2 (size before relaxing)
 .debug_str     0x000035d0       0x8f build/obj/dac.o
                                0x1e0 (size before relaxing)
 .debug_str     0x0000365f       0x8a build/obj/iwdg.o
                                0x195 (size before relaxing)
 .debug_str     0x000036e9       0x48 build/obj/iwdg_lld.o
                                0x1a7 (size before relaxing)

.comment        0x00000000       0x2a
 .comment       0x00000000       0x2a build/obj/crt0.o
                                 0x2b (size before relaxing)
 .comment       0x00000000       0x2b build/obj/vectors.o
 .comment       0x00000000       0x2b build/obj/chcore.o
 .comment       0x00000000       0x2b build/obj/chcore_v7m.o
 .comment       0x00000000       0x2b build/obj/nvic.o
 .comment       0x00000000       0x2b build/obj/chsys.o
 .comment       0x00000000       0x2b build/obj/chdebug.o
 .comment       0x00000000       0x2b build/obj/chlists.o
 .comment       0x00000000       0x2b build/obj/chvt.o
 .comment       0x00000000       0x2b build/obj/chschd.o
 .comment       0x00000000       0x2b build/obj/chthreads.o
 .comment       0x00000000       0x2b build/obj/chdynamic.o
 .comment       0x00000000       0x2b build/obj/chregistry.o
 .comment       0x00000000       0x2b build/obj/chsem.o
 .comment       0x00000000       0x2b build/obj/chmtx.o
 .comment       0x00000000       0x2b build/obj/chcond.o
 .comment       0x00000000       0x2b build/obj/chevents.o
 .comment       0x00000000       0x2b build/obj/chmsg.o
 .comment       0x00000000       0x2b build/obj/chmboxes.o
 .comment       0x00000000       0x2b build/obj/chqueues.o
 .comment       0x00000000       0x2b build/obj/chmemcore.o
 .comment       0x00000000       0x2b build/obj/chheap.o
 .comment       0x00000000       0x2b build/obj/chmempools.o
 .comment       0x00000000       0x2b build/obj/test.o
 .comment       0x00000000       0x2b build/obj/testthd.o
 .comment       0x00000000       0x2b build/obj/testsem.o
 .comment       0x00000000       0x2b build/obj/testmtx.o
 .comment       0x00000000       0x2b build/obj/testmsg.o
 .comment       0x00000000       0x2b build/obj/testmbox.o
 .comment       0x00000000       0x2b build/obj/testevt.o
 .comment       0x00000000       0x2b build/obj/testheap.o
 .comment       0x00000000       0x2b build/obj/testpools.o
 .comment       0x00000000       0x2b build/obj/testdyn.o
 .comment       0x00000000       0x2b build/obj/testqueues.o
 .comment       0x00000000       0x2b build/obj/testbmk.o
 .comment       0x00000000       0x2b build/obj/hal.o
 .comment       0x00000000       0x2b build/obj/adc.o
 .comment       0x00000000       0x2b build/obj/can.o
 .comment       0x00000000       0x2b build/obj/ext.o
 .comment       0x00000000       0x2b build/obj/gpt.o
 .comment       0x00000000       0x2b build/obj/i2c.o
 .comment       0x00000000       0x2b build/obj/icu.o
 .comment       0x00000000       0x2b build/obj/mac.o
 .comment       0x00000000       0x2b build/obj/pal.o
 .comment       0x00000000       0x2b build/obj/pwm.o
 .comment       0x00000000       0x2b build/obj/sdc.o
 .comment       0x00000000       0x2b build/obj/serial.o
 .comment       0x00000000       0x2b build/obj/spi.o
 .comment       0x00000000       0x2b build/obj/uart.o
 .comment       0x00000000       0x2b build/obj/usb.o
 .comment       0x00000000       0x2b build/obj/tm.o
 .comment       0x00000000       0x2b build/obj/mmc_spi.o
 .comment       0x00000000       0x2b build/obj/serial_usb.o
 .comment       0x00000000       0x2b build/obj/rtc.o
 .comment       0x00000000       0x2b build/obj/stm32_dma.o
 .comment       0x00000000       0x2b build/obj/hal_lld.o
 .comment       0x00000000       0x2b build/obj/adc_lld.o
 .comment       0x00000000       0x2b build/obj/can_lld.o
 .comment       0x00000000       0x2b build/obj/ext_lld.o
 .comment       0x00000000       0x2b build/obj/gpt_lld.o
 .comment       0x00000000       0x2b build/obj/i2c_lld.o
 .comment       0x00000000       0x2b build/obj/icu_lld.o
 .comment       0x00000000       0x2b build/obj/mac_lld.o
 .comment       0x00000000       0x2b build/obj/pwm_lld.o
 .comment       0x00000000       0x2b build/obj/serial_lld.o
 .comment       0x00000000       0x2b build/obj/sdc_lld.o
 .comment       0x00000000       0x2b build/obj/spi_lld.o
 .comment       0x00000000       0x2b build/obj/uart_lld.o
 .comment       0x00000000       0x2b build/obj/pal_lld.o
 .comment       0x00000000       0x2b build/obj/usb_lld.o
 .comment       0x00000000       0x2b build/obj/rtc_lld.o
 .comment       0x00000000       0x2b build/obj/board.o
 .comment       0x00000000       0x2b build/obj/evtimer.o
 .comment       0x00000000       0x2b build/obj/syscalls.o
 .comment       0x00000000       0x2b build/obj/shell.o
 .comment       0x00000000       0x2b build/obj/chprintf.o
 .comment       0x00000000       0x2b build/obj/main.o
 .comment       0x00000000       0x2b build/obj/serial_pipe.o
 .comment       0x00000000       0x2b build/obj/dac.o
 .comment       0x00000000       0x2b build/obj/iwdg.o
 .comment       0x00000000       0x2b build/obj/iwdg_lld.o

.ARM.attributes
                0x00000000       0x31
 .ARM.attributes
                0x00000000       0x31 build/obj/crt0.o
 .ARM.attributes
                0x00000031       0x31 build/obj/vectors.o
 .ARM.attributes
                0x00000062       0x31 build/obj/chcore.o
 .ARM.attributes
                0x00000093       0x31 build/obj/chcore_v7m.o
 .ARM.attributes
                0x000000c4       0x31 build/obj/nvic.o
 .ARM.attributes
                0x000000f5       0x31 build/obj/chsys.o
 .ARM.attributes
                0x00000126       0x31 build/obj/chdebug.o
 .ARM.attributes
                0x00000157       0x31 build/obj/chlists.o
 .ARM.attributes
                0x00000188       0x31 build/obj/chvt.o
 .ARM.attributes
                0x000001b9       0x31 build/obj/chschd.o
 .ARM.attributes
                0x000001ea       0x31 build/obj/chthreads.o
 .ARM.attributes
                0x0000021b       0x31 build/obj/chdynamic.o
 .ARM.attributes
                0x0000024c       0x31 build/obj/chregistry.o
 .ARM.attributes
                0x0000027d       0x31 build/obj/chsem.o
 .ARM.attributes
                0x000002ae       0x31 build/obj/chmtx.o
 .ARM.attributes
                0x000002df       0x31 build/obj/chcond.o
 .ARM.attributes
                0x00000310       0x31 build/obj/chevents.o
 .ARM.attributes
                0x00000341       0x31 build/obj/chmsg.o
 .ARM.attributes
                0x00000372       0x31 build/obj/chmboxes.o
 .ARM.attributes
                0x000003a3       0x31 build/obj/chqueues.o
 .ARM.attributes
                0x000003d4       0x31 build/obj/chmemcore.o
 .ARM.attributes
                0x00000405       0x31 build/obj/chheap.o
 .ARM.attributes
                0x00000436       0x31 build/obj/chmempools.o
 .ARM.attributes
                0x00000467       0x31 build/obj/test.o
 .ARM.attributes
                0x00000498       0x31 build/obj/testthd.o
 .ARM.attributes
                0x000004c9       0x31 build/obj/testsem.o
 .ARM.attributes
                0x000004fa       0x31 build/obj/testmtx.o
 .ARM.attributes
                0x0000052b       0x31 build/obj/testmsg.o
 .ARM.attributes
                0x0000055c       0x31 build/obj/testmbox.o
 .ARM.attributes
                0x0000058d       0x31 build/obj/testevt.o
 .ARM.attributes
                0x000005be       0x31 build/obj/testheap.o
 .ARM.attributes
                0x000005ef       0x31 build/obj/testpools.o
 .ARM.attributes
                0x00000620       0x31 build/obj/testdyn.o
 .ARM.attributes
                0x00000651       0x31 build/obj/testqueues.o
 .ARM.attributes
                0x00000682       0x31 build/obj/testbmk.o
 .ARM.attributes
                0x000006b3       0x31 build/obj/hal.o
 .ARM.attributes
                0x000006e4       0x31 build/obj/adc.o
 .ARM.attributes
                0x00000715       0x31 build/obj/can.o
 .ARM.attributes
                0x00000746       0x31 build/obj/ext.o
 .ARM.attributes
                0x00000777       0x31 build/obj/gpt.o
 .ARM.attributes
                0x000007a8       0x31 build/obj/i2c.o
 .ARM.attributes
                0x000007d9       0x31 build/obj/icu.o
 .ARM.attributes
                0x0000080a       0x31 build/obj/mac.o
 .ARM.attributes
                0x0000083b       0x31 build/obj/pal.o
 .ARM.attributes
                0x0000086c       0x31 build/obj/pwm.o
 .ARM.attributes
                0x0000089d       0x31 build/obj/sdc.o
 .ARM.attributes
                0x000008ce       0x31 build/obj/serial.o
 .ARM.attributes
                0x000008ff       0x31 build/obj/spi.o
 .ARM.attributes
                0x00000930       0x31 build/obj/uart.o
 .ARM.attributes
                0x00000961       0x31 build/obj/usb.o
 .ARM.attributes
                0x00000992       0x31 build/obj/tm.o
 .ARM.attributes
                0x000009c3       0x31 build/obj/mmc_spi.o
 .ARM.attributes
                0x000009f4       0x31 build/obj/serial_usb.o
 .ARM.attributes
                0x00000a25       0x31 build/obj/rtc.o
 .ARM.attributes
                0x00000a56       0x31 build/obj/stm32_dma.o
 .ARM.attributes
                0x00000a87       0x31 build/obj/hal_lld.o
 .ARM.attributes
                0x00000ab8       0x31 build/obj/adc_lld.o
 .ARM.attributes
                0x00000ae9       0x31 build/obj/can_lld.o
 .ARM.attributes
                0x00000b1a       0x31 build/obj/ext_lld.o
 .ARM.attributes
                0x00000b4b       0x31 build/obj/gpt_lld.o
 .ARM.attributes
                0x00000b7c       0x31 build/obj/i2c_lld.o
 .ARM.attributes
                0x00000bad       0x31 build/obj/icu_lld.o
 .ARM.attributes
                0x00000bde       0x31 build/obj/mac_lld.o
 .ARM.attributes
                0x00000c0f       0x31 build/obj/pwm_lld.o
 .ARM.attributes
                0x00000c40       0x31 build/obj/serial_lld.o
 .ARM.attributes
                0x00000c71       0x31 build/obj/sdc_lld.o
 .ARM.attributes
                0x00000ca2       0x31 build/obj/spi_lld.o
 .ARM.attributes
                0x00000cd3       0x31 build/obj/uart_lld.o
 .ARM.attributes
                0x00000d04       0x31 build/obj/pal_lld.o
 .ARM.attributes
                0x00000d35       0x31 build/obj/usb_lld.o
 .ARM.attributes
                0x00000d66       0x31 build/obj/rtc_lld.o
 .ARM.attributes
                0x00000d97       0x31 build/obj/board.o
 .ARM.attributes
                0x00000dc8       0x31 build/obj/evtimer.o
 .ARM.attributes
                0x00000df9       0x31 build/obj/syscalls.o
 .ARM.attributes
                0x00000e2a       0x31 build/obj/shell.o
 .ARM.attributes
                0x00000e5b       0x31 build/obj/chprintf.o
 .ARM.attributes
                0x00000e8c       0x31 build/obj/main.o
 .ARM.attributes
                0x00000ebd       0x31 build/obj/serial_pipe.o
 .ARM.attributes
                0x00000eee       0x31 build/obj/dac.o
 .ARM.attributes
                0x00000f1f       0x31 build/obj/iwdg.o
 .ARM.attributes
                0x00000f50       0x31 build/obj/iwdg_lld.o
 .ARM.attributes
                0x00000f81       0x29 /home/z80/programs/code-sourcery/2011.03-42/bin/../lib/gcc/arm-none-eabi/4.5.2/../../../../arm-none-eabi/lib/thumb2/libc.a(lib_a-memset.o)
 .ARM.attributes
                0x00000faa       0x29 /home/z80/programs/code-sourcery/2011.03-42/bin/../lib/gcc/arm-none-eabi/4.5.2/../../../../arm-none-eabi/lib/thumb2/libc.a(lib_a-strcasecmp.o)
 .ARM.attributes
                0x00000fd3       0x29 /home/z80/programs/code-sourcery/2011.03-42/bin/../lib/gcc/arm-none-eabi/4.5.2/../../../../arm-none-eabi/lib/thumb2/libc.a(lib_a-strchr.o)
 .ARM.attributes
                0x00000ffc       0x29 /home/z80/programs/code-sourcery/2011.03-42/bin/../lib/gcc/arm-none-eabi/4.5.2/../../../../arm-none-eabi/lib/thumb2/libc.a(lib_a-strspn.o)
 .ARM.attributes
                0x00001025       0x29 /home/z80/programs/code-sourcery/2011.03-42/bin/../lib/gcc/arm-none-eabi/4.5.2/../../../../arm-none-eabi/lib/thumb2/libc.a(lib_a-ctype_.o)

.debug_frame    0x00000000     0x2948
 .debug_frame   0x00000000       0x50 build/obj/crt0.o
 .debug_frame   0x00000050       0x20 build/obj/vectors.o
 .debug_frame   0x00000070       0x20 build/obj/chcore.o
 .debug_frame   0x00000090       0xa4 build/obj/chcore_v7m.o
 .debug_frame   0x00000134       0x60 build/obj/nvic.o
 .debug_frame   0x00000194       0x60 build/obj/chsys.o
 .debug_frame   0x000001f4      0x140 build/obj/chdebug.o
 .debug_frame   0x00000334       0x74 build/obj/chvt.o
 .debug_frame   0x000003a8       0xec build/obj/chschd.o
 .debug_frame   0x00000494      0x198 build/obj/chthreads.o
 .debug_frame   0x0000062c       0x48 build/obj/chregistry.o
 .debug_frame   0x00000674      0x174 build/obj/chsem.o
 .debug_frame   0x000007e8      0x108 build/obj/chmtx.o
 .debug_frame   0x000008f0      0x124 build/obj/chcond.o
 .debug_frame   0x00000a14      0x204 build/obj/chevents.o
 .debug_frame   0x00000c18       0x70 build/obj/chmsg.o
 .debug_frame   0x00000c88      0x16c build/obj/chmboxes.o
 .debug_frame   0x00000df4      0x180 build/obj/chqueues.o
 .debug_frame   0x00000f74       0x68 build/obj/chmemcore.o
 .debug_frame   0x00000fdc      0x1e0 build/obj/test.o
 .debug_frame   0x000011bc       0xc4 build/obj/testthd.o
 .debug_frame   0x00001280      0x13c build/obj/testsem.o
 .debug_frame   0x000013bc      0x39c build/obj/testmtx.o
 .debug_frame   0x00001758       0x48 build/obj/testmsg.o
 .debug_frame   0x000017a0       0x44 build/obj/testmbox.o
 .debug_frame   0x000017e4      0x110 build/obj/testevt.o
 .debug_frame   0x000018f4       0xcc build/obj/testqueues.o
 .debug_frame   0x000019c0      0x2b4 build/obj/testbmk.o
 .debug_frame   0x00001c74       0x4c build/obj/hal.o
 .debug_frame   0x00001cc0      0x154 build/obj/adc.o
 .debug_frame   0x00001e14      0x140 build/obj/i2c.o
 .debug_frame   0x00001f54       0x6c build/obj/pal.o
 .debug_frame   0x00001fc0       0x5c build/obj/tm.o
 .debug_frame   0x0000201c      0x13c build/obj/stm32_dma.o
 .debug_frame   0x00002158       0x3c build/obj/hal_lld.o
 .debug_frame   0x00002194       0xd4 build/obj/adc_lld.o
 .debug_frame   0x00002268      0x1d0 build/obj/i2c_lld.o
 .debug_frame   0x00002438       0x4c build/obj/pal_lld.o
 .debug_frame   0x00002484       0x30 build/obj/board.o
 .debug_frame   0x000024b4       0x64 build/obj/evtimer.o
 .debug_frame   0x00002518       0x9c build/obj/syscalls.o
 .debug_frame   0x000025b4      0x128 build/obj/shell.o
 .debug_frame   0x000026dc       0x6c build/obj/chprintf.o
 .debug_frame   0x00002748       0x2c build/obj/main.o
 .debug_frame   0x00002774       0x4c build/obj/serial_pipe.o
 .debug_frame   0x000027c0       0x3c build/obj/dac.o
 .debug_frame   0x000027fc       0x5c build/obj/iwdg.o
 .debug_frame   0x00002858       0x40 build/obj/iwdg_lld.o
 .debug_frame   0x00002898       0x2c /home/z80/programs/code-sourcery/2011.03-42/bin/../lib/gcc/arm-none-eabi/4.5.2/../../../../arm-none-eabi/lib/thumb2/libc.a(lib_a-memset.o)
 .debug_frame   0x000028c4       0x2c /home/z80/programs/code-sourcery/2011.03-42/bin/../lib/gcc/arm-none-eabi/4.5.2/../../../../arm-none-eabi/lib/thumb2/libc.a(lib_a-strcasecmp.o)
 .debug_frame   0x000028f0       0x2c /home/z80/programs/code-sourcery/2011.03-42/bin/../lib/gcc/arm-none-eabi/4.5.2/../../../../arm-none-eabi/lib/thumb2/libc.a(lib_a-strchr.o)
 .debug_frame   0x0000291c       0x2c /home/z80/programs/code-sourcery/2011.03-42/bin/../lib/gcc/arm-none-eabi/4.5.2/../../../../arm-none-eabi/lib/thumb2/libc.a(lib_a-strspn.o)

Cross Reference Table

Symbol                                            File
ADCD1                                             build/obj/adc_lld.o
BusFaultVector                                    build/obj/vectors.o
DebugMonitorVector                                build/obj/vectors.o
HardFaultVector                                   build/obj/vectors.o
I2CD1                                             build/obj/i2c_lld.o
IWDGD                                             build/obj/iwdg_lld.o
MemManageVector                                   build/obj/vectors.o
NMIVector                                         build/obj/vectors.o
PendSVVector                                      build/obj/vectors.o
ResetHandler                                      build/obj/crt0.o
                                                  build/obj/vectors.o
SVCallVector                                      build/obj/chcore_v7m.o
                                                  build/obj/vectors.o
SysTickVector                                     build/obj/chcore_v7m.o
                                                  build/obj/vectors.o
TestThread                                        build/obj/test.o
UsageFaultVector                                  build/obj/vectors.o
Vector1C                                          build/obj/vectors.o
Vector20                                          build/obj/vectors.o
Vector24                                          build/obj/vectors.o
Vector28                                          build/obj/vectors.o
Vector34                                          build/obj/vectors.o
Vector40                                          build/obj/vectors.o
Vector44                                          build/obj/vectors.o
Vector48                                          build/obj/vectors.o
Vector4C                                          build/obj/vectors.o
Vector50                                          build/obj/vectors.o
Vector54                                          build/obj/vectors.o
Vector58                                          build/obj/vectors.o
Vector5C                                          build/obj/vectors.o
Vector60                                          build/obj/vectors.o
Vector64                                          build/obj/vectors.o
Vector68                                          build/obj/vectors.o
Vector6C                                          build/obj/stm32_dma.o
                                                  build/obj/vectors.o
Vector70                                          build/obj/stm32_dma.o
                                                  build/obj/vectors.o
Vector74                                          build/obj/stm32_dma.o
                                                  build/obj/vectors.o
Vector78                                          build/obj/stm32_dma.o
                                                  build/obj/vectors.o
Vector7C                                          build/obj/stm32_dma.o
                                                  build/obj/vectors.o
Vector80                                          build/obj/stm32_dma.o
                                                  build/obj/vectors.o
Vector84                                          build/obj/stm32_dma.o
                                                  build/obj/vectors.o
Vector88                                          build/obj/vectors.o
Vector8C                                          build/obj/vectors.o
Vector90                                          build/obj/vectors.o
Vector94                                          build/obj/vectors.o
Vector98                                          build/obj/vectors.o
Vector9C                                          build/obj/vectors.o
VectorA0                                          build/obj/vectors.o
VectorA4                                          build/obj/vectors.o
VectorA8                                          build/obj/vectors.o
VectorAC                                          build/obj/vectors.o
VectorB0                                          build/obj/vectors.o
VectorB4                                          build/obj/vectors.o
VectorB8                                          build/obj/vectors.o
VectorBC                                          build/obj/i2c_lld.o
                                                  build/obj/vectors.o
VectorC0                                          build/obj/i2c_lld.o
                                                  build/obj/vectors.o
VectorC4                                          build/obj/vectors.o
VectorC8                                          build/obj/vectors.o
VectorCC                                          build/obj/vectors.o
VectorD0                                          build/obj/vectors.o
VectorD4                                          build/obj/vectors.o
VectorD8                                          build/obj/vectors.o
VectorDC                                          build/obj/vectors.o
VectorE0                                          build/obj/vectors.o
VectorE4                                          build/obj/vectors.o
VectorE8                                          build/obj/vectors.o
__ctype_ptr__                                     /home/z80/programs/code-sourcery/2011.03-42/bin/../lib/gcc/arm-none-eabi/4.5.2/../../../../arm-none-eabi/lib/thumb2/libc.a(lib_a-ctype_.o)
                                                  /home/z80/programs/code-sourcery/2011.03-42/bin/../lib/gcc/arm-none-eabi/4.5.2/../../../../arm-none-eabi/lib/thumb2/libc.a(lib_a-strcasecmp.o)
__early_init                                      build/obj/board.o
                                                  build/obj/crt0.o
__fini_array_end                                  build/obj/crt0.o
__fini_array_start                                build/obj/crt0.o
__heap_base__                                     build/obj/chmemcore.o
__heap_end__                                      build/obj/chmemcore.o
__init_array_end                                  build/obj/crt0.o
__init_array_start                                build/obj/crt0.o
__late_init                                       build/obj/crt0.o
__main_stack_base__                               build/obj/crt0.o
__main_stack_end__                                build/obj/vectors.o
                                                  build/obj/crt0.o
__main_thread_stack_base__                        build/obj/chsys.o
__process_stack_base__                            build/obj/crt0.o
__process_stack_end__                             build/obj/crt0.o
_bss_end                                          build/obj/crt0.o
_bss_start                                        build/obj/crt0.o
_close_r                                          build/obj/syscalls.o
_core_init                                        build/obj/chmemcore.o
                                                  build/obj/chsys.o
_ctype_                                           /home/z80/programs/code-sourcery/2011.03-42/bin/../lib/gcc/arm-none-eabi/4.5.2/../../../../arm-none-eabi/lib/thumb2/libc.a(lib_a-ctype_.o)
_data                                             build/obj/crt0.o
_default_exit                                     build/obj/crt0.o
_edata                                            build/obj/crt0.o
_fstat_r                                          build/obj/syscalls.o
_idle_thread                                      build/obj/chsys.o
_idle_thread_wa                                   build/obj/chsys.o
_isatty_r                                         build/obj/syscalls.o
_lseek_r                                          build/obj/syscalls.o
_pal_lld_init                                     build/obj/pal_lld.o
                                                  build/obj/hal.o
_pal_lld_setgroupmode                             build/obj/pal_lld.o
                                                  build/obj/dac.o
                                                  build/obj/pal.o
_port_init                                        build/obj/chcore_v7m.o
                                                  build/obj/chsys.o
_port_irq_epilogue                                build/obj/chcore_v7m.o
                                                  build/obj/i2c_lld.o
                                                  build/obj/stm32_dma.o
_port_switch                                      build/obj/chcore_v7m.o
                                                  build/obj/chschd.o
_port_switch_from_isr                             build/obj/chcore_v7m.o
_port_thread_start                                build/obj/chcore_v7m.o
                                                  build/obj/chthreads.o
_read_r                                           build/obj/syscalls.o
_sbrk_r                                           build/obj/syscalls.o
_scheduler_init                                   build/obj/chschd.o
                                                  build/obj/chsys.o
_stm32_dma_streams                                build/obj/stm32_dma.o
                                                  build/obj/i2c_lld.o
                                                  build/obj/adc_lld.o
_test_assert                                      build/obj/test.o
                                                  build/obj/testqueues.o
                                                  build/obj/testevt.o
                                                  build/obj/testmbox.o
                                                  build/obj/testmtx.o
                                                  build/obj/testsem.o
                                                  build/obj/testthd.o
_test_assert_sequence                             build/obj/test.o
                                                  build/obj/testqueues.o
                                                  build/obj/testevt.o
                                                  build/obj/testmbox.o
                                                  build/obj/testmsg.o
                                                  build/obj/testmtx.o
                                                  build/obj/testsem.o
                                                  build/obj/testthd.o
_test_assert_time_window                          build/obj/test.o
                                                  build/obj/testevt.o
                                                  build/obj/testmtx.o
                                                  build/obj/testsem.o
                                                  build/obj/testthd.o
_test_fail                                        build/obj/test.o
_textdata                                         build/obj/crt0.o
_thread_init                                      build/obj/chthreads.o
                                                  build/obj/chsys.o
_thread_memfill                                   build/obj/chthreads.o
_trace_init                                       build/obj/chdebug.o
                                                  build/obj/chsys.o
_unhandled_exception                              build/obj/vectors.o
_vectors                                          build/obj/vectors.o
_vt_init                                          build/obj/chvt.o
                                                  build/obj/chsys.o
_write_r                                          build/obj/syscalls.o
adcAcquireBus                                     build/obj/adc.o
adcConvert                                        build/obj/adc.o
adcInit                                           build/obj/adc.o
                                                  build/obj/hal.o
adcObjectInit                                     build/obj/adc.o
                                                  build/obj/adc_lld.o
adcReleaseBus                                     build/obj/adc.o
adcStart                                          build/obj/adc.o
adcStartConversion                                build/obj/adc.o
adcStartConversionI                               build/obj/adc.o
adcStop                                           build/obj/adc.o
adcStopConversion                                 build/obj/adc.o
adcStopConversionI                                build/obj/adc.o
adc_lld_init                                      build/obj/adc_lld.o
                                                  build/obj/adc.o
adc_lld_start                                     build/obj/adc_lld.o
                                                  build/obj/adc.o
adc_lld_start_conversion                          build/obj/adc_lld.o
                                                  build/obj/adc.o
adc_lld_stop                                      build/obj/adc_lld.o
                                                  build/obj/adc.o
adc_lld_stop_conversion                           build/obj/adc_lld.o
                                                  build/obj/adc.o
boardInit                                         build/obj/board.o
                                                  build/obj/hal.o
chCondBroadcast                                   build/obj/chcond.o
                                                  build/obj/testmtx.o
chCondBroadcastI                                  build/obj/chcond.o
chCondInit                                        build/obj/chcond.o
                                                  build/obj/testmtx.o
chCondSignal                                      build/obj/chcond.o
                                                  build/obj/testmtx.o
chCondSignalI                                     build/obj/chcond.o
                                                  build/obj/testmtx.o
chCondWait                                        build/obj/chcond.o
                                                  build/obj/testmtx.o
chCondWaitS                                       build/obj/chcond.o
chCondWaitTimeout                                 build/obj/chcond.o
                                                  build/obj/testmtx.o
chCondWaitTimeoutS                                build/obj/chcond.o
chCoreAlloc                                       build/obj/chmemcore.o
                                                  build/obj/syscalls.o
chCoreAllocI                                      build/obj/chmemcore.o
chCoreStatus                                      build/obj/chmemcore.o
chDbgCheckClassI                                  build/obj/chdebug.o
                                                  build/obj/adc.o
                                                  build/obj/chmemcore.o
                                                  build/obj/chqueues.o
                                                  build/obj/chmboxes.o
                                                  build/obj/chevents.o
                                                  build/obj/chcond.o
                                                  build/obj/chsem.o
                                                  build/obj/chthreads.o
                                                  build/obj/chvt.o
                                                  build/obj/chsys.o
chDbgCheckClassS                                  build/obj/chdebug.o
                                                  build/obj/chmboxes.o
                                                  build/obj/chcond.o
                                                  build/obj/chmtx.o
                                                  build/obj/chsem.o
                                                  build/obj/chschd.o
chDbgPanic                                        build/obj/chdebug.o
                                                  build/obj/iwdg.o
                                                  build/obj/syscalls.o
                                                  build/obj/i2c_lld.o
                                                  build/obj/adc_lld.o