Archive member included because of file (symbol)

c:/programs/yagarto/bin/../lib/gcc/arm-none-eabi/4.5.0/../../../../arm-none-eabi/lib/thumb/v7m\libc.a(lib_a-memset.o)
                              build/obj/syscalls.o (memset)
c:/programs/yagarto/bin/../lib/gcc/arm-none-eabi/4.5.0/../../../../arm-none-eabi/lib/thumb/v7m\libc.a(lib_a-strcasecmp.o)
                              build/obj/shell.o (strcasecmp)
c:/programs/yagarto/bin/../lib/gcc/arm-none-eabi/4.5.0/../../../../arm-none-eabi/lib/thumb/v7m\libc.a(lib_a-strpbrk.o)
                              build/obj/shell.o (strpbrk)
c:/programs/yagarto/bin/../lib/gcc/arm-none-eabi/4.5.0/../../../../arm-none-eabi/lib/thumb/v7m\libc.a(lib_a-strspn.o)
                              build/obj/shell.o (strspn)
c:/programs/yagarto/bin/../lib/gcc/arm-none-eabi/4.5.0/../../../../arm-none-eabi/lib/thumb/v7m\libc.a(lib_a-ctype_.o)
                              c:/programs/yagarto/bin/../lib/gcc/arm-none-eabi/4.5.0/../../../../arm-none-eabi/lib/thumb/v7m\libc.a(lib_a-strcasecmp.o) (__ctype_ptr__)

Discarded input sections

 .text          0x00000000        0x0 build/obj/crt0.o
 .data          0x00000000        0x0 build/obj/crt0.o
 .bss           0x00000000        0x0 build/obj/crt0.o
 .text.__early_init
                0x00000000       0x10 build/obj/crt0.o
 .text          0x00000000        0x0 build/obj/vectors.o
 .data          0x00000000        0x0 build/obj/vectors.o
 .bss           0x00000000        0x0 build/obj/vectors.o
 .text          0x00000000        0x0 build/obj/chcore.o
 .data          0x00000000        0x0 build/obj/chcore.o
 .bss           0x00000000        0x0 build/obj/chcore.o
 .text          0x00000000        0x0 build/obj/chcore_v7m.o
 .data          0x00000000        0x0 build/obj/chcore_v7m.o
 .bss           0x00000000        0x0 build/obj/chcore_v7m.o
 .text          0x00000000        0x0 build/obj/nvic.o
 .data          0x00000000        0x0 build/obj/nvic.o
 .bss           0x00000000        0x0 build/obj/nvic.o
 .text.nvicDisableVector
                0x00000000       0x80 build/obj/nvic.o
 .text          0x00000000        0x0 build/obj/chsys.o
 .data          0x00000000        0x0 build/obj/chsys.o
 .bss           0x00000000        0x0 build/obj/chsys.o
 .text          0x00000000        0x0 build/obj/chdebug.o
 .data          0x00000000        0x0 build/obj/chdebug.o
 .bss           0x00000000        0x0 build/obj/chdebug.o
 .text.dbg_check_disable
                0x00000000       0x30 build/obj/chdebug.o
 .text.dbg_check_suspend
                0x00000000       0x30 build/obj/chdebug.o
 .text          0x00000000        0x0 build/obj/chlists.o
 .data          0x00000000        0x0 build/obj/chlists.o
 .bss           0x00000000        0x0 build/obj/chlists.o
 .text          0x00000000        0x0 build/obj/chvt.o
 .data          0x00000000        0x0 build/obj/chvt.o
 .bss           0x00000000        0x0 build/obj/chvt.o
 .text.chTimeIsWithin
                0x00000000       0x60 build/obj/chvt.o
 .text          0x00000000        0x0 build/obj/chschd.o
 .data          0x00000000        0x0 build/obj/chschd.o
 .bss           0x00000000        0x0 build/obj/chschd.o
 .text.chSchRescheduleS
                0x00000000       0x30 build/obj/chschd.o
 .text          0x00000000        0x0 build/obj/chthreads.o
 .data          0x00000000        0x0 build/obj/chthreads.o
 .bss           0x00000000        0x0 build/obj/chthreads.o
 .text.list_insert
                0x00000000       0x20 build/obj/chthreads.o
 .text.chThdSetPriority
                0x00000000       0xa0 build/obj/chthreads.o
 .text.chThdResume
                0x00000000       0x50 build/obj/chthreads.o
 .text.chThdTerminate
                0x00000000       0x40 build/obj/chthreads.o
 .text.chThdSleepUntil
                0x00000000       0x50 build/obj/chthreads.o
 .text.chThdYield
                0x00000000       0x40 build/obj/chthreads.o
 .text.chThdWait
                0x00000000       0x90 build/obj/chthreads.o
 .text          0x00000000        0x0 build/obj/chdynamic.o
 .data          0x00000000        0x0 build/obj/chdynamic.o
 .bss           0x00000000        0x0 build/obj/chdynamic.o
 .text          0x00000000        0x0 build/obj/chregistry.o
 .data          0x00000000        0x0 build/obj/chregistry.o
 .bss           0x00000000        0x0 build/obj/chregistry.o
 .text.chRegFirstThread
                0x00000000       0x30 build/obj/chregistry.o
 .text.chRegNextThread
                0x00000000       0x40 build/obj/chregistry.o
 .text          0x00000000        0x0 build/obj/chsem.o
 .data          0x00000000        0x0 build/obj/chsem.o
 .bss           0x00000000        0x0 build/obj/chsem.o
 .text.queue_insert
                0x00000000       0x30 build/obj/chsem.o
 .text.fifo_remove
                0x00000000       0x30 build/obj/chsem.o
 .text.lifo_remove
[...]
Memory Configuration

Name             Origin             Length             Attributes
flash            0x08000000         0x00020000
ram              0x20000000         0x00002000
*default*        0x00000000         0xffffffff

Linker script and memory map

LOAD build/obj/crt0.o
LOAD build/obj/vectors.o
LOAD build/obj/chcore.o
LOAD build/obj/chcore_v7m.o
LOAD build/obj/nvic.o
LOAD build/obj/chsys.o
LOAD build/obj/chdebug.o
LOAD build/obj/chlists.o
LOAD build/obj/chvt.o
LOAD build/obj/chschd.o
LOAD build/obj/chthreads.o
LOAD build/obj/chdynamic.o
LOAD build/obj/chregistry.o
LOAD build/obj/chsem.o
LOAD build/obj/chmtx.o
LOAD build/obj/chcond.o
LOAD build/obj/chevents.o
LOAD build/obj/chmsg.o
LOAD build/obj/chmboxes.o
LOAD build/obj/chqueues.o
LOAD build/obj/chmemcore.o
LOAD build/obj/chheap.o
LOAD build/obj/chmempools.o
LOAD build/obj/test.o
LOAD build/obj/testthd.o
LOAD build/obj/testsem.o
LOAD build/obj/testmtx.o
LOAD build/obj/testmsg.o
LOAD build/obj/testmbox.o
LOAD build/obj/testevt.o
LOAD build/obj/testheap.o
LOAD build/obj/testpools.o
LOAD build/obj/testdyn.o
LOAD build/obj/testqueues.o
LOAD build/obj/testbmk.o
LOAD build/obj/hal.o
LOAD build/obj/adc.o
LOAD build/obj/can.o
LOAD build/obj/ext.o
LOAD build/obj/gpt.o
LOAD build/obj/i2c.o
LOAD build/obj/icu.o
LOAD build/obj/mac.o
LOAD build/obj/pal.o
LOAD build/obj/pwm.o
LOAD build/obj/sdc.o
LOAD build/obj/serial.o
LOAD build/obj/spi.o
LOAD build/obj/uart.o
LOAD build/obj/usb.o
LOAD build/obj/tm.o
LOAD build/obj/mmc_spi.o
LOAD build/obj/serial_usb.o
LOAD build/obj/rtc.o
LOAD build/obj/stm32_dma.o
LOAD build/obj/hal_lld.o
LOAD build/obj/adc_lld.o
LOAD build/obj/can_lld.o
LOAD build/obj/ext_lld.o
LOAD build/obj/gpt_lld.o
LOAD build/obj/i2c_lld.o
LOAD build/obj/icu_lld.o
LOAD build/obj/mac_lld.o
LOAD build/obj/pwm_lld.o
LOAD build/obj/serial_lld.o
LOAD build/obj/sdc_lld.o
LOAD build/obj/spi_lld.o
LOAD build/obj/uart_lld.o
LOAD build/obj/pal_lld.o
LOAD build/obj/usb_lld.o
LOAD build/obj/rtc_lld.o
LOAD build/obj/board.o
LOAD build/obj/evtimer.o
LOAD build/obj/syscalls.o
LOAD build/obj/shell.o
LOAD build/obj/chprintf.o
LOAD build/obj/iwdg.o
LOAD build/obj/iwdg_lld.o
LOAD build/obj/main.o
LOAD build/obj/dac.o
LOAD build/obj/cpu_io.o
LOAD build/obj/led_ctrl.o
LOAD build/obj/adc_ctrl.o
LOAD build/obj/relay_ctrl.o
START GROUP
LOAD c:/programs/yagarto/bin/../lib/gcc/arm-none-eabi/4.5.0/thumb/v7m\libgcc.a
LOAD c:/programs/yagarto/bin/../lib/gcc/arm-none-eabi/4.5.0/../../../../arm-none-eabi/lib/thumb/v7m\libc.a
END GROUP
                0x00000400                __main_stack_size__ = 0x400
                0x00000400                __process_stack_size__ = 0x400
                0x20000000                __ram_start__ = 0x20000000
                0x00002000                __ram_size__ = 0x2000
                0x20002000                __ram_end__ = (__ram_start__ + __ram_size__)
                0x00000000                . = 0x0
                0x00000000                _text = .

startup         0x08000000       0xec
 *(vectors)
 vectors        0x08000000       0xec build/obj/vectors.o
                0x08000000                _vectors

constructors    0x080000ec        0x0
                0x080000ec                PROVIDE (__init_array_start, .)
 *(SORT(.init_array.*))
 *(.init_array)
                0x080000ec                PROVIDE (__init_array_end, .)

destructors     0x080000ec        0x0
                0x080000ec                PROVIDE (__fini_array_start, .)
 *(.fini_array)
 *(SORT(.fini_array.*))
                0x080000ec                PROVIDE (__fini_array_end, .)

.text           0x080000f0     0x510c
 *(.text.startup.*)
 *(.text)
 *(.text.*)
 .text.__late_init
                0x080000f0       0x10 build/obj/crt0.o
                0x080000f0                __late_init
 .text._default_exit
                0x08000100       0x10 build/obj/crt0.o
                0x08000100                _default_exit
 .text.ResetHandler
                0x08000110       0xf0 build/obj/crt0.o
                0x08000110                ResetHandler
 .text._unhandled_exception
                0x08000200       0x10 build/obj/vectors.o
                0x08000200                Vector58
                0x08000200                VectorE8
                0x08000200                Vector9C
                0x08000200                VectorAC
                0x08000200                Vector5C
                0x08000200                NMIVector
                0x08000200                Vector8C
                0x08000200                VectorDC
                0x08000200                VectorC8
                0x08000200                Vector94
                0x08000200                VectorA8
                0x08000200                VectorB4
                0x08000200                UsageFaultVector
                0x08000200                DebugMonitorVector
                0x08000200                Vector40
                0x08000200                PendSVVector
                0x08000200                Vector64
                0x08000200                VectorCC
                0x08000200                Vector54
                0x08000200                Vector98
                0x08000200                Vector24
                0x08000200                BusFaultVector
                0x08000200                VectorD0
                0x08000200                VectorE4
                0x08000200                HardFaultVector
                0x08000200                VectorE0
                0x08000200                MemManageVector
                0x08000200                VectorA0
                0x08000200                VectorC4
                0x08000200                VectorB0
                0x08000200                Vector90
                0x08000200                Vector60
                0x08000200                Vector1C
                0x08000200                Vector48
                0x08000200                Vector4C
                0x08000200                Vector68
                0x08000200                _unhandled_exception
                0x08000200                Vector88
                0x08000200                Vector50
                0x08000200                Vector44
                0x08000200                Vector28
                0x08000200                VectorB8
                0x08000200                Vector34
                0x08000200                VectorA4
                0x08000200                Vector20
 .text.port_halt
                0x08000210       0x10 build/obj/chcore.o
                0x08000210                port_halt
 .text.SysTickVector
                0x08000220       0x30 build/obj/chcore_v7m.o
                0x08000220                SysTickVector
 .text.SVCallVector
                0x08000250       0x30 build/obj/chcore_v7m.o
                0x08000250                SVCallVector
 .text._port_init
                0x08000280       0x50 build/obj/chcore_v7m.o
                0x08000280                _port_init
 .text._port_irq_epilogue
                0x080002d0       0xc0 build/obj/chcore_v7m.o
                0x080002d0                _port_irq_epilogue
 .text._port_switch_from_isr
                0x08000390       0x10 build/obj/chcore_v7m.o
                0x08000390                _port_switch_from_isr
 .text._port_switch
                0x080003a0       0x20 build/obj/chcore_v7m.o
                0x080003a0                _port_switch
 .text._port_thread_start
                0x080003c0       0x20 build/obj/chcore_v7m.o
                0x080003c0                _port_thread_start
 .text.nvicEnableVector
                0x080003e0       0xb0 build/obj/nvic.o
                0x080003e0                nvicEnableVector
 .text.nvicSetSystemHandlerPriority
                0x08000490       0x70 build/obj/nvic.o
                0x08000490                nvicSetSystemHandlerPriority
 .text._idle_thread
                0x08000500       0x20 build/obj/chsys.o
                0x08000500                _idle_thread
 .text.chSysInit
                0x08000520       0xb0 build/obj/chsys.o
                0x08000520                chSysInit
 .text.chSysTimerHandlerI
                0x080005d0       0xd0 build/obj/chsys.o
                0x080005d0                chSysTimerHandlerI
 .text.dbg_check_enable
                0x080006a0       0x30 build/obj/chdebug.o
                0x080006a0                dbg_check_enable
 .text.dbg_check_lock
                0x080006d0       0x40 build/obj/chdebug.o
                0x080006d0                dbg_check_lock
 .text.dbg_check_unlock
                0x08000710       0x40 build/obj/chdebug.o
                0x08000710                dbg_check_unlock
 .text.dbg_check_lock_from_isr
                0x08000750       0x40 build/obj/chdebug.o
                0x08000750                dbg_check_lock_from_isr
 .text.dbg_check_unlock_from_isr
                0x08000790       0x40 build/obj/chdebug.o
                0x08000790                dbg_check_unlock_from_isr
 .text.dbg_check_enter_isr
                0x080007d0       0x60 build/obj/chdebug.o
                0x080007d0                dbg_check_enter_isr
 .text.dbg_check_leave_isr
                0x08000830       0x60 build/obj/chdebug.o
                0x08000830                dbg_check_leave_isr
 .text.chDbgCheckClassI
                0x08000890       0x30 build/obj/chdebug.o
                0x08000890                chDbgCheckClassI
 .text.chDbgCheckClassS
                0x080008c0       0x30 build/obj/chdebug.o
                0x080008c0                chDbgCheckClassS
 .text._trace_init
                0x080008f0       0x20 build/obj/chdebug.o
                0x080008f0                _trace_init
 .text.dbg_trace
                0x08000910       0xa0 build/obj/chdebug.o
                0x08000910                dbg_trace
 .text.chDbgPanic
                0x080009b0       0x20 build/obj/chdebug.o
                0x080009b0                chDbgPanic
 .text._vt_init
                0x080009d0       0x50 build/obj/chvt.o
                0x080009d0                _vt_init
 .text.chVTSetI
                0x08000a20       0xb0 build/obj/chvt.o
                0x08000a20                chVTSetI
 .text.chVTResetI
                0x08000ad0       0x80 build/obj/chvt.o
                0x08000ad0                chVTResetI
 .text.fifo_remove
                0x08000b50       0x30 build/obj/chschd.o
 .text.dequeue  0x08000b80       0x20 build/obj/chschd.o
 .text._scheduler_init
                0x08000ba0       0x70 build/obj/chschd.o
                0x08000ba0                _scheduler_init
 .text.chSchReadyI
                0x08000c10       0x80 build/obj/chschd.o
                0x08000c10                chSchReadyI
 .text.chSchGoSleepS
                0x08000c90       0xa0 build/obj/chschd.o
                0x08000c90                chSchGoSleepS
 .text.wakeup   0x08000d30       0x80 build/obj/chschd.o
 .text.chSchGoSleepTimeoutS
                0x08000db0       0x70 build/obj/chschd.o
                0x08000db0                chSchGoSleepTimeoutS
 .text.chSchWakeupS
                0x08000e20       0xa0 build/obj/chschd.o
                0x08000e20                chSchWakeupS
 .text.chSchDoReschedule
                0x08000ec0       0x90 build/obj/chschd.o
                0x08000ec0                chSchDoReschedule
 .text.list_remove
                0x08000f50       0x20 build/obj/chthreads.o
 .text._thread_init
                0x08000f70       0xb0 build/obj/chthreads.o
                0x08000f70                _thread_init
 .text._thread_memfill
                0x08001020       0x30 build/obj/chthreads.o
                0x08001020                _thread_memfill
 .text.chThdCreateI
                0x08001050       0x80 build/obj/chthreads.o
                0x08001050                chThdCreateI
 .text.chThdCreateStatic
                0x080010d0       0x80 build/obj/chthreads.o
                0x080010d0                chThdCreateStatic
 .text.chThdSleep
                0x08001150       0x40 build/obj/chthreads.o
                0x08001150                chThdSleep
 .text.chThdExit
                0x08001190       0x20 build/obj/chthreads.o
                0x08001190                chThdExit
 .text.chThdExitS
                0x080011b0       0x80 build/obj/chthreads.o
                0x080011b0                chThdExitS
 .text.prio_insert
                0x08001230       0x50 build/obj/chmtx.o
 .text.fifo_remove
                0x08001280       0x30 build/obj/chmtx.o
 .text.dequeue  0x080012b0       0x20 build/obj/chmtx.o
 .text.chMtxInit
                0x080012d0       0x40 build/obj/chmtx.o
                0x080012d0                chMtxInit
 .text.chMtxLock
                0x08001310       0x30 build/obj/chmtx.o
                0x08001310                chMtxLock
 .text.chMtxLockS
                0x08001340      0x110 build/obj/chmtx.o
                0x08001340                chMtxLockS
 .text.chMtxUnlock
                0x08001450       0xf0 build/obj/chmtx.o
                0x08001450                chMtxUnlock
 .text.chEvtSignalFlagsI
                0x08001540       0x80 build/obj/chevents.o
                0x08001540                chEvtSignalFlagsI
 .text.chEvtBroadcastFlagsI
                0x080015c0       0x50 build/obj/chevents.o
                0x080015c0                chEvtBroadcastFlagsI
 .text.queue_insert
                0x08001610       0x30 build/obj/chqueues.o
 .text.fifo_remove
                0x08001640       0x30 build/obj/chqueues.o
 .text.qwait    0x08001670       0x50 build/obj/chqueues.o
 .text.chIQInit
                0x080016c0       0x50 build/obj/chqueues.o
                0x080016c0                chIQInit
 .text.chIQPutI
                0x08001710       0x90 build/obj/chqueues.o
                0x08001710                chIQPutI
 .text.chIQGetTimeout
                0x080017a0       0xa0 build/obj/chqueues.o
                0x080017a0                chIQGetTimeout
 .text.chIQReadTimeout
                0x08001840       0xe0 build/obj/chqueues.o
                0x08001840                chIQReadTimeout
 .text.chOQInit
                0x08001920       0x50 build/obj/chqueues.o
                0x08001920                chOQInit
 .text.chOQPutTimeout
                0x08001970       0xa0 build/obj/chqueues.o
                0x08001970                chOQPutTimeout
 .text.chOQGetI
                0x08001a10       0x90 build/obj/chqueues.o
                0x08001a10                chOQGetI
 .text.chOQWriteTimeout
                0x08001aa0       0xe0 build/obj/chqueues.o
                0x08001aa0                chOQWriteTimeout
 .text._core_init
                0x08001b80       0x40 build/obj/chmemcore.o
                0x08001b80                _core_init
 .text.halInit  0x08001bc0       0x30 build/obj/hal.o
                0x08001bc0                halInit
 .text.adcInit  0x08001bf0       0x10 build/obj/adc.o
                0x08001bf0                adcInit
 .text.adcObjectInit
                0x08001c00       0x50 build/obj/adc.o
                0x08001c00                adcObjectInit
 .text.adcStart
                0x08001c50       0x70 build/obj/adc.o
                0x08001c50                adcStart
 .text.adcStartConversion
                0x08001cc0       0x40 build/obj/adc.o
                0x08001cc0                adcStartConversion
 .text.adcStartConversionI
                0x08001d00       0x90 build/obj/adc.o
                0x08001d00                adcStartConversionI
 .text.i2cInit  0x08001d90       0x10 build/obj/i2c.o
                0x08001d90                i2cInit
 .text.i2cObjectInit
                0x08001da0       0x30 build/obj/i2c.o
                0x08001da0                i2cObjectInit
 .text.writes   0x08001dd0       0x30 build/obj/serial.o
 .text.reads    0x08001e00       0x30 build/obj/serial.o
 .text.putwouldblock
                0x08001e30       0x20 build/obj/serial.o
 .text.getwouldblock
                0x08001e50       0x20 build/obj/serial.o
 .text.putt     0x08001e70       0x30 build/obj/serial.o
 .text.gett     0x08001ea0       0x20 build/obj/serial.o
 .text.writet   0x08001ec0       0x30 build/obj/serial.o
 .text.readt    0x08001ef0       0x30 build/obj/serial.o
 .text.getflags
                0x08001f20       0x40 build/obj/serial.o
 .text.sdInit   0x08001f60       0x10 build/obj/serial.o
                0x08001f60                sdInit
 .text.sdObjectInit
                0x08001f70       0x70 build/obj/serial.o
                0x08001f70                sdObjectInit
 .text.sdStart  0x08001fe0       0x70 build/obj/serial.o
                0x08001fe0                sdStart
 .text.sdIncomingDataI
                0x08002050       0x80 build/obj/serial.o
                0x08002050                sdIncomingDataI
 .text.tm_start
                0x080020d0       0x20 build/obj/tm.o
 .text.tm_stop  0x080020f0       0x60 build/obj/tm.o
 .text.tmInit   0x08002150       0x40 build/obj/tm.o
                0x08002150                tmInit
 .text.tmObjectInit
                0x08002190       0x40 build/obj/tm.o
                0x08002190                tmObjectInit
 .text.Vector6C
                0x080021d0       0x60 build/obj/stm32_dma.o
                0x080021d0                Vector6C
 .text.Vector70
                0x08002230       0x60 build/obj/stm32_dma.o
                0x08002230                Vector70
 .text.Vector74
                0x08002290       0x60 build/obj/stm32_dma.o
                0x08002290                Vector74
 .text.Vector78
                0x080022f0       0x60 build/obj/stm32_dma.o
                0x080022f0                Vector78
 .text.Vector7C
                0x08002350       0x60 build/obj/stm32_dma.o
                0x08002350                Vector7C
 .text.Vector80
                0x080023b0       0x60 build/obj/stm32_dma.o
                0x080023b0                Vector80
 .text.Vector84
                0x08002410       0x60 build/obj/stm32_dma.o
                0x08002410                Vector84
 .text.dmaInit  0x08002470       0x70 build/obj/stm32_dma.o
                0x08002470                dmaInit
 .text.dmaStreamAllocate
                0x080024e0      0x110 build/obj/stm32_dma.o
                0x080024e0                dmaStreamAllocate
 .text.hal_lld_backup_domain_init
                0x080025f0       0x90 build/obj/hal_lld.o
 .text.hal_lld_init
                0x08002680       0xf0 build/obj/hal_lld.o
                0x08002680                hal_lld_init
 .text.stm32_clock_init
                0x08002770      0x130 build/obj/hal_lld.o
                0x08002770                stm32_clock_init
 .text.adc_lld_serve_rx_interrupt
                0x080028a0      0x200 build/obj/adc_lld.o
 .text.adc_lld_init
                0x08002aa0       0xe0 build/obj/adc_lld.o
                0x08002aa0                adc_lld_init
 .text.adc_lld_start
                0x08002b80       0x90 build/obj/adc_lld.o
                0x08002b80                adc_lld_start
 .text.adc_lld_start_conversion
                0x08002c10       0xf0 build/obj/adc_lld.o
                0x08002c10                adc_lld_start_conversion
 .text.adc_lld_stop_conversion
                0x08002d00       0x40 build/obj/adc_lld.o
                0x08002d00                adc_lld_stop_conversion
 .text.i2c_lld_serve_event_interrupt
                0x08002d40      0x2a0 build/obj/i2c_lld.o
 .text.i2c_lld_serve_error_interrupt
                0x08002fe0      0x230 build/obj/i2c_lld.o
 .text.VectorBC
                0x08003210       0x20 build/obj/i2c_lld.o
                0x08003210                VectorBC
 .text.VectorC0
                0x08003230       0x20 build/obj/i2c_lld.o
                0x08003230                VectorC0
 .text.i2c_lld_init
                0x08003250       0x50 build/obj/i2c_lld.o
                0x08003250                i2c_lld_init
 .text.usart_init
                0x080032a0       0x90 build/obj/serial_lld.o
 .text.set_error
                0x08003330       0xa0 build/obj/serial_lld.o
 .text.serve_interrupt
                0x080033d0      0x1b0 build/obj/serial_lld.o
 .text.notify1  0x08003580       0x30 build/obj/serial_lld.o
 .text.notify2  0x080035b0       0x30 build/obj/serial_lld.o
 .text.VectorD4
                0x080035e0       0x20 build/obj/serial_lld.o
                0x080035e0                VectorD4
 .text.VectorD8
                0x08003600       0x20 build/obj/serial_lld.o
                0x08003600                VectorD8
 .text.sd_lld_init
                0x08003620       0x60 build/obj/serial_lld.o
                0x08003620                sd_lld_init
 .text.sd_lld_start
                0x08003680       0x90 build/obj/serial_lld.o
                0x08003680                sd_lld_start
 .text._pal_lld_init
                0x08003710      0x100 build/obj/pal_lld.o
                0x08003710                _pal_lld_init
 .text._pal_lld_setgroupmode
                0x08003810       0xf0 build/obj/pal_lld.o
                0x08003810                _pal_lld_setgroupmode
 .text.__early_init
                0x08003900       0x10 build/obj/board.o
                0x08003900                __early_init
 .text.boardInit
                0x08003910       0x10 build/obj/board.o
                0x08003910                boardInit
 .text.main     0x08003920       0x30 build/obj/main.o
                0x08003920                main
 .text.dacInit  0x08003950       0x60 build/obj/dac.o
                0x08003950                dacInit
 .text.dacSet   0x080039b0       0x30 build/obj/dac.o
                0x080039b0                dacSet
 .text.cpu_io_init
                0x080039e0       0x40 build/obj/cpu_io.o
                0x080039e0                cpu_io_init
 .text.cpu_io_process
                0x08003a20      0x120 build/obj/cpu_io.o
                0x08003a20                cpu_io_process
 .text.funcArgs
                0x08003b40       0x10 build/obj/cpu_io.o
                0x08003b40                funcArgs
 .text.process_command
                0x08003b50       0x70 build/obj/cpu_io.o
 .text.exec_func
                0x08003bc0       0x50 build/obj/cpu_io.o
 .text.writeOscQueue
                0x08003c10       0xa0 build/obj/cpu_io.o
 .text.osc_eaux
                0x08003cb0       0x20 build/obj/cpu_io.o
 .text.osc_eref
                0x08003cd0       0x20 build/obj/cpu_io.o
 .text.osc_iaux
                0x08003cf0       0x20 build/obj/cpu_io.o
 .text.osc_set_period
                0x08003d10       0x50 build/obj/cpu_io.o
 .text.set_leds
                0x08003d60       0x20 build/obj/cpu_io.o
 .text.set_out_relay
                0x08003d80       0x20 build/obj/cpu_io.o
 .text.set_sc_relay
                0x08003da0       0x20 build/obj/cpu_io.o
 .text.set_dac  0x08003dc0       0x20 build/obj/cpu_io.o
 .text.set_one_pulse
                0x08003de0       0x20 build/obj/cpu_io.o
 .text.set_meandr
                0x08003e00       0x20 build/obj/cpu_io.o
 .text.set_sweep
                0x08003e20       0x20 build/obj/cpu_io.o
 .text.hardware_version
                0x08003e40       0x50 build/obj/cpu_io.o
 .text.firmware_version
                0x08003e90       0x50 build/obj/cpu_io.o
 .text.writeResult
                0x08003ee0       0x40 build/obj/cpu_io.o
 .text.writeEom
                0x08003f20       0x20 build/obj/cpu_io.o
 .text.ledsThread
                0x08003f40      0x100 build/obj/led_ctrl.o
 .text.initLed  0x08004040       0xa0 build/obj/led_ctrl.o
                0x08004040                initLed
 .text.setLeds  0x080040e0       0x30 build/obj/led_ctrl.o
                0x080040e0                setLeds
 .text.convAdcReadyCb
                0x08004110       0x90 build/obj/adc_ctrl.o
 .text.initAdc  0x080041a0       0xc0 build/obj/adc_ctrl.o
                0x080041a0                initAdc
 .text.setOscPeriod
                0x08004260       0x20 build/obj/adc_ctrl.o
                0x08004260                setOscPeriod
 .text.commandQueue
                0x08004280       0x10 build/obj/adc_ctrl.o
                0x08004280                commandQueue
 .text.eauxQueue
                0x08004290       0x10 build/obj/adc_ctrl.o
                0x08004290                eauxQueue
 .text.erefQueue
                0x080042a0       0x10 build/obj/adc_ctrl.o
                0x080042a0                erefQueue
 .text.iauxQueue
                0x080042b0       0x10 build/obj/adc_ctrl.o
                0x080042b0                iauxQueue
 .text.modeProcess
                0x080042c0       0x50 build/obj/adc_ctrl.o
                0x080042c0                modeProcess
 .text.modeInit
                0x08004310       0x50 build/obj/adc_ctrl.o
                0x08004310                modeInit
 .text.initDac  0x08004360       0x50 build/obj/adc_ctrl.o
 .text.processDac
                0x080043b0       0x30 build/obj/adc_ctrl.o
 .text.initOnePulse
                0x080043e0      0x110 build/obj/adc_ctrl.o
 .text.processOnePulse
                0x080044f0       0x80 build/obj/adc_ctrl.o
 .text.initMeandr
                0x08004570      0x160 build/obj/adc_ctrl.o
 .text.processMeandr
                0x080046d0       0x90 build/obj/adc_ctrl.o
 .text.initSweep
                0x08004760      0x100 build/obj/adc_ctrl.o
 .text.processSweep
                0x08004860      0x150 build/obj/adc_ctrl.o
 .text.initFb   0x080049b0       0x10 build/obj/adc_ctrl.o
 .text.processFb
                0x080049c0       0x10 build/obj/adc_ctrl.o
 .text.processOsc
                0x080049d0      0x150 build/obj/adc_ctrl.o
 .text.initRelay
                0x08004b20       0x50 build/obj/relay_ctrl.o
                0x08004b20                initRelay
 .text.setOutRelay
                0x08004b70       0x40 build/obj/relay_ctrl.o
                0x08004b70                setOutRelay
 .text.setScRelay
                0x08004bb0       0x40 build/obj/relay_ctrl.o
                0x08004bb0                setScRelay
 *(.rodata)
 .rodata        0x08004bf0       0x10 build/obj/chsys.o
 .rodata        0x08004c00       0x58 build/obj/chdebug.o
 *fill*         0x08004c58        0x8 00
 .rodata        0x08004c60       0x34 build/obj/chvt.o
 *fill*         0x08004c94        0xc 00
 .rodata        0x08004ca0       0x24 build/obj/chschd.o
 *fill*         0x08004cc4        0xc 00
 .rodata        0x08004cd0       0x84 build/obj/chthreads.o
 *fill*         0x08004d54        0xc 00
 .rodata        0x08004d60       0xac build/obj/chmtx.o
 *fill*         0x08004e0c        0x4 00
 .rodata        0x08004e10       0x90 build/obj/chevents.o
 .rodata        0x08004ea0       0x2c build/obj/chqueues.o
 *fill*         0x08004ecc        0x4 00
 .rodata        0x08004ed0      0x110 build/obj/adc.o
 .rodata        0x08004fe0       0x60 build/obj/serial.o
 .rodata        0x08005040       0x34 build/obj/stm32_dma.o
 *fill*         0x08005074        0xc 00
 .rodata        0x08005080       0x14 build/obj/adc_lld.o
 *fill*         0x08005094        0xc 00
 .rodata        0x080050a0       0x18 build/obj/cpu_io.o
 *fill*         0x080050b8        0x8 00
 .rodata        0x080050c0        0x4 build/obj/led_ctrl.o
 *(.rodata.*)
 *fill*         0x080050c4        0xc 00
 .rodata.vmt    0x080050d0       0x24 build/obj/serial.o
 *fill*         0x080050f4        0xc 00
 .rodata._stm32_dma_streams
                0x08005100       0x54 build/obj/stm32_dma.o
                0x08005100                _stm32_dma_streams
 *fill*         0x08005154        0xc 00
 .rodata.default_config
                0x08005160        0xc build/obj/serial_lld.o
 *fill*         0x0800516c        0x4 00
 .rodata.cfgtab.3307
                0x08005170       0x14 build/obj/pal_lld.o
 *fill*         0x08005184        0xc 00
 .rodata.pal_default_config
                0x08005190       0x3c build/obj/board.o
                0x08005190                pal_default_config
 *fill*         0x080051cc        0x4 00
 .rodata.adcGroup
                0x080051d0       0x2c build/obj/adc_ctrl.o
 *(.glue_7t)
 .glue_7t       0x00000000        0x0 linker stubs
 *(.glue_7)
 .glue_7        0x00000000        0x0 linker stubs
 *(.gcc*)

.vfp11_veneer   0x00000000        0x0
 .vfp11_veneer  0x00000000        0x0 linker stubs

.v4_bx          0x00000000        0x0
 .v4_bx         0x00000000        0x0 linker stubs

.ARM.extab
 *(.ARM.extab* .gnu.linkonce.armextab.*)

.ARM.exidx      0x080051fc        0x0
                0x080051fc                PROVIDE (__exidx_start, .)
 *(.ARM.exidx* .gnu.linkonce.armexidx.*)
                0x080051fc                PROVIDE (__exidx_end, .)

.eh_frame_hdr
 *(.eh_frame_hdr)

.eh_frame
 *(.eh_frame)

.textalign      0x080051fc        0x4
                0x08005200                . = ALIGN (0x8)
 *fill*         0x080051fc        0x4 00
                0x08005200                . = ALIGN (0x4)
                0x08005200                _etext = .
                0x08005200                _textdata = _etext

.stacks         0x20000000      0x800
                0x20000000                . = ALIGN (0x8)
                0x20000000                __main_stack_base__ = .
                0x20000400                . = (. + __main_stack_size__)
 *fill*         0x20000000      0x400 00
                0x20000400                . = ALIGN (0x8)
                0x20000400                __main_stack_end__ = .
                0x20000400                __process_stack_base__ = .
                0x20000400                __main_thread_stack_base__ = .
                0x20000800                . = (. + __process_stack_size__)
 *fill*         0x20000400      0x400 00
                0x20000800                . = ALIGN (0x8)
                0x20000800                __process_stack_end__ = .
                0x20000800                __main_thread_stack_end__ = .

.data           0x20000800       0x54 load address 0x08005200
                0x20000800                . = ALIGN (0x4)
                0x20000800                PROVIDE (_data, .)
 *(.data)
                0x20000800                . = ALIGN (0x4)
 *(.data.*)
 .data.funcs    0x20000800       0x34 build/obj/cpu_io.o
 .data.dacHigh  0x20000834        0x4 build/obj/adc_ctrl.o
                0x20000834                dacHigh
 .data.dacLow   0x20000838        0x4 build/obj/adc_ctrl.o
                0x20000838                dacLow
 .data.oscPeriod
                0x2000083c        0x4 build/obj/adc_ctrl.o
                0x2000083c                oscPeriod
 .data.pulsePeriod
                0x20000840        0x4 build/obj/adc_ctrl.o
                0x20000840                pulsePeriod
 .data.meanderPeriod1
                0x20000844        0x4 build/obj/adc_ctrl.o
                0x20000844                meanderPeriod1
 .data.meanderPeriod2
                0x20000848        0x4 build/obj/adc_ctrl.o
                0x20000848                meanderPeriod2
 .data.sweepPeriod
                0x2000084c        0x4 build/obj/adc_ctrl.o
                0x2000084c                sweepPeriod
 .data.sweepSpeed
                0x20000850        0x1 build/obj/adc_ctrl.o
                0x20000850                sweepSpeed
                0x20000854                . = ALIGN (0x4)
 *fill*         0x20000851        0x3 00
 *(.ramtext)
                0x20000854                . = ALIGN (0x4)
                0x20000854                PROVIDE (_edata, .)

.bss            0x20000858      0xd98 load address 0x08005254
                0x20000858                . = ALIGN (0x4)
                0x20000858                PROVIDE (_bss_start, .)
 *(.bss)
                0x20000858                . = ALIGN (0x4)
 *(.bss.*)
 .bss._idle_thread_wa
                0x20000858       0xc0 build/obj/chsys.o
                0x20000858                _idle_thread_wa
 .bss.mainthread.1986
                0x20000918       0x48 build/obj/chsys.o
 .bss.dbg_isr_cnt
                0x20000960        0x4 build/obj/chdebug.o
                0x20000960                dbg_isr_cnt
 .bss.dbg_lock_cnt
                0x20000964        0x4 build/obj/chdebug.o
                0x20000964                dbg_lock_cnt
 .bss.dbg_trace_buffer
                0x20000968      0x408 build/obj/chdebug.o
                0x20000968                dbg_trace_buffer
 .bss.dbg_panic_msg
                0x20000d70        0x4 build/obj/chdebug.o
                0x20000d70                dbg_panic_msg
 .bss.vtlist    0x20000d74       0x10 build/obj/chvt.o
                0x20000d74                vtlist
 .bss.rlist     0x20000d84       0x20 build/obj/chschd.o
                0x20000d84                rlist
 .bss.nextmem   0x20000da4        0x4 build/obj/chmemcore.o
 .bss.endmem    0x20000da8        0x4 build/obj/chmemcore.o
 .bss.measurement_offset
                0x20000dac        0x4 build/obj/tm.o
 .bss.dma_streams_mask
                0x20000db0        0x4 build/obj/stm32_dma.o
 .bss.dma_isr_redir
                0x20000db4       0x38 build/obj/stm32_dma.o
 .bss.ADCD1     0x20000dec       0x34 build/obj/adc_lld.o
                0x20000dec                ADCD1
 .bss.I2CD1     0x20000e20       0x58 build/obj/i2c_lld.o
                0x20000e20                I2CD1
 .bss.SD1       0x20000e78       0xd4 build/obj/serial_lld.o
                0x20000e78                SD1
 .bss.SD2       0x20000f4c       0xd4 build/obj/serial_lld.o
                0x20000f4c                SD2
 .bss.buffer    0x20001020       0x20 build/obj/cpu_io.o
 .bss.args      0x20001040       0x20 build/obj/cpu_io.o
 .bss.slash.3686
                0x20001060        0x1 build/obj/cpu_io.o
 *fill*         0x20001061        0x3 00
 .bss.out_index.3687
                0x20001064        0x4 build/obj/cpu_io.o
 .bss.mutex     0x20001068       0x10 build/obj/led_ctrl.o
 .bss.value     0x20001078        0x4 build/obj/led_ctrl.o
 *fill*         0x2000107c        0x4 00
 .bss.waLeds    0x20001080      0x1b0 build/obj/led_ctrl.o
 .bss.arg.3343  0x20001230        0x4 build/obj/led_ctrl.o
 .bss.eaux_queue
                0x20001234       0x20 build/obj/adc_ctrl.o
                0x20001234                eaux_queue
 .bss.eref_queue
                0x20001254       0x20 build/obj/adc_ctrl.o
                0x20001254                eref_queue
 .bss.iaux_queue
                0x20001274       0x20 build/obj/adc_ctrl.o
                0x20001274                iaux_queue
 .bss.eaux_queue_buffer
                0x20001294      0x100 build/obj/adc_ctrl.o
                0x20001294                eaux_queue_buffer
 .bss.eref_queue_buffer
                0x20001394      0x100 build/obj/adc_ctrl.o
                0x20001394                eref_queue_buffer
 .bss.iaux_queue_buffer
                0x20001494      0x100 build/obj/adc_ctrl.o
                0x20001494                iaux_queue_buffer
 .bss.command_queue
                0x20001594       0x20 build/obj/adc_ctrl.o
                0x20001594                command_queue
 .bss.command_queue_buffer
                0x200015b4        0x4 build/obj/adc_ctrl.o
                0x200015b4                command_queue_buffer
 .bss.oscTime   0x200015b8        0x4 build/obj/adc_ctrl.o
                0x200015b8                oscTime
 .bss.mode      0x200015bc        0x1 build/obj/adc_ctrl.o
                0x200015bc                mode
 *fill*         0x200015bd        0x3 00
 .bss.adcSamples
                0x200015c0        0xc build/obj/adc_ctrl.o
 .bss.pulseTime
                0x200015cc        0x4 build/obj/adc_ctrl.o
                0x200015cc                pulseTime
 .bss.pulseDac  0x200015d0        0x4 build/obj/adc_ctrl.o
                0x200015d0                pulseDac
 .bss.pulseDacSave
                0x200015d4        0x4 build/obj/adc_ctrl.o
                0x200015d4                pulseDacSave
 .bss.meanderTime
                0x200015d8        0x4 build/obj/adc_ctrl.o
                0x200015d8                meanderTime
 .bss.meanderDac1
                0x200015dc        0x4 build/obj/adc_ctrl.o
                0x200015dc                meanderDac1
 .bss.meanderDac2
                0x200015e0        0x4 build/obj/adc_ctrl.o
                0x200015e0                meanderDac2
 .bss.sweepTime
                0x200015e4        0x4 build/obj/adc_ctrl.o
                0x200015e4                sweepTime
 .bss.sweepDac1
                0x200015e8        0x4 build/obj/adc_ctrl.o
                0x200015e8                sweepDac1
 .bss.sweepDac2
                0x200015ec        0x4 build/obj/adc_ctrl.o
                0x200015ec                sweepDac2
                0x200015f0                . = ALIGN (0x4)
 *(COMMON)
                0x200015f0                . = ALIGN (0x4)
                0x200015f0                PROVIDE (_bss_end, .)
                0x200015f0                PROVIDE (end, .)
                0x200015f0                _end = .
                0x200015f0                __heap_base__ = _end
                0x20002000                __heap_end__ = __ram_end__
OUTPUT(build/ch.elf elf32-littlearm)

.debug_abbrev   0x00000000     0x60d2
 .debug_abbrev  0x00000000       0xc1 build/obj/crt0.o
 .debug_abbrev  0x000000c1       0x7d build/obj/vectors.o
 .debug_abbrev  0x0000013e       0x4a build/obj/chcore.o
 .debug_abbrev  0x00000188      0x1b4 build/obj/chcore_v7m.o
 .debug_abbrev  0x0000033c       0xf5 build/obj/nvic.o
 .debug_abbrev  0x00000431      0x16e build/obj/chsys.o
 .debug_abbrev  0x0000059f      0x1cd build/obj/chdebug.o
 .debug_abbrev  0x0000076c       0x33 build/obj/chlists.o
 .debug_abbrev  0x0000079f      0x137 build/obj/chvt.o
 .debug_abbrev  0x000008d6      0x1ed build/obj/chschd.o
 .debug_abbrev  0x00000ac3      0x207 build/obj/chthreads.o
 .debug_abbrev  0x00000cca       0x33 build/obj/chdynamic.o
 .debug_abbrev  0x00000cfd      0x12e build/obj/chregistry.o
 .debug_abbrev  0x00000e2b      0x1ce build/obj/chsem.o
 .debug_abbrev  0x00000ff9      0x1bf build/obj/chmtx.o
 .debug_abbrev  0x000011b8      0x1c6 build/obj/chcond.o
 .debug_abbrev  0x0000137e      0x1b2 build/obj/chevents.o
 .debug_abbrev  0x00001530      0x171 build/obj/chmsg.o
 .debug_abbrev  0x000016a1      0x1be build/obj/chmboxes.o
 .debug_abbrev  0x0000185f      0x1ed build/obj/chqueues.o
 .debug_abbrev  0x00001a4c       0xf9 build/obj/chmemcore.o
 .debug_abbrev  0x00001b45       0x33 build/obj/chheap.o
 .debug_abbrev  0x00001b78       0x33 build/obj/chmempools.o
 .debug_abbrev  0x00001bab      0x2d8 build/obj/test.o
 .debug_abbrev  0x00001e83      0x1b3 build/obj/testthd.o
 .debug_abbrev  0x00002036      0x22e build/obj/testsem.o
 .debug_abbrev  0x00002264      0x241 build/obj/testmtx.o
 .debug_abbrev  0x000024a5      0x16d build/obj/testmsg.o
 .debug_abbrev  0x00002612      0x199 build/obj/testmbox.o
 .debug_abbrev  0x000027ab      0x20d build/obj/testevt.o
 .debug_abbrev  0x000029b8       0x8b build/obj/testheap.o
 .debug_abbrev  0x00002a43       0x8b build/obj/testpools.o
 .debug_abbrev  0x00002ace       0x8b build/obj/testdyn.o
 .debug_abbrev  0x00002b59      0x1d6 build/obj/testqueues.o
 .debug_abbrev  0x00002d2f      0x26b build/obj/testbmk.o
 .debug_abbrev  0x00002f9a      0x136 build/obj/hal.o
 .debug_abbrev  0x000030d0      0x1ef build/obj/adc.o
 .debug_abbrev  0x000032bf       0x58 build/obj/can.o
 .debug_abbrev  0x00003317       0x58 build/obj/ext.o
 .debug_abbrev  0x0000336f       0x58 build/obj/gpt.o
 .debug_abbrev  0x000033c7      0x222 build/obj/i2c.o
 .debug_abbrev  0x000035e9       0x58 build/obj/icu.o
 .debug_abbrev  0x00003641       0x58 build/obj/mac.o
 .debug_abbrev  0x00003699      0x105 build/obj/pal.o
 .debug_abbrev  0x0000379e       0x58 build/obj/pwm.o
 .debug_abbrev  0x000037f6       0x58 build/obj/sdc.o
 .debug_abbrev  0x0000384e      0x1fb build/obj/serial.o
 .debug_abbrev  0x00003a49       0x58 build/obj/spi.o
 .debug_abbrev  0x00003aa1       0x58 build/obj/uart.o
 .debug_abbrev  0x00003af9       0x58 build/obj/usb.o
 .debug_abbrev  0x00003b51      0x113 build/obj/tm.o
 .debug_abbrev  0x00003c64       0x58 build/obj/mmc_spi.o
 .debug_abbrev  0x00003cbc       0x58 build/obj/serial_usb.o
 .debug_abbrev  0x00003d14       0x58 build/obj/rtc.o
 .debug_abbrev  0x00003d6c      0x184 build/obj/stm32_dma.o
 .debug_abbrev  0x00003ef0       0xf2 build/obj/hal_lld.o
 .debug_abbrev  0x00003fe2      0x1d7 build/obj/adc_lld.o
 .debug_abbrev  0x000041b9       0x58 build/obj/can_lld.o
 .debug_abbrev  0x00004211       0x58 build/obj/ext_lld.o
 .debug_abbrev  0x00004269       0x58 build/obj/gpt_lld.o
 .debug_abbrev  0x000042c1      0x26e build/obj/i2c_lld.o
 .debug_abbrev  0x0000452f       0x58 build/obj/icu_lld.o
 .debug_abbrev  0x00004587       0x58 build/obj/mac_lld.o
 .debug_abbrev  0x000045df       0x58 build/obj/pwm_lld.o
 .debug_abbrev  0x00004637      0x22f build/obj/serial_lld.o
 .debug_abbrev  0x00004866       0x58 build/obj/sdc_lld.o
 .debug_abbrev  0x000048be       0x58 build/obj/spi_lld.o
 .debug_abbrev  0x00004916       0x58 build/obj/uart_lld.o
 .debug_abbrev  0x0000496e      0x123 build/obj/pal_lld.o
 .debug_abbrev  0x00004a91       0x58 build/obj/usb_lld.o
 .debug_abbrev  0x00004ae9       0x58 build/obj/rtc_lld.o
 .debug_abbrev  0x00004b41       0xc7 build/obj/board.o
 .debug_abbrev  0x00004c08      0x155 build/obj/evtimer.o
 .debug_abbrev  0x00004d5d      0x1ae build/obj/syscalls.o
 .debug_abbrev  0x00004f0b      0x217 build/obj/shell.o
 .debug_abbrev  0x00005122      0x149 build/obj/chprintf.o
 .debug_abbrev  0x0000526b      0x141 build/obj/iwdg.o
 .debug_abbrev  0x000053ac      0x15e build/obj/iwdg_lld.o
 .debug_abbrev  0x0000550a       0x71 build/obj/main.o
 .debug_abbrev  0x0000557b       0xf2 build/obj/dac.o
 .debug_abbrev  0x0000566d      0x26c build/obj/cpu_io.o
 .debug_abbrev  0x000058d9      0x1a8 build/obj/led_ctrl.o
 .debug_abbrev  0x00005a81      0x287 build/obj/adc_ctrl.o
 .debug_abbrev  0x00005d08       0xcd build/obj/relay_ctrl.o
 .debug_abbrev  0x00005dd5       0xa5 c:/programs/yagarto/bin/../lib/gcc/arm-none-eabi/4.5.0/../../../../arm-none-eabi/lib/thumb/v7m\libc.a(lib_a-memset.o)
 .debug_abbrev  0x00005e7a       0xd1 c:/programs/yagarto/bin/../lib/gcc/arm-none-eabi/4.5.0/../../../../arm-none-eabi/lib/thumb/v7m\libc.a(lib_a-strcasecmp.o)
 .debug_abbrev  0x00005f4b       0x87 c:/programs/yagarto/bin/../lib/gcc/arm-none-eabi/4.5.0/../../../../arm-none-eabi/lib/thumb/v7m\libc.a(lib_a-strpbrk.o)
 .debug_abbrev  0x00005fd2       0x94 c:/programs/yagarto/bin/../lib/gcc/arm-none-eabi/4.5.0/../../../../arm-none-eabi/lib/thumb/v7m\libc.a(lib_a-strspn.o)
 .debug_abbrev  0x00006066       0x6c c:/programs/yagarto/bin/../lib/gcc/arm-none-eabi/4.5.0/../../../../arm-none-eabi/lib/thumb/v7m\libc.a(lib_a-ctype_.o)

.debug_info     0x00000000    0x1b16f
 .debug_info    0x00000000      0x34f build/obj/crt0.o
 .debug_info    0x0000034f       0xb8 build/obj/vectors.o
 .debug_info    0x00000407       0x8e build/obj/chcore.o
 .debug_info    0x00000495      0x7e9 build/obj/chcore_v7m.o
 .debug_info    0x00000c7e      0x434 build/obj/nvic.o
 .debug_info    0x000010b2      0x652 build/obj/chsys.o
 .debug_info    0x00001704      0x816 build/obj/chdebug.o
 .debug_info    0x00001f1a       0x76 build/obj/chlists.o
 .debug_info    0x00001f90      0x27b build/obj/chvt.o
 .debug_info    0x0000220b      0x746 build/obj/chschd.o
 .debug_info    0x00002951      0xa83 build/obj/chthreads.o
 .debug_info    0x000033d4       0x76 build/obj/chdynamic.o
 .debug_info    0x0000344a      0x518 build/obj/chregistry.o
 .debug_info    0x00003962      0x8c6 build/obj/chsem.o
 .debug_info    0x00004228      0x813 build/obj/chmtx.o
 .debug_info    0x00004a3b      0x7b3 build/obj/chcond.o
 .debug_info    0x000051ee      0xbe8 build/obj/chevents.o
 .debug_info    0x00005dd6      0x5ff build/obj/chmsg.o
 .debug_info    0x000063d5      0x85a build/obj/chmboxes.o
 .debug_info    0x00006c2f      0xa5f build/obj/chqueues.o
 .debug_info    0x0000768e      0x1d7 build/obj/chmemcore.o
 .debug_info    0x00007865       0x76 build/obj/chheap.o
 .debug_info    0x000078db       0x76 build/obj/chmempools.o
 .debug_info    0x00007951      0xedf build/obj/test.o
 .debug_info    0x00008830      0x7d4 build/obj/testthd.o
 .debug_info    0x00009004      0x970 build/obj/testsem.o
 .debug_info    0x00009974      0xc71 build/obj/testmtx.o
 .debug_info    0x0000a5e5      0x5a2 build/obj/testmsg.o
 .debug_info    0x0000ab87      0xbf7 build/obj/testmbox.o
 .debug_info    0x0000b77e      0x8f4 build/obj/testevt.o
 .debug_info    0x0000c072      0x100 build/obj/testheap.o
 .debug_info    0x0000c172      0x100 build/obj/testpools.o
 .debug_info    0x0000c272      0x101 build/obj/testdyn.o
 .debug_info    0x0000c373      0xe64 build/obj/testqueues.o
 .debug_info    0x0000d1d7      0xdac build/obj/testbmk.o
 .debug_info    0x0000df83      0x2b4 build/obj/hal.o
 .debug_info    0x0000e237      0xc71 build/obj/adc.o
 .debug_info    0x0000eea8       0xa2 build/obj/can.o
 .debug_info    0x0000ef4a       0xa2 build/obj/ext.o
 .debug_info    0x0000efec       0xa2 build/obj/gpt.o
 .debug_info    0x0000f08e      0xc09 build/obj/i2c.o
 .debug_info    0x0000fc97       0xa2 build/obj/icu.o
 .debug_info    0x0000fd39       0xa2 build/obj/mac.o
 .debug_info    0x0000fddb      0x243 build/obj/pal.o
 .debug_info    0x0001001e       0xa2 build/obj/pwm.o
 .debug_info    0x000100c0       0xa2 build/obj/sdc.o
 .debug_info    0x00010162      0xdbe build/obj/serial.o
 .debug_info    0x00010f20       0xa2 build/obj/spi.o
 .debug_info    0x00010fc2       0xa2 build/obj/uart.o
 .debug_info    0x00011064       0xa2 build/obj/usb.o
 .debug_info    0x00011106      0x281 build/obj/tm.o
 .debug_info    0x00011387       0xa2 build/obj/mmc_spi.o
 .debug_info    0x00011429       0xa2 build/obj/serial_usb.o
 .debug_info    0x000114cb       0xa2 build/obj/rtc.o
 .debug_info    0x0001156d      0x63d build/obj/stm32_dma.o
 .debug_info    0x00011baa      0x3ab build/obj/hal_lld.o
 .debug_info    0x00011f55      0xb97 build/obj/adc_lld.o
 .debug_info    0x00012aec       0xa2 build/obj/can_lld.o
 .debug_info    0x00012b8e       0xa2 build/obj/ext_lld.o
 .debug_info    0x00012c30       0xa2 build/obj/gpt_lld.o
 .debug_info    0x00012cd2     0x1382 build/obj/i2c_lld.o
 .debug_info    0x00014054       0xa2 build/obj/icu_lld.o
 .debug_info    0x000140f6       0xa2 build/obj/mac_lld.o
 .debug_info    0x00014198       0xa2 build/obj/pwm_lld.o
 .debug_info    0x0001423a      0xe2f build/obj/serial_lld.o
 .debug_info    0x00015069       0xa2 build/obj/sdc_lld.o
 .debug_info    0x0001510b       0xa2 build/obj/spi_lld.o
 .debug_info    0x000151ad       0xa2 build/obj/uart_lld.o
 .debug_info    0x0001524f      0x397 build/obj/pal_lld.o
 .debug_info    0x000155e6       0xa2 build/obj/usb_lld.o
 .debug_info    0x00015688       0xa2 build/obj/rtc_lld.o
 .debug_info    0x0001572a      0x189 build/obj/board.o
 .debug_info    0x000158b3      0x5cb build/obj/evtimer.o
 .debug_info    0x00015e7e      0xccc build/obj/syscalls.o
 .debug_info    0x00016b4a      0xbbf build/obj/shell.o
 .debug_info    0x00017709      0x3ee build/obj/chprintf.o
 .debug_info    0x00017af7      0x293 build/obj/iwdg.o
 .debug_info    0x00017d8a      0x259 build/obj/iwdg_lld.o
 .debug_info    0x00017fe3       0xbf build/obj/main.o
 .debug_info    0x000180a2      0x341 build/obj/dac.o
 .debug_info    0x000183e3      0xe90 build/obj/cpu_io.o
 .debug_info    0x00019273      0x63e build/obj/led_ctrl.o
 .debug_info    0x000198b1     0x1272 build/obj/adc_ctrl.o
 .debug_info    0x0001ab23      0x1ae build/obj/relay_ctrl.o
 .debug_info    0x0001acd1      0x117 c:/programs/yagarto/bin/../lib/gcc/arm-none-eabi/4.5.0/../../../../arm-none-eabi/lib/thumb/v7m\libc.a(lib_a-memset.o)
 .debug_info    0x0001ade8      0x15e c:/programs/yagarto/bin/../lib/gcc/arm-none-eabi/4.5.0/../../../../arm-none-eabi/lib/thumb/v7m\libc.a(lib_a-strcasecmp.o)
 .debug_info    0x0001af46       0xc8 c:/programs/yagarto/bin/../lib/gcc/arm-none-eabi/4.5.0/../../../../arm-none-eabi/lib/thumb/v7m\libc.a(lib_a-strpbrk.o)
 .debug_info    0x0001b00e       0xda c:/programs/yagarto/bin/../lib/gcc/arm-none-eabi/4.5.0/../../../../arm-none-eabi/lib/thumb/v7m\libc.a(lib_a-strspn.o)
 .debug_info    0x0001b0e8       0x87 c:/programs/yagarto/bin/../lib/gcc/arm-none-eabi/4.5.0/../../../../arm-none-eabi/lib/thumb/v7m\libc.a(lib_a-ctype_.o)

.debug_line     0x00000000     0x98aa
 .debug_line    0x00000000      0x129 build/obj/crt0.o
 .debug_line    0x00000129       0x6e build/obj/vectors.o
 .debug_line    0x00000197       0x63 build/obj/chcore.o
 .debug_line    0x000001fa      0x1f4 build/obj/chcore_v7m.o
 .debug_line    0x000003ee       0xe5 build/obj/nvic.o
 .debug_line    0x000004d3      0x194 build/obj/chsys.o
 .debug_line    0x00000667      0x2a8 build/obj/chdebug.o
 .debug_line    0x0000090f       0x1d build/obj/chlists.o
 .debug_line    0x0000092c      0x197 build/obj/chvt.o
 .debug_line    0x00000ac3      0x28a build/obj/chschd.o
 .debug_line    0x00000d4d      0x34c build/obj/chthreads.o
 .debug_line    0x00001099       0x1d build/obj/chdynamic.o
 .debug_line    0x000010b6      0x158 build/obj/chregistry.o
 .debug_line    0x0000120e      0x3a3 build/obj/chsem.o
 .debug_line    0x000015b1      0x2e5 build/obj/chmtx.o
 .debug_line    0x00001896      0x296 build/obj/chcond.o
 .debug_line    0x00001b2c      0x30f build/obj/chevents.o
 .debug_line    0x00001e3b      0x1b9 build/obj/chmsg.o
 .debug_line    0x00001ff4      0x292 build/obj/chmboxes.o
 .debug_line    0x00002286      0x33e build/obj/chqueues.o
 .debug_line    0x000025c4      0x131 build/obj/chmemcore.o
 .debug_line    0x000026f5       0x1d build/obj/chheap.o
 .debug_line    0x00002712       0x1d build/obj/chmempools.o
 .debug_line    0x0000272f      0x4b5 build/obj/test.o
 .debug_line    0x00002be4      0x1d3 build/obj/testthd.o
 .debug_line    0x00002db7      0x29f build/obj/testsem.o
 .debug_line    0x00003056      0x43c build/obj/testmtx.o
 .debug_line    0x00003492      0x160 build/obj/testmsg.o
 .debug_line    0x000035f2      0x2d0 build/obj/testmbox.o
 .debug_line    0x000038c2      0x255 build/obj/testevt.o
 .debug_line    0x00003b17       0x4b build/obj/testheap.o
 .debug_line    0x00003b62       0x4c build/obj/testpools.o
 .debug_line    0x00003bae       0x4a build/obj/testdyn.o
 .debug_line    0x00003bf8      0x447 build/obj/testqueues.o
 .debug_line    0x0000403f      0x542 build/obj/testbmk.o
 .debug_line    0x00004581      0x21b build/obj/hal.o
 .debug_line    0x0000479c      0x3c9 build/obj/adc.o
 .debug_line    0x00004b65       0xa9 build/obj/can.o
 .debug_line    0x00004c0e       0xa9 build/obj/ext.o
 .debug_line    0x00004cb7       0xa9 build/obj/gpt.o
 .debug_line    0x00004d60      0x3cd build/obj/i2c.o
 .debug_line    0x0000512d       0xa9 build/obj/icu.o
 .debug_line    0x000051d6       0xa9 build/obj/mac.o
 .debug_line    0x0000527f      0x1cc build/obj/pal.o
 .debug_line    0x0000544b       0xa9 build/obj/pwm.o
 .debug_line    0x000054f4       0xa9 build/obj/sdc.o
 .debug_line    0x0000559d      0x3cd build/obj/serial.o
 .debug_line    0x0000596a       0xa9 build/obj/spi.o
 .debug_line    0x00005a13       0xa9 build/obj/uart.o
 .debug_line    0x00005abc       0xa9 build/obj/usb.o
 .debug_line    0x00005b65      0x1b5 build/obj/tm.o
 .debug_line    0x00005d1a       0xa9 build/obj/mmc_spi.o
 .debug_line    0x00005dc3       0xa9 build/obj/serial_usb.o
 .debug_line    0x00005e6c       0xa9 build/obj/rtc.o
 .debug_line    0x00005f15      0x24c build/obj/stm32_dma.o
 .debug_line    0x00006161      0x1a0 build/obj/hal_lld.o
 .debug_line    0x00006301      0x32b build/obj/adc_lld.o
 .debug_line    0x0000662c       0xa9 build/obj/can_lld.o
 .debug_line    0x000066d5       0xa9 build/obj/ext_lld.o
 .debug_line    0x0000677e       0xa9 build/obj/gpt_lld.o
 .debug_line    0x00006827      0x59f build/obj/i2c_lld.o
 .debug_line    0x00006dc6       0xa9 build/obj/icu_lld.o
 .debug_line    0x00006e6f       0xa9 build/obj/mac_lld.o
 .debug_line    0x00006f18       0xa9 build/obj/pwm_lld.o
 .debug_line    0x00006fc1      0x375 build/obj/serial_lld.o
 .debug_line    0x00007336       0xa9 build/obj/sdc_lld.o
 .debug_line    0x000073df       0xa9 build/obj/spi_lld.o
 .debug_line    0x00007488       0xa9 build/obj/uart_lld.o
 .debug_line    0x00007531      0x183 build/obj/pal_lld.o
 .debug_line    0x000076b4       0xa9 build/obj/usb_lld.o
 .debug_line    0x0000775d       0xa9 build/obj/rtc_lld.o
 .debug_line    0x00007806      0x119 build/obj/board.o
 .debug_line    0x0000791f      0x17b build/obj/evtimer.o
 .debug_line    0x00007a9a      0x199 build/obj/syscalls.o
 .debug_line    0x00007c33      0x329 build/obj/shell.o
 .debug_line    0x00007f5c      0x234 build/obj/chprintf.o
 .debug_line    0x00008190      0x161 build/obj/iwdg.o
 .debug_line    0x000082f1      0x16e build/obj/iwdg_lld.o
 .debug_line    0x0000845f       0xdb build/obj/main.o
 .debug_line    0x0000853a      0x15c build/obj/dac.o
 .debug_line    0x00008696      0x4f4 build/obj/cpu_io.o
 .debug_line    0x00008b8a      0x25a build/obj/led_ctrl.o
 .debug_line    0x00008de4      0x4b3 build/obj/adc_ctrl.o
 .debug_line    0x00009297      0x170 build/obj/relay_ctrl.o
 .debug_line    0x00009407      0x16f c:/programs/yagarto/bin/../lib/gcc/arm-none-eabi/4.5.0/../../../../arm-none-eabi/lib/thumb/v7m\libc.a(lib_a-memset.o)
 .debug_line    0x00009576       0xd3 c:/programs/yagarto/bin/../lib/gcc/arm-none-eabi/4.5.0/../../../../arm-none-eabi/lib/thumb/v7m\libc.a(lib_a-strcasecmp.o)
 .debug_line    0x00009649       0xdd c:/programs/yagarto/bin/../lib/gcc/arm-none-eabi/4.5.0/../../../../arm-none-eabi/lib/thumb/v7m\libc.a(lib_a-strpbrk.o)
 .debug_line    0x00009726      0x121 c:/programs/yagarto/bin/../lib/gcc/arm-none-eabi/4.5.0/../../../../arm-none-eabi/lib/thumb/v7m\libc.a(lib_a-strspn.o)
 .debug_line    0x00009847       0x63 c:/programs/yagarto/bin/../lib/gcc/arm-none-eabi/4.5.0/../../../../arm-none-eabi/lib/thumb/v7m\libc.a(lib_a-ctype_.o)

.debug_pubnames
                0x00000000     0x1c0b
 .debug_pubnames
                0x00000000       0x56 build/obj/crt0.o
 .debug_pubnames
                0x00000056       0x38 build/obj/vectors.o
 .debug_pubnames
                0x0000008e       0x20 build/obj/chcore.o
 .debug_pubnames
                0x000000ae       0x9d build/obj/chcore_v7m.o
 .debug_pubnames
                0x0000014b       0x5e build/obj/nvic.o
 .debug_pubnames
                0x000001a9       0x5c build/obj/chsys.o
 .debug_pubnames
                0x00000205      0x184 build/obj/chdebug.o
 .debug_pubnames
                0x00000389       0x59 build/obj/chvt.o
 .debug_pubnames
                0x000003e2       0xa7 build/obj/chschd.o
 .debug_pubnames
                0x00000489       0xf3 build/obj/chthreads.o
 .debug_pubnames
                0x0000057c       0x3b build/obj/chregistry.o
 .debug_pubnames
                0x000005b7       0xd1 build/obj/chsem.o
 .debug_pubnames
                0x00000688       0x94 build/obj/chmtx.o
 .debug_pubnames
                0x0000071c       0xb9 build/obj/chcond.o
 .debug_pubnames
                0x000007d5      0x14b build/obj/chevents.o
 .debug_pubnames
                0x00000920       0x3f build/obj/chmsg.o
 .debug_pubnames
                0x0000095f       0xba build/obj/chmboxes.o
 .debug_pubnames
                0x00000a19       0xb3 build/obj/chqueues.o
 .debug_pubnames
                0x00000acc       0x53 build/obj/chmemcore.o
 .debug_pubnames
                0x00000b1f      0x158 build/obj/test.o
 .debug_pubnames
                0x00000c77       0x55 build/obj/testthd.o
 .debug_pubnames
                0x00000ccc       0x55 build/obj/testsem.o
 .debug_pubnames
                0x00000d21       0x89 build/obj/testmtx.o
 .debug_pubnames
                0x00000daa       0x2e build/obj/testmsg.o
 .debug_pubnames
                0x00000dd8       0x30 build/obj/testmbox.o
 .debug_pubnames
                0x00000e08       0x48 build/obj/testevt.o
 .debug_pubnames
                0x00000e50       0x22 build/obj/testheap.o
 .debug_pubnames
                0x00000e72       0x23 build/obj/testpools.o
 .debug_pubnames
                0x00000e95       0x21 build/obj/testdyn.o
 .debug_pubnames
                0x00000eb6       0x44 build/obj/testqueues.o
 .debug_pubnames
                0x00000efa       0xda build/obj/testbmk.o
 .debug_pubnames
                0x00000fd4       0x48 build/obj/hal.o
 .debug_pubnames
                0x0000101c       0xd8 build/obj/adc.o
 .debug_pubnames
                0x000010f4       0xcd build/obj/i2c.o
 .debug_pubnames
                0x000011c1       0x43 build/obj/pal.o
 .debug_pubnames
                0x00001204       0x6c build/obj/serial.o
 .debug_pubnames
                0x00001270       0x2e build/obj/tm.o
 .debug_pubnames
                0x0000129e       0xbb build/obj/stm32_dma.o
 .debug_pubnames
                0x00001359       0x38 build/obj/hal_lld.o
 .debug_pubnames
                0x00001391       0x89 build/obj/adc_lld.o
 .debug_pubnames
                0x0000141a       0xce build/obj/i2c_lld.o
 .debug_pubnames
                0x000014e8       0x6d build/obj/serial_lld.o
 .debug_pubnames
                0x00001555       0x3e build/obj/pal_lld.o
 .debug_pubnames
                0x00001593       0x48 build/obj/board.o
 .debug_pubnames
                0x000015db       0x2b build/obj/evtimer.o
 .debug_pubnames
                0x00001606       0x6c build/obj/syscalls.o
 .debug_pubnames
                0x00001672       0x5c build/obj/shell.o
 .debug_pubnames
                0x000016ce       0x1f build/obj/chprintf.o
 .debug_pubnames
                0x000016ed       0x3b build/obj/iwdg.o
 .debug_pubnames
                0x00001728       0x54 build/obj/iwdg_lld.o
 .debug_pubnames
                0x0000177c       0x1b build/obj/main.o
 .debug_pubnames
                0x00001797       0x29 build/obj/dac.o
 .debug_pubnames
                0x000017c0       0x42 build/obj/cpu_io.o
 .debug_pubnames
                0x00001802       0x61 build/obj/led_ctrl.o
 .debug_pubnames
                0x00001863      0x2c0 build/obj/adc_ctrl.o
 .debug_pubnames
                0x00001b23       0x3f build/obj/relay_ctrl.o
 .debug_pubnames
                0x00001b62       0x1d c:/programs/yagarto/bin/../lib/gcc/arm-none-eabi/4.5.0/../../../../arm-none-eabi/lib/thumb/v7m\libc.a(lib_a-memset.o)
 .debug_pubnames
                0x00001b7f       0x21 c:/programs/yagarto/bin/../lib/gcc/arm-none-eabi/4.5.0/../../../../arm-none-eabi/lib/thumb/v7m\libc.a(lib_a-strcasecmp.o)
 .debug_pubnames
                0x00001ba0       0x1e c:/programs/yagarto/bin/../lib/gcc/arm-none-eabi/4.5.0/../../../../arm-none-eabi/lib/thumb/v7m\libc.a(lib_a-strpbrk.o)
 .debug_pubnames
                0x00001bbe       0x1d c:/programs/yagarto/bin/../lib/gcc/arm-none-eabi/4.5.0/../../../../arm-none-eabi/lib/thumb/v7m\libc.a(lib_a-strspn.o)
 .debug_pubnames
                0x00001bdb       0x30 c:/programs/yagarto/bin/../lib/gcc/arm-none-eabi/4.5.0/../../../../arm-none-eabi/lib/thumb/v7m\libc.a(lib_a-ctype_.o)

.debug_pubtypes
                0x00000000     0x44a2
 .debug_pubtypes
                0x00000000       0x44 build/obj/crt0.o
 .debug_pubtypes
                0x00000044       0x12 build/obj/vectors.o
 .debug_pubtypes
                0x00000056       0x12 build/obj/chcore.o
 .debug_pubtypes
                0x00000068      0x13e build/obj/chcore_v7m.o
 .debug_pubtypes
                0x000001a6       0x38 build/obj/nvic.o
 .debug_pubtypes
                0x000001de      0x16d build/obj/chsys.o
 .debug_pubtypes
                0x0000034b      0x18a build/obj/chdebug.o
 .debug_pubtypes
                0x000004d5       0x12 build/obj/chlists.o
 .debug_pubtypes
                0x000004e7       0x7e build/obj/chvt.o
 .debug_pubtypes
                0x00000565      0x172 build/obj/chschd.o
 .debug_pubtypes
                0x000006d7      0x178 build/obj/chthreads.o
 .debug_pubtypes
                0x0000084f       0x12 build/obj/chdynamic.o
 .debug_pubtypes
                0x00000861      0x127 build/obj/chregistry.o
 .debug_pubtypes
                0x00000988      0x143 build/obj/chsem.o
 .debug_pubtypes
                0x00000acb      0x132 build/obj/chmtx.o
 .debug_pubtypes
                0x00000bfd      0x13f build/obj/chcond.o
 .debug_pubtypes
                0x00000d3c      0x189 build/obj/chevents.o
 .debug_pubtypes
                0x00000ec5      0x127 build/obj/chmsg.o
 .debug_pubtypes
                0x00000fec      0x141 build/obj/chmboxes.o
 .debug_pubtypes
                0x0000112d      0x18c build/obj/chqueues.o
 .debug_pubtypes
                0x000012b9       0x36 build/obj/chmemcore.o
 .debug_pubtypes
                0x000012ef       0x12 build/obj/chheap.o
 .debug_pubtypes
                0x00001301       0x12 build/obj/chmempools.o
 .debug_pubtypes
                0x00001313      0x1b8 build/obj/test.o
 .debug_pubtypes
                0x000014cb      0x16e build/obj/testthd.o
 .debug_pubtypes
                0x00001639      0x19e build/obj/testsem.o
 .debug_pubtypes
                0x000017d7      0x191 build/obj/testmtx.o
 .debug_pubtypes
                0x00001968      0x134 build/obj/testmsg.o
 .debug_pubtypes
                0x00001a9c      0x15f build/obj/testmbox.o
 .debug_pubtypes
                0x00001bfb      0x1d0 build/obj/testevt.o
 .debug_pubtypes
                0x00001dcb       0x1f build/obj/testheap.o
 .debug_pubtypes
                0x00001dea       0x1f build/obj/testpools.o
 .debug_pubtypes
                0x00001e09       0x1f build/obj/testdyn.o
 .debug_pubtypes
                0x00001e28      0x1aa build/obj/testqueues.o
 .debug_pubtypes
                0x00001fd2      0x1d4 build/obj/testbmk.o
 .debug_pubtypes
                0x000021a6       0x76 build/obj/hal.o
 .debug_pubtypes
                0x0000221c      0x238 build/obj/adc.o
 .debug_pubtypes
                0x00002454       0x1e build/obj/can.o
 .debug_pubtypes
                0x00002472       0x1e build/obj/ext.o
 .debug_pubtypes
                0x00002490       0x1e build/obj/gpt.o
 .debug_pubtypes
                0x000024ae      0x1ef build/obj/i2c.o
 .debug_pubtypes
                0x0000269d       0x1e build/obj/icu.o
 .debug_pubtypes
                0x000026bb       0x1e build/obj/mac.o
 .debug_pubtypes
                0x000026d9       0x84 build/obj/pal.o
 .debug_pubtypes
                0x0000275d       0x1e build/obj/pwm.o
 .debug_pubtypes
                0x0000277b       0x1e build/obj/sdc.o
 .debug_pubtypes
                0x00002799      0x287 build/obj/serial.o
 .debug_pubtypes
                0x00002a20       0x1e build/obj/spi.o
 .debug_pubtypes
                0x00002a3e       0x1e build/obj/uart.o
 .debug_pubtypes
                0x00002a5c       0x1e build/obj/usb.o
 .debug_pubtypes
                0x00002a7a       0x6e build/obj/tm.o
 .debug_pubtypes
                0x00002ae8       0x1e build/obj/mmc_spi.o
 .debug_pubtypes
                0x00002b06       0x1e build/obj/serial_usb.o
 .debug_pubtypes
                0x00002b24       0x1e build/obj/rtc.o
 .debug_pubtypes
                0x00002b42       0xce build/obj/stm32_dma.o
 .debug_pubtypes
                0x00002c10       0x93 build/obj/hal_lld.o
 .debug_pubtypes
                0x00002ca3      0x243 build/obj/adc_lld.o
 .debug_pubtypes
                0x00002ee6       0x1e build/obj/can_lld.o
 .debug_pubtypes
                0x00002f04       0x1e build/obj/ext_lld.o
 .debug_pubtypes
                0x00002f22       0x1e build/obj/gpt_lld.o
 .debug_pubtypes
                0x00002f40      0x26d build/obj/i2c_lld.o
 .debug_pubtypes
                0x000031ad       0x1e build/obj/icu_lld.o
 .debug_pubtypes
                0x000031cb       0x1e build/obj/mac_lld.o
 .debug_pubtypes
                0x000031e9       0x1e build/obj/pwm_lld.o
 .debug_pubtypes
                0x00003207      0x265 build/obj/serial_lld.o
 .debug_pubtypes
                0x0000346c       0x1e build/obj/sdc_lld.o
 .debug_pubtypes
                0x0000348a       0x1e build/obj/spi_lld.o
 .debug_pubtypes
                0x000034a8       0x1e build/obj/uart_lld.o
 .debug_pubtypes
                0x000034c6       0xaa build/obj/pal_lld.o
 .debug_pubtypes
                0x00003570       0x1e build/obj/usb_lld.o
 .debug_pubtypes
                0x0000358e       0x1e build/obj/rtc_lld.o
 .debug_pubtypes
                0x000035ac       0x50 build/obj/board.o
 .debug_pubtypes
                0x000035fc      0x18e build/obj/evtimer.o
 .debug_pubtypes
                0x0000378a      0x180 build/obj/syscalls.o
 .debug_pubtypes
                0x0000390a      0x20e build/obj/shell.o
 .debug_pubtypes
                0x00003b18       0xb5 build/obj/chprintf.o
 .debug_pubtypes
                0x00003bcd       0x92 build/obj/iwdg.o
 .debug_pubtypes
                0x00003c5f       0x92 build/obj/iwdg_lld.o
 .debug_pubtypes
                0x00003cf1       0x1e build/obj/main.o
 .debug_pubtypes
                0x00003d0f       0x85 build/obj/dac.o
 .debug_pubtypes
                0x00003d94      0x267 build/obj/cpu_io.o
 .debug_pubtypes
                0x00003ffb      0x149 build/obj/led_ctrl.o
 .debug_pubtypes
                0x00004144      0x2a7 build/obj/adc_ctrl.o
 .debug_pubtypes
                0x000043eb       0x59 build/obj/relay_ctrl.o
 .debug_pubtypes
                0x00004444       0x1d c:/programs/yagarto/bin/../lib/gcc/arm-none-eabi/4.5.0/../../../../arm-none-eabi/lib/thumb/v7m\libc.a(lib_a-memset.o)
 .debug_pubtypes
                0x00004461       0x12 c:/programs/yagarto/bin/../lib/gcc/arm-none-eabi/4.5.0/../../../../arm-none-eabi/lib/thumb/v7m\libc.a(lib_a-strcasecmp.o)
 .debug_pubtypes
                0x00004473       0x12 c:/programs/yagarto/bin/../lib/gcc/arm-none-eabi/4.5.0/../../../../arm-none-eabi/lib/thumb/v7m\libc.a(lib_a-strpbrk.o)
 .debug_pubtypes
                0x00004485       0x1d c:/programs/yagarto/bin/../lib/gcc/arm-none-eabi/4.5.0/../../../../arm-none-eabi/lib/thumb/v7m\libc.a(lib_a-strspn.o)

.debug_aranges  0x00000000     0x1330
 .debug_aranges
                0x00000000       0x38 build/obj/crt0.o
 .debug_aranges
                0x00000038       0x20 build/obj/vectors.o
 .debug_aranges
                0x00000058       0x20 build/obj/chcore.o
 .debug_aranges
                0x00000078       0x50 build/obj/chcore_v7m.o
 .debug_aranges
                0x000000c8       0x30 build/obj/nvic.o
 .debug_aranges
                0x000000f8       0x30 build/obj/chsys.o
 .debug_aranges
                0x00000128       0x88 build/obj/chdebug.o
 .debug_aranges
                0x000001b0       0x38 build/obj/chvt.o
 .debug_aranges
                0x000001e8       0x68 build/obj/chschd.o
 .debug_aranges
                0x00000250       0x90 build/obj/chthreads.o
 .debug_aranges
                0x000002e0       0x28 build/obj/chregistry.o
 .debug_aranges
                0x00000308       0x88 build/obj/chsem.o
 .debug_aranges
                0x00000390       0x70 build/obj/chmtx.o
 .debug_aranges
                0x00000400       0x70 build/obj/chcond.o
 .debug_aranges
                0x00000470       0x90 build/obj/chevents.o
 .debug_aranges
                0x00000500       0x40 build/obj/chmsg.o
 .debug_aranges
                0x00000540       0x70 build/obj/chmboxes.o
 .debug_aranges
                0x000005b0       0x80 build/obj/chqueues.o
 .debug_aranges
                0x00000630       0x38 build/obj/chmemcore.o
 .debug_aranges
                0x00000668       0xb0 build/obj/test.o
 .debug_aranges
                0x00000718       0x40 build/obj/testthd.o
 .debug_aranges
                0x00000758       0x70 build/obj/testsem.o
 .debug_aranges
                0x000007c8      0x108 build/obj/testmtx.o
 .debug_aranges
                0x000008d0       0x28 build/obj/testmsg.o
 .debug_aranges
                0x000008f8       0x28 build/obj/testmbox.o
 .debug_aranges
                0x00000920       0x70 build/obj/testevt.o
 .debug_aranges
                0x00000990       0x50 build/obj/testqueues.o
 .debug_aranges
                0x000009e0       0xd0 build/obj/testbmk.o
 .debug_aranges
                0x00000ab0       0x30 build/obj/hal.o
 .debug_aranges
                0x00000ae0       0x70 build/obj/adc.o
 .debug_aranges
                0x00000b50       0x68 build/obj/i2c.o
 .debug_aranges
                0x00000bb8       0x30 build/obj/pal.o
 .debug_aranges
                0x00000be8       0x90 build/obj/serial.o
 .debug_aranges
                0x00000c78       0x38 build/obj/tm.o
 .debug_aranges
                0x00000cb0       0x68 build/obj/stm32_dma.o
 .debug_aranges
                0x00000d18       0x30 build/obj/hal_lld.o
 .debug_aranges
                0x00000d48       0x48 build/obj/adc_lld.o
 .debug_aranges
                0x00000d90       0x98 build/obj/i2c_lld.o
 .debug_aranges
                0x00000e28       0x70 build/obj/serial_lld.o
 .debug_aranges
                0x00000e98       0x28 build/obj/pal_lld.o
 .debug_aranges
                0x00000ec0       0x28 build/obj/board.o
 .debug_aranges
                0x00000ee8       0x30 build/obj/evtimer.o
 .debug_aranges
                0x00000f18       0x50 build/obj/syscalls.o
 .debug_aranges
                0x00000f68       0x68 build/obj/shell.o
 .debug_aranges
                0x00000fd0       0x28 build/obj/chprintf.o
 .debug_aranges
                0x00000ff8       0x30 build/obj/iwdg.o
 .debug_aranges
                0x00001028       0x30 build/obj/iwdg_lld.o
 .debug_aranges
                0x00001058       0x20 build/obj/main.o
 .debug_aranges
                0x00001078       0x28 build/obj/dac.o
 .debug_aranges
                0x000010a0       0xc0 build/obj/cpu_io.o
 .debug_aranges
                0x00001160       0x48 build/obj/led_ctrl.o
 .debug_aranges
                0x000011a8       0xd8 build/obj/adc_ctrl.o
 .debug_aranges
                0x00001280       0x30 build/obj/relay_ctrl.o
 .debug_aranges
                0x000012b0       0x20 c:/programs/yagarto/bin/../lib/gcc/arm-none-eabi/4.5.0/../../../../arm-none-eabi/lib/thumb/v7m\libc.a(lib_a-memset.o)
 .debug_aranges
                0x000012d0       0x20 c:/programs/yagarto/bin/../lib/gcc/arm-none-eabi/4.5.0/../../../../arm-none-eabi/lib/thumb/v7m\libc.a(lib_a-strcasecmp.o)
 .debug_aranges
                0x000012f0       0x20 c:/programs/yagarto/bin/../lib/gcc/arm-none-eabi/4.5.0/../../../../arm-none-eabi/lib/thumb/v7m\libc.a(lib_a-strpbrk.o)
 .debug_aranges
                0x00001310       0x20 c:/programs/yagarto/bin/../lib/gcc/arm-none-eabi/4.5.0/../../../../arm-none-eabi/lib/thumb/v7m\libc.a(lib_a-strspn.o)

.debug_ranges   0x00000000      0xfa8
 .debug_ranges  0x00000000       0x28 build/obj/crt0.o
 .debug_ranges  0x00000028       0x10 build/obj/vectors.o
 .debug_ranges  0x00000038       0x10 build/obj/chcore.o
 .debug_ranges  0x00000048       0x40 build/obj/chcore_v7m.o
 .debug_ranges  0x00000088       0x20 build/obj/nvic.o
 .debug_ranges  0x000000a8       0x20 build/obj/chsys.o
 .debug_ranges  0x000000c8       0x78 build/obj/chdebug.o
 .debug_ranges  0x00000140       0x28 build/obj/chvt.o
 .debug_ranges  0x00000168       0x70 build/obj/chschd.o
 .debug_ranges  0x000001d8       0x80 build/obj/chthreads.o
 .debug_ranges  0x00000258       0x18 build/obj/chregistry.o
 .debug_ranges  0x00000270       0x78 build/obj/chsem.o
 .debug_ranges  0x000002e8       0x60 build/obj/chmtx.o
 .debug_ranges  0x00000348       0x60 build/obj/chcond.o
 .debug_ranges  0x000003a8       0x80 build/obj/chevents.o
 .debug_ranges  0x00000428       0x30 build/obj/chmsg.o
 .debug_ranges  0x00000458       0x60 build/obj/chmboxes.o
 .debug_ranges  0x000004b8       0x70 build/obj/chqueues.o
 .debug_ranges  0x00000528       0x28 build/obj/chmemcore.o
 .debug_ranges  0x00000550       0xa0 build/obj/test.o
 .debug_ranges  0x000005f0       0x30 build/obj/testthd.o
 .debug_ranges  0x00000620       0x60 build/obj/testsem.o
 .debug_ranges  0x00000680       0xf8 build/obj/testmtx.o
 .debug_ranges  0x00000778       0x18 build/obj/testmsg.o
 .debug_ranges  0x00000790       0x18 build/obj/testmbox.o
 .debug_ranges  0x000007a8       0x60 build/obj/testevt.o
 .debug_ranges  0x00000808       0x40 build/obj/testqueues.o
 .debug_ranges  0x00000848       0xc0 build/obj/testbmk.o
 .debug_ranges  0x00000908       0x20 build/obj/hal.o
 .debug_ranges  0x00000928       0x60 build/obj/adc.o
 .debug_ranges  0x00000988       0x58 build/obj/i2c.o
 .debug_ranges  0x000009e0       0x20 build/obj/pal.o
 .debug_ranges  0x00000a00       0x80 build/obj/serial.o
 .debug_ranges  0x00000a80       0x28 build/obj/tm.o
 .debug_ranges  0x00000aa8       0x58 build/obj/stm32_dma.o
 .debug_ranges  0x00000b00       0x20 build/obj/hal_lld.o
 .debug_ranges  0x00000b20       0x38 build/obj/adc_lld.o
 .debug_ranges  0x00000b58       0x88 build/obj/i2c_lld.o
 .debug_ranges  0x00000be0       0x60 build/obj/serial_lld.o
 .debug_ranges  0x00000c40       0x18 build/obj/pal_lld.o
 .debug_ranges  0x00000c58       0x18 build/obj/board.o
 .debug_ranges  0x00000c70       0x20 build/obj/evtimer.o
 .debug_ranges  0x00000c90       0x40 build/obj/syscalls.o
 .debug_ranges  0x00000cd0       0x58 build/obj/shell.o
 .debug_ranges  0x00000d28       0x18 build/obj/chprintf.o
 .debug_ranges  0x00000d40       0x20 build/obj/iwdg.o
 .debug_ranges  0x00000d60       0x20 build/obj/iwdg_lld.o
 .debug_ranges  0x00000d80       0x10 build/obj/main.o
 .debug_ranges  0x00000d90       0x18 build/obj/dac.o
 .debug_ranges  0x00000da8       0xb0 build/obj/cpu_io.o
 .debug_ranges  0x00000e58       0x38 build/obj/led_ctrl.o
 .debug_ranges  0x00000e90       0xc8 build/obj/adc_ctrl.o
 .debug_ranges  0x00000f58       0x20 build/obj/relay_ctrl.o
 .debug_ranges  0x00000f78       0x30 c:/programs/yagarto/bin/../lib/gcc/arm-none-eabi/4.5.0/../../../../arm-none-eabi/lib/thumb/v7m\libc.a(lib_a-strcasecmp.o)

.debug_str      0x00000000     0x3f77
 .debug_str     0x00000000      0x1d0 build/obj/crt0.o
                                0x209 (size before relaxing)
 .debug_str     0x000001d0       0x57 build/obj/vectors.o
                                0x117 (size before relaxing)
 .debug_str     0x00000227       0x38 build/obj/chcore.o
                                 0xf8 (size before relaxing)
 .debug_str     0x0000025f      0x29a build/obj/chcore_v7m.o
                                0x387 (size before relaxing)
 .debug_str     0x000004f9       0xc6 build/obj/nvic.o
                                0x1ef (size before relaxing)
 .debug_str     0x000005bf       0xdd build/obj/chsys.o
                                0x358 (size before relaxing)
 .debug_str     0x0000069c      0x1ae build/obj/chdebug.o
                                0x477 (size before relaxing)
 .debug_str     0x0000084a       0x29 build/obj/chlists.o
                                 0xe9 (size before relaxing)
 .debug_str     0x00000873       0x60 build/obj/chvt.o
                                0x19c (size before relaxing)
 .debug_str     0x000008d3       0xc9 build/obj/chschd.o
                                0x388 (size before relaxing)
 .debug_str     0x0000099c      0x113 build/obj/chthreads.o
                                0x3f3 (size before relaxing)
 .debug_str     0x00000aaf       0x2b build/obj/chdynamic.o
                                 0xeb (size before relaxing)
 .debug_str     0x00000ada       0x4d build/obj/chregistry.o
                                0x2c0 (size before relaxing)
 .debug_str     0x00000b27       0xd3 build/obj/chsem.o
                                0x36f (size before relaxing)
 .debug_str     0x00000bfa       0x95 build/obj/chmtx.o
                                0x32b (size before relaxing)
 .debug_str     0x00000c8f       0xbb build/obj/chcond.o
                                0x34b (size before relaxing)
 .debug_str     0x00000d4a      0x184 build/obj/chevents.o
                                0x401 (size before relaxing)
 .debug_str     0x00000ece       0x48 build/obj/chmsg.o
                                0x2d4 (size before relaxing)
 .debug_str     0x00000f16       0xed build/obj/chmboxes.o
                                0x334 (size before relaxing)
 .debug_str     0x00001003      0x11d build/obj/chqueues.o
                                0x3c1 (size before relaxing)
 .debug_str     0x00001120       0x86 build/obj/chmemcore.o
                                0x163 (size before relaxing)
 .debug_str     0x000011a6       0x28 build/obj/chheap.o
                                 0xe8 (size before relaxing)
 .debug_str     0x000011ce       0x2c build/obj/chmempools.o
                                 0xec (size before relaxing)
 .debug_str     0x000011fa      0x286 build/obj/test.o
                                0x5a6 (size before relaxing)
 .debug_str     0x00001480       0x78 build/obj/testthd.o
                                0x38a (size before relaxing)
 .debug_str     0x000014f8       0xe1 build/obj/testsem.o
                                0x3ff (size before relaxing)
 .debug_str     0x000015d9      0x19f build/obj/testmtx.o
                                0x4c9 (size before relaxing)
 .debug_str     0x00001778       0x36 build/obj/testmsg.o
                                0x2e8 (size before relaxing)
 .debug_str     0x000017ae       0x4a build/obj/testmbox.o
                                0x31d (size before relaxing)
 .debug_str     0x000017f8       0x8a build/obj/testevt.o
                                0x3fb (size before relaxing)
 .debug_str     0x00001882       0x21 build/obj/testheap.o
                                0x112 (size before relaxing)
 .debug_str     0x000018a3       0x22 build/obj/testpools.o
                                0x114 (size before relaxing)
 .debug_str     0x000018c5       0x20 build/obj/testdyn.o
                                0x110 (size before relaxing)
 .debug_str     0x000018e5       0x77 build/obj/testqueues.o
                                0x3cd (size before relaxing)
 .debug_str     0x0000195c      0x184 build/obj/testbmk.o
                                0x535 (size before relaxing)
 .debug_str     0x00001ae0       0xef build/obj/hal.o
                                0x1e2 (size before relaxing)
 .debug_str     0x00001bcf      0x2b5 build/obj/adc.o
                                0x55f (size before relaxing)
 .debug_str     0x00001e84       0x22 build/obj/can.o
                                 0xf7 (size before relaxing)
 .debug_str     0x00001ea6       0x22 build/obj/ext.o
                                 0xf7 (size before relaxing)
 .debug_str     0x00001ec8       0x22 build/obj/gpt.o
                                 0xf7 (size before relaxing)
 .debug_str     0x00001eea      0x2a6 build/obj/i2c.o
                                0x572 (size before relaxing)
 .debug_str     0x00002190       0x22 build/obj/icu.o
                                 0xf7 (size before relaxing)
 .debug_str     0x000021b2       0x22 build/obj/mac.o
                                 0xf7 (size before relaxing)
 .debug_str     0x000021d4       0x9e build/obj/pal.o
                                0x18d (size before relaxing)
 .debug_str     0x00002272       0x22 build/obj/pwm.o
                                 0xf7 (size before relaxing)
 .debug_str     0x00002294       0x22 build/obj/sdc.o
                                 0xf7 (size before relaxing)
 .debug_str     0x000022b6      0x176 build/obj/serial.o
                                0x50b (size before relaxing)
 .debug_str     0x0000242c       0x22 build/obj/spi.o
                                 0xf7 (size before relaxing)
 .debug_str     0x0000244e       0x23 build/obj/uart.o
                                 0xf8 (size before relaxing)
 .debug_str     0x00002471       0x22 build/obj/usb.o
                                 0xf7 (size before relaxing)
 .debug_str     0x00002493       0x74 build/obj/tm.o
                                0x1ac (size before relaxing)
 .debug_str     0x00002507       0x26 build/obj/mmc_spi.o
                                 0xfb (size before relaxing)
 .debug_str     0x0000252d       0x29 build/obj/serial_usb.o
                                 0xfe (size before relaxing)
 .debug_str     0x00002556       0x22 build/obj/rtc.o
                                 0xf7 (size before relaxing)
 .debug_str     0x00002578      0x427 build/obj/stm32_dma.o
                                0x596 (size before relaxing)
 .debug_str     0x0000299f       0xd7 build/obj/hal_lld.o
                                0x241 (size before relaxing)
 .debug_str     0x00002a76       0xc0 build/obj/adc_lld.o
                                0x580 (size before relaxing)
 .debug_str     0x00002b36       0x32 build/obj/can_lld.o
                                0x107 (size before relaxing)
 .debug_str     0x00002b68       0x32 build/obj/ext_lld.o
                                0x107 (size before relaxing)
 .debug_str     0x00002b9a       0x32 build/obj/gpt_lld.o
                                0x107 (size before relaxing)
 .debug_str     0x00002bcc      0x1cb build/obj/i2c_lld.o
                                0xa5c (size before relaxing)
 .debug_str     0x00002d97       0x32 build/obj/icu_lld.o
                                0x107 (size before relaxing)
 .debug_str     0x00002dc9       0x32 build/obj/mac_lld.o
                                0x107 (size before relaxing)
 .debug_str     0x00002dfb       0x32 build/obj/pwm_lld.o
                                0x107 (size before relaxing)
 .debug_str     0x00002e2d       0xae build/obj/serial_lld.o
                                0x801 (size before relaxing)
 .debug_str     0x00002edb       0x32 build/obj/sdc_lld.o
                                0x107 (size before relaxing)
 .debug_str     0x00002f0d       0x32 build/obj/spi_lld.o
                                0x107 (size before relaxing)
 .debug_str     0x00002f3f       0x33 build/obj/uart_lld.o
                                0x108 (size before relaxing)
 .debug_str     0x00002f72       0x69 build/obj/pal_lld.o
                                0x217 (size before relaxing)
 .debug_str     0x00002fdb       0x38 build/obj/usb_lld.o
                                0x10d (size before relaxing)
 .debug_str     0x00003013       0x38 build/obj/rtc_lld.o
                                0x10d (size before relaxing)
 .debug_str     0x0000304b       0x1a build/obj/board.o
                                0x158 (size before relaxing)
 .debug_str     0x00003065       0x5d build/obj/evtimer.o
                                0x2fc (size before relaxing)
 .debug_str     0x000030c2      0x4a9 build/obj/syscalls.o
                                0x5da (size before relaxing)
 .debug_str     0x0000356b      0x11a build/obj/shell.o
                                0x4af (size before relaxing)
 .debug_str     0x00003685       0x9a build/obj/chprintf.o
                                0x1e8 (size before relaxing)
 .debug_str     0x0000371f       0x8a build/obj/iwdg.o
                                0x18e (size before relaxing)
 .debug_str     0x000037a9       0x48 build/obj/iwdg_lld.o
                                0x1a0 (size before relaxing)
 .debug_str     0x000037f1       0x12 build/obj/main.o
                                 0xe7 (size before relaxing)
 .debug_str     0x00003803       0x8f build/obj/dac.o
                                0x1d9 (size before relaxing)
 .debug_str     0x00003892      0x147 build/obj/cpu_io.o
                                0x589 (size before relaxing)
 .debug_str     0x000039d9       0x5e build/obj/led_ctrl.o
                                0x30e (size before relaxing)
 .debug_str     0x00003a37      0x2de build/obj/adc_ctrl.o
                                0x7f4 (size before relaxing)
 .debug_str     0x00003d15       0x34 build/obj/relay_ctrl.o
                                0x13e (size before relaxing)
 .debug_str     0x00003d49       0xa4 c:/programs/yagarto/bin/../lib/gcc/arm-none-eabi/4.5.0/../../../../arm-none-eabi/lib/thumb/v7m\libc.a(lib_a-memset.o)
                                0x147 (size before relaxing)
 .debug_str     0x00003ded       0x66 c:/programs/yagarto/bin/../lib/gcc/arm-none-eabi/4.5.0/../../../../arm-none-eabi/lib/thumb/v7m\libc.a(lib_a-strcasecmp.o)
                                0x14c (size before relaxing)
 .debug_str     0x00003e53       0x48 c:/programs/yagarto/bin/../lib/gcc/arm-none-eabi/4.5.0/../../../../arm-none-eabi/lib/thumb/v7m\libc.a(lib_a-strpbrk.o)
                                0x12e (size before relaxing)
 .debug_str     0x00003e9b       0x46 c:/programs/yagarto/bin/../lib/gcc/arm-none-eabi/4.5.0/../../../../arm-none-eabi/lib/thumb/v7m\libc.a(lib_a-strspn.o)
                                0x133 (size before relaxing)
 .debug_str     0x00003ee1       0x96 c:/programs/yagarto/bin/../lib/gcc/arm-none-eabi/4.5.0/../../../../arm-none-eabi/lib/thumb/v7m\libc.a(lib_a-ctype_.o)
                                 0xb5 (size before relaxing)

.comment        0x00000000       0x11
 .comment       0x00000000       0x11 build/obj/crt0.o
                                 0x12 (size before relaxing)
 .comment       0x00000000       0x12 build/obj/vectors.o
 .comment       0x00000000       0x12 build/obj/chcore.o
 .comment       0x00000000       0x12 build/obj/chcore_v7m.o
 .comment       0x00000000       0x12 build/obj/nvic.o
 .comment       0x00000000       0x12 build/obj/chsys.o
 .comment       0x00000000       0x12 build/obj/chdebug.o
 .comment       0x00000000       0x12 build/obj/chlists.o
 .comment       0x00000000       0x12 build/obj/chvt.o
 .comment       0x00000000       0x12 build/obj/chschd.o
 .comment       0x00000000       0x12 build/obj/chthreads.o
 .comment       0x00000000       0x12 build/obj/chdynamic.o
 .comment       0x00000000       0x12 build/obj/chregistry.o
 .comment       0x00000000       0x12 build/obj/chsem.o
 .comment       0x00000000       0x12 build/obj/chmtx.o
 .comment       0x00000000       0x12 build/obj/chcond.o
 .comment       0x00000000       0x12 build/obj/chevents.o
 .comment       0x00000000       0x12 build/obj/chmsg.o
 .comment       0x00000000       0x12 build/obj/chmboxes.o
 .comment       0x00000000       0x12 build/obj/chqueues.o
 .comment       0x00000000       0x12 build/obj/chmemcore.o
 .comment       0x00000000       0x12 build/obj/chheap.o
 .comment       0x00000000       0x12 build/obj/chmempools.o
 .comment       0x00000000       0x12 build/obj/test.o
 .comment       0x00000000       0x12 build/obj/testthd.o
 .comment       0x00000000       0x12 build/obj/testsem.o
 .comment       0x00000000       0x12 build/obj/testmtx.o
 .comment       0x00000000       0x12 build/obj/testmsg.o
 .comment       0x00000000       0x12 build/obj/testmbox.o
 .comment       0x00000000       0x12 build/obj/testevt.o
 .comment       0x00000000       0x12 build/obj/testheap.o
 .comment       0x00000000       0x12 build/obj/testpools.o
 .comment       0x00000000       0x12 build/obj/testdyn.o
 .comment       0x00000000       0x12 build/obj/testqueues.o
 .comment       0x00000000       0x12 build/obj/testbmk.o
 .comment       0x00000000       0x12 build/obj/hal.o
 .comment       0x00000000       0x12 build/obj/adc.o
 .comment       0x00000000       0x12 build/obj/can.o
 .comment       0x00000000       0x12 build/obj/ext.o
 .comment       0x00000000       0x12 build/obj/gpt.o
 .comment       0x00000000       0x12 build/obj/i2c.o
 .comment       0x00000000       0x12 build/obj/icu.o
 .comment       0x00000000       0x12 build/obj/mac.o
 .comment       0x00000000       0x12 build/obj/pal.o
 .comment       0x00000000       0x12 build/obj/pwm.o
 .comment       0x00000000       0x12 build/obj/sdc.o
 .comment       0x00000000       0x12 build/obj/serial.o
 .comment       0x00000000       0x12 build/obj/spi.o
 .comment       0x00000000       0x12 build/obj/uart.o
 .comment       0x00000000       0x12 build/obj/usb.o
 .comment       0x00000000       0x12 build/obj/tm.o
 .comment       0x00000000       0x12 build/obj/mmc_spi.o
 .comment       0x00000000       0x12 build/obj/serial_usb.o
 .comment       0x00000000       0x12 build/obj/rtc.o
 .comment       0x00000000       0x12 build/obj/stm32_dma.o
 .comment       0x00000000       0x12 build/obj/hal_lld.o
 .comment       0x00000000       0x12 build/obj/adc_lld.o
 .comment       0x00000000       0x12 build/obj/can_lld.o
 .comment       0x00000000       0x12 build/obj/ext_lld.o
 .comment       0x00000000       0x12 build/obj/gpt_lld.o
 .comment       0x00000000       0x12 build/obj/i2c_lld.o
 .comment       0x00000000       0x12 build/obj/icu_lld.o
 .comment       0x00000000       0x12 build/obj/mac_lld.o
 .comment       0x00000000       0x12 build/obj/pwm_lld.o
 .comment       0x00000000       0x12 build/obj/serial_lld.o
 .comment       0x00000000       0x12 build/obj/sdc_lld.o
 .comment       0x00000000       0x12 build/obj/spi_lld.o
 .comment       0x00000000       0x12 build/obj/uart_lld.o
 .comment       0x00000000       0x12 build/obj/pal_lld.o
 .comment       0x00000000       0x12 build/obj/usb_lld.o
 .comment       0x00000000       0x12 build/obj/rtc_lld.o
 .comment       0x00000000       0x12 build/obj/board.o
 .comment       0x00000000       0x12 build/obj/evtimer.o
 .comment       0x00000000       0x12 build/obj/syscalls.o
 .comment       0x00000000       0x12 build/obj/shell.o
 .comment       0x00000000       0x12 build/obj/chprintf.o
 .comment       0x00000000       0x12 build/obj/iwdg.o
 .comment       0x00000000       0x12 build/obj/iwdg_lld.o
 .comment       0x00000000       0x12 build/obj/main.o
 .comment       0x00000000       0x12 build/obj/dac.o
 .comment       0x00000000       0x12 build/obj/cpu_io.o
 .comment       0x00000000       0x12 build/obj/led_ctrl.o
 .comment       0x00000000       0x12 build/obj/adc_ctrl.o
 .comment       0x00000000       0x12 build/obj/relay_ctrl.o
 .comment       0x00000000       0x12 c:/programs/yagarto/bin/../lib/gcc/arm-none-eabi/4.5.0/../../../../arm-none-eabi/lib/thumb/v7m\libc.a(lib_a-memset.o)
 .comment       0x00000000       0x12 c:/programs/yagarto/bin/../lib/gcc/arm-none-eabi/4.5.0/../../../../arm-none-eabi/lib/thumb/v7m\libc.a(lib_a-strcasecmp.o)
 .comment       0x00000000       0x12 c:/programs/yagarto/bin/../lib/gcc/arm-none-eabi/4.5.0/../../../../arm-none-eabi/lib/thumb/v7m\libc.a(lib_a-strpbrk.o)
 .comment       0x00000000       0x12 c:/programs/yagarto/bin/../lib/gcc/arm-none-eabi/4.5.0/../../../../arm-none-eabi/lib/thumb/v7m\libc.a(lib_a-strspn.o)
 .comment       0x00000000       0x12 c:/programs/yagarto/bin/../lib/gcc/arm-none-eabi/4.5.0/../../../../arm-none-eabi/lib/thumb/v7m\libc.a(lib_a-ctype_.o)

.ARM.attributes
                0x00000000       0x31
 .ARM.attributes
                0x00000000       0x31 build/obj/crt0.o
 .ARM.attributes
                0x00000031       0x31 build/obj/vectors.o
 .ARM.attributes
                0x00000062       0x31 build/obj/chcore.o
 .ARM.attributes
                0x00000093       0x31 build/obj/chcore_v7m.o
 .ARM.attributes
                0x000000c4       0x31 build/obj/nvic.o
 .ARM.attributes
                0x000000f5       0x31 build/obj/chsys.o
 .ARM.attributes
                0x00000126       0x31 build/obj/chdebug.o
 .ARM.attributes
                0x00000157       0x31 build/obj/chlists.o
 .ARM.attributes
                0x00000188       0x31 build/obj/chvt.o
 .ARM.attributes
                0x000001b9       0x31 build/obj/chschd.o
 .ARM.attributes
                0x000001ea       0x31 build/obj/chthreads.o
 .ARM.attributes
                0x0000021b       0x31 build/obj/chdynamic.o
 .ARM.attributes
                0x0000024c       0x31 build/obj/chregistry.o
 .ARM.attributes
                0x0000027d       0x31 build/obj/chsem.o
 .ARM.attributes
                0x000002ae       0x31 build/obj/chmtx.o
 .ARM.attributes
                0x000002df       0x31 build/obj/chcond.o
 .ARM.attributes
                0x00000310       0x31 build/obj/chevents.o
 .ARM.attributes
                0x00000341       0x31 build/obj/chmsg.o
 .ARM.attributes
                0x00000372       0x31 build/obj/chmboxes.o
 .ARM.attributes
                0x000003a3       0x31 build/obj/chqueues.o
 .ARM.attributes
                0x000003d4       0x31 build/obj/chmemcore.o
 .ARM.attributes
                0x00000405       0x31 build/obj/chheap.o
 .ARM.attributes
                0x00000436       0x31 build/obj/chmempools.o
 .ARM.attributes
                0x00000467       0x31 build/obj/test.o
 .ARM.attributes
                0x00000498       0x31 build/obj/testthd.o
 .ARM.attributes
                0x000004c9       0x31 build/obj/testsem.o
 .ARM.attributes
                0x000004fa       0x31 build/obj/testmtx.o
 .ARM.attributes
                0x0000052b       0x31 build/obj/testmsg.o
 .ARM.attributes
                0x0000055c       0x31 build/obj/testmbox.o
 .ARM.attributes
                0x0000058d       0x31 build/obj/testevt.o
 .ARM.attributes